Warning[w6]: Type conflict for external/entry "cSoundClearQueue", in module c_ui against external/entry in module c_sound; prototyped function vs K&R function
  /* In module c_ui: */
  /* K&R Function, args 0, attr 0 */
  int (__atpcs __interwork cSoundClearQueue)();
  /* In module c_sound: */
  /* Function, args 0, attr 0 */
  void (__atpcs __interwork cSoundClearQueue)(void);
Warning[w6]: Type conflict for external/entry "cSoundQueueFreq", in module c_ui against external/entry in module c_sound; prototyped function vs K&R function
  /* In module c_ui: */
  /* K&R Function, args 0, attr 0 */
  int (__atpcs __interwork cSoundQueueFreq)();
  /* In module c_sound: */
  /* Function, args 3, attr 0 */
  void (__atpcs __interwork cSoundQueueFreq)(UWORD,
                                             UWORD,
                                             UBYTE);
    typedef unsigned short UWORD;
    typedef unsigned char UBYTE;
Warning[w6]: Type conflict for external/entry "dSoundFreq", in module c_ui against external/entry in module d_sound; prototyped function vs K&R function
  /* In module c_ui: */
  /* K&R Function, args 0, attr 0 */
  int (__atpcs __interwork dSoundFreq)();
  /* In module d_sound: */
  /* Function, args 3, attr 0 */
  void (__atpcs __interwork dSoundFreq)(UWORD,
                                        UWORD,
                                        UBYTE);
    typedef unsigned short UWORD;
    typedef unsigned char UBYTE;
################################################################################
#                                                                              #
#      IAR Universal Linker V4.61A/386                                         #
#                                                                              #
#           Link time     =  18/Oct/2012  15:06:06                             #
#           Target CPU    =  ARM                                               #
#           List file     =  "C:\Documents and Settings\Lane Kolbly\My Documen #
#                            ts\GitHub\blindnxt\AT91SAM7S256\SAM7S256\Object\L #
#                            MS_ARM.map"                                       #
#           Output file 1 =  "C:\Documents and Settings\Lane Kolbly\My Documen #
#                            ts\GitHub\blindnxt\AT91SAM7S256\SAM7S256\Object\L #
#                            MS_ARM.rfw"                                       #
#                            Format: raw-binary                                #
#           Command line  =  "C:\Documents and Settings\Lane Kolbly\My Documen #
#                            ts\GitHub\blindnxt\AT91SAM7S256\SAM7S256\Object\C #
#                            startup.r79"                                      #
#                            "C:\Documents and Settings\Lane Kolbly\My Documen #
#                            ts\GitHub\blindnxt\AT91SAM7S256\SAM7S256\Object\C #
#                            startup_SAM7.r79"                                 #
#                            "C:\Documents and Settings\Lane Kolbly\My Documen #
#                            ts\GitHub\blindnxt\AT91SAM7S256\SAM7S256\Object\b #
#                            nxt_queue.r79"                                    #
#                            "C:\Documents and Settings\Lane Kolbly\My Documen #
#                            ts\GitHub\blindnxt\AT91SAM7S256\SAM7S256\Object\c #
#                            _button.r79"                                      #
#                            "C:\Documents and Settings\Lane Kolbly\My Documen #
#                            ts\GitHub\blindnxt\AT91SAM7S256\SAM7S256\Object\c #
#                            _cmd.r79"                                         #
#                            "C:\Documents and Settings\Lane Kolbly\My Documen #
#                            ts\GitHub\blindnxt\AT91SAM7S256\SAM7S256\Object\c #
#                            _comm.r79"                                        #
#                            "C:\Documents and Settings\Lane Kolbly\My Documen #
#                            ts\GitHub\blindnxt\AT91SAM7S256\SAM7S256\Object\c #
#                            _display.r79"                                     #
#                            "C:\Documents and Settings\Lane Kolbly\My Documen #
#                            ts\GitHub\blindnxt\AT91SAM7S256\SAM7S256\Object\c #
#                            _input.r79"                                       #
#                            "C:\Documents and Settings\Lane Kolbly\My Documen #
#                            ts\GitHub\blindnxt\AT91SAM7S256\SAM7S256\Object\c #
#                            _ioctrl.r79"                                      #
#                            "C:\Documents and Settings\Lane Kolbly\My Documen #
#                            ts\GitHub\blindnxt\AT91SAM7S256\SAM7S256\Object\c #
#                            _loader.r79"                                      #
#                            "C:\Documents and Settings\Lane Kolbly\My Documen #
#                            ts\GitHub\blindnxt\AT91SAM7S256\SAM7S256\Object\c #
#                            _lowspeed.r79"                                    #
#                            "C:\Documents and Settings\Lane Kolbly\My Documen #
#                            ts\GitHub\blindnxt\AT91SAM7S256\SAM7S256\Object\c #
#                            _output.r79"                                      #
#                            "C:\Documents and Settings\Lane Kolbly\My Documen #
#                            ts\GitHub\blindnxt\AT91SAM7S256\SAM7S256\Object\c #
#                            _sound.r79"                                       #
#                            "C:\Documents and Settings\Lane Kolbly\My Documen #
#                            ts\GitHub\blindnxt\AT91SAM7S256\SAM7S256\Object\c #
#                            _ui.r79"                                          #
#                            "C:\Documents and Settings\Lane Kolbly\My Documen #
#                            ts\GitHub\blindnxt\AT91SAM7S256\SAM7S256\Object\d #
#                            _bt.r79"                                          #
#                            "C:\Documents and Settings\Lane Kolbly\My Documen #
#                            ts\GitHub\blindnxt\AT91SAM7S256\SAM7S256\Object\d #
#                            _button.r79"                                      #
#                            "C:\Documents and Settings\Lane Kolbly\My Documen #
#                            ts\GitHub\blindnxt\AT91SAM7S256\SAM7S256\Object\d #
#                            _display.r79"                                     #
#                            "C:\Documents and Settings\Lane Kolbly\My Documen #
#                            ts\GitHub\blindnxt\AT91SAM7S256\SAM7S256\Object\d #
#                            _hispeed.r79"                                     #
#                            "C:\Documents and Settings\Lane Kolbly\My Documen #
#                            ts\GitHub\blindnxt\AT91SAM7S256\SAM7S256\Object\d #
#                            _input.r79"                                       #
#                            "C:\Documents and Settings\Lane Kolbly\My Documen #
#                            ts\GitHub\blindnxt\AT91SAM7S256\SAM7S256\Object\d #
#                            _ioctrl.r79"                                      #
#                            "C:\Documents and Settings\Lane Kolbly\My Documen #
#                            ts\GitHub\blindnxt\AT91SAM7S256\SAM7S256\Object\d #
#                            _loader.r79"                                      #
#                            "C:\Documents and Settings\Lane Kolbly\My Documen #
#                            ts\GitHub\blindnxt\AT91SAM7S256\SAM7S256\Object\d #
#                            _lowspeed.r79"                                    #
#                            "C:\Documents and Settings\Lane Kolbly\My Documen #
#                            ts\GitHub\blindnxt\AT91SAM7S256\SAM7S256\Object\d #
#                            _output.r79"                                      #
#                            "C:\Documents and Settings\Lane Kolbly\My Documen #
#                            ts\GitHub\blindnxt\AT91SAM7S256\SAM7S256\Object\d #
#                            _sound.r79"                                       #
#                            "C:\Documents and Settings\Lane Kolbly\My Documen #
#                            ts\GitHub\blindnxt\AT91SAM7S256\SAM7S256\Object\d #
#                            _timer.r79"                                       #
#                            "C:\Documents and Settings\Lane Kolbly\My Documen #
#                            ts\GitHub\blindnxt\AT91SAM7S256\SAM7S256\Object\d #
#                            _usb.r79"                                         #
#                            "C:\Documents and Settings\Lane Kolbly\My Documen #
#                            ts\GitHub\blindnxt\AT91SAM7S256\SAM7S256\Object\m #
#                            _sched.r79"                                       #
#                            -o                                                #
#                            "C:\Documents and Settings\Lane Kolbly\My Documen #
#                            ts\GitHub\blindnxt\AT91SAM7S256\SAM7S256\Object\L #
#                            MS_ARM.rfw"                                       #
#                            -Fraw-binary -l                                   #
#                            "C:\Documents and Settings\Lane Kolbly\My Documen #
#                            ts\GitHub\blindnxt\AT91SAM7S256\SAM7S256\Object\L #
#                            MS_ARM.map"                                       #
#                            -xms -f                                           #
#                            "C:\Documents and Settings\Lane Kolbly\My Documen #
#                            ts\GitHub\blindnxt\AT91SAM7S256\SAM7S256\Tools\at #
#                            91SAM7S256_Remap.xcl"                             #
#                            (-carm -Z(CONST)INTRAMSTART=00200000              #
#                            -Z(CONST)INTRAMEND_BEFORE_REMAP=00210000          #
#                            -Z(CONST)INTRAMEND_REMAP=00010000                 #
#                            -DROMSTART=00100000 -DROMEND=0013FFFF             #
#                            -DRAMSTART=00000100 -DRAMEND=0000FFFF             #
#                            -Z(CODE)INTVEC=00-3F                              #
#                            -Z(CODE)ICODE,DIFUNCT=ROMSTART-ROMEND             #
#                            -Z(CODE)SWITAB=ROMSTART-ROMEND                    #
#                            -Z(CODE)CODE=ROMSTART-ROMEND                      #
#                            -Z(CONST)INITTAB,DATA_ID,DATA_C=ROMSTART-ROMEND   #
#                            -Z(CONST)CHECKSUM=ROMSTART-ROMEND                 #
#                            -Z(DATA)DATA_I,DATA_Z,DATA_N=RAMSTART-RAMEND      #
#                            -Z(DATA)CODE_I=RAMSTART-RAMEND                    #
#                            -Z(CONST)CODE_ID=ROMSTART-ROMEND                  #
#                            -QCODE_I=CODE_ID -D_CSTACK_SIZE=(100*4)           #
#                            -D_IRQ_STACK_SIZE=(3*8*4)                         #
#                            -Z(DATA)CSTACK+_CSTACK_SIZE=RAMSTART-RAMEND       #
#                            -Z(DATA)IRQ_STACK+_IRQ_STACK_SIZE=RAMSTART-RAMEND) #
#                            "C:\Documents and Settings\Lane Kolbly\My Documen #
#                            ts\GitHub\blindnxt\AT91SAM7S256\SAM7S256\Tools\.. #
#                            \Lib\dl4tptinl8n.r79"                             #
#                                                                              #
#                        Copyright 1987-2007 IAR Systems. All rights reserved. #
################################################################################





                ****************************************
                *                                      *
                *           CROSS REFERENCE            *
                *                                      *
                ****************************************

                  There are no program entries.




                ****************************************
                *                                      *
                *            RUNTIME MODEL             *
                *                                      *
                ****************************************

  ARMv4M                     = USED
  ARMv4T                     = USED
  StackAlign4                = USED
  StackAlign8                = USED
  __cpu_mode                 = __pcs__interwork
  __data_model               = absolute
  __dlib_file_descriptor     = 0
  __dlib_full_locale_support = 0
  __endian                   = little
  __rt_version               = 6



                ****************************************
                *                                      *
                *              MODULE MAP              *
                *                                      *
                ****************************************


  DEFINED ABSOLUTE ENTRIES
    *************************************************************************

  DEFINED ABSOLUTE ENTRIES
  PROGRAM MODULE, NAME : ?ABS_ENTRY_MOD

Absolute parts
           ENTRY                   ADDRESS         REF BY
           =====                   =======         ======
           _IRQ_STACK_SIZE         00000060 
           _CSTACK_SIZE            00000400 
           RAMEND                  0000FFFF 
           RAMSTART                00000100 
           ROMEND                  0013FFFF 
           ROMSTART                00100000 
    *************************************************************************

  FILE NAME : C:\Documents and Settings\Lane Kolbly\My Documents\GitHub\blindnxt\AT91SAM7S256\SAM7S256\Object\Cstartup.r79
  PROGRAM MODULE, NAME : ?RESET

  SEGMENTS IN THE MODULE
  ======================
ICODE
  Relative segment, address: 00100000 - 001000A3 (0xa4 bytes), align: 2
  Segment part 0. ROOT.
           ENTRY                   ADDRESS         REF BY
           =====                   =======         ======
           reset                   00100000        Segment part 3 (?RESET_init)
           AT91F_Default_FIQ_handler
                                   00100094        AT91F_LowLevelInit (Cstartup_SAM7)
           AT91F_Default_IRQ_handler
                                   00100098        AT91F_LowLevelInit (Cstartup_SAM7)
           AT91F_Spurious_handler
                                   0010009C        AT91F_LowLevelInit (Cstartup_SAM7)
           LOCAL                   ADDRESS         
           =====                   =======         
           undefvec                00100004 
           swivec                  00100008 
           pabtvec                 0010000C 
           dabtvec                 00100010 
           rsvdvec                 00100014 
           irqvec                  00100018 
           IRQ_Handler_Entry       00100044 
           fiqvec                  0010001C 
           FIQ_Handler_Entry       0010001C 
           _?0                     001000A0 

    -------------------------------------------------------------------------
  PROGRAM MODULE, NAME : ?RESET_init

  SEGMENTS IN THE MODULE
  ======================
INTRAMEND_REMAP
  Relative segment, address: 00010000, align: 2
  Segment part 0. ROOT.
    -------------------------------------------------------------------------
INTRAMSTART
  Relative segment, address: 00200000, align: 2
  Segment part 1. ROOT.
    -------------------------------------------------------------------------
INTRAMEND_BEFORE_REMAP
  Relative segment, address: 00210000, align: 2
  Segment part 2. ROOT.
    -------------------------------------------------------------------------
ICODE
  Relative segment, address: 001000A4 - 0010015B (0xb8 bytes), align: 2
  Segment part 3. ROOT.
           ENTRY                   ADDRESS         REF BY
           =====                   =======         ======
           InitReset               001000A4        Segment part 0 (?RESET)
           __main                  00100130 
           LOCAL                   ADDRESS         
           =====                   =======         
           add_pc                  001000C0 
           add_pc_1                001000C4 
           copy                    001000D4 
           PtInitRemap             00100118 
           InitRemap               0010011C 
           ?jump_to_main           00100128 
           ?call_exit              00100134 
           End                     00100134 
           _?0                     00100138 
           _?1                     0010013C 
           _?2                     00100140 
           _?3                     00100144 
           _?4                     00100148 
           _?5                     0010014C 
           _?6                     00100150 
           _?7                     00100154 
           _?8                     00100158 

    *************************************************************************

  FILE NAME : C:\Documents and Settings\Lane Kolbly\My Documents\GitHub\blindnxt\AT91SAM7S256\SAM7S256\Object\Cstartup_SAM7.r79
  PROGRAM MODULE, NAME : Cstartup_SAM7

  SEGMENTS IN THE MODULE
  ======================
ICODE
  Relative segment, address: 0010015C - 00100203 (0xa8 bytes), align: 2
  Segment part 2.
           ENTRY                   ADDRESS         REF BY
           =====                   =======         ======
           AT91F_LowLevelInit      0010015D        Segment part 3 (?RESET_init)
               stack 1 = 00000000 ( 00000008 )

    *************************************************************************

  FILE NAME : C:\Documents and Settings\Lane Kolbly\My Documents\GitHub\blindnxt\AT91SAM7S256\SAM7S256\Object\bnxt_queue.r79
  PROGRAM MODULE, NAME : bnxt_queue

  SEGMENTS IN THE MODULE
  ======================
CODE
  Relative segment, address: 00100258 - 00100259 (0x2 bytes), align: 2
  Segment part 3.
           ENTRY                   ADDRESS         REF BY
           =====                   =======         ======
           bnxtQueueClear          00100259        cSoundClearQueue (c_sound)
    -------------------------------------------------------------------------
CODE
  Relative segment, address: 0010025C, align: 2
  Segment part 5.
           ENTRY                   ADDRESS         REF BY
           =====                   =======         ======
           bnxtQueueInit           0010025D        cSoundInit (c_sound)
    -------------------------------------------------------------------------
CODE
  Relative segment, address: 0010025C - 00100263 (0x8 bytes), align: 2
  Segment part 6.             Intra module refs:   bnxtQueueClear
                                                   bnxtQueueInit
           LOCAL                   ADDRESS         
           =====                   =======         
           ?Subroutine6            0010025D 
    -------------------------------------------------------------------------
CODE
  Relative segment, address: 00100264 - 00100291 (0x2e bytes), align: 2
  Segment part 8.
           ENTRY                   ADDRESS         REF BY
           =====                   =======         ======
           bnxtQueuePush           00100265        cSoundQueueFreq (c_sound)
               stack 1 = 00000000 ( 00000004 )
    -------------------------------------------------------------------------
CODE
  Relative segment, address: 00100294 - 001002CF (0x3c bytes), align: 2
  Segment part 10.
           ENTRY                   ADDRESS         REF BY
           =====                   =======         ======
           bnxtQueuePop            00100295        cSoundCtrl (c_sound)
               stack 1 = 00000000 ( 00000014 )
    -------------------------------------------------------------------------
CODE
  Relative segment, address: 001002D0 - 001002DD (0xe bytes), align: 2
  Segment part 14.
           ENTRY                   ADDRESS         REF BY
           =====                   =======         ======
           bnxtQueueLength         001002D1        cSoundCtrl (c_sound)
               stack 1 = 00000000 ( 00000004 )

    *************************************************************************

  FILE NAME : C:\Documents and Settings\Lane Kolbly\My Documents\GitHub\blindnxt\AT91SAM7S256\SAM7S256\Object\c_button.r79
  PROGRAM MODULE, NAME : c_button

  SEGMENTS IN THE MODULE
  ======================
DATA_Z
  Relative segment, address: 000007D4 - 000007F7 (0x24 bytes), align: 2
  Segment part 2.             Intra module refs:   Segment part 10
                                                   cButton
           LOCAL                   ADDRESS         
           =====                   =======         
           IOMapButton             000007D4 
    -------------------------------------------------------------------------
DATA_Z
  Relative segment, address: 000007F8 - 00000804 (0xd bytes), align: 2
  Segment part 3.             Intra module refs:   Segment part 9
                                                   cButton
                                                   cButtonCtrl
           LOCAL                   ADDRESS         
           =====                   =======         
           BtnCnt                  00000804 
           VarsButton              000007F8 
    -------------------------------------------------------------------------
DATA_C
  Relative segment, address: 0011A16C - 0011A19F (0x34 bytes), align: 2
  Segment part 4.
           ENTRY                   ADDRESS         REF BY
           =====                   =======         ======
           cButton                 0011A16C        Segment part 5 (m_sched)
    -------------------------------------------------------------------------
CODE
  Relative segment, address: 001002E0 - 0010031B (0x3c bytes), align: 2
  Segment part 6.             Intra module refs:   cButton
           ENTRY                   ADDRESS         REF BY
           =====                   =======         ======
           cButtonInit             001002E1 
               stack 1 = 00000000 ( 0000000C )
    -------------------------------------------------------------------------
CODE
  Relative segment, address: 0010031C - 0010041F (0x104 bytes), align: 2
  Segment part 8.             Intra module refs:   cButton
           ENTRY                   ADDRESS         REF BY
           =====                   =======         ======
           cButtonCtrl             0010031D 
               stack 1 = 00000000 ( 00000018 )
    -------------------------------------------------------------------------
CODE
  Relative segment, address: 00100420 - 00100423 (0x4 bytes), align: 2
  Segment part 9.             Intra module refs:   cButtonCtrl
                                                   cButtonInit
    -------------------------------------------------------------------------
CODE
  Relative segment, address: 00100424 - 00100427 (0x4 bytes), align: 2
  Segment part 10.            Intra module refs:   cButtonCtrl
                                                   cButtonInit
    -------------------------------------------------------------------------
CODE
  Relative segment, address: 00100428 - 00100431 (0xa bytes), align: 2
  Segment part 12.            Intra module refs:   cButton
           ENTRY                   ADDRESS         REF BY
           =====                   =======         ======
           cButtonExit             00100429 
               stack 1 = 00000000 ( 00000004 )
    -------------------------------------------------------------------------
INITTAB
  Relative segment, address: 00119A74 - 00119A7F (0xc bytes), align: 2
  Segment part 16. ROOT.
           ENTRY                   ADDRESS         REF BY
           =====                   =======         ======
           ?init?tab?DATA_Z        00119A74 

    *************************************************************************

  FILE NAME : C:\Documents and Settings\Lane Kolbly\My Documents\GitHub\blindnxt\AT91SAM7S256\SAM7S256\Object\c_cmd.r79
  PROGRAM MODULE, NAME : c_cmd

  SEGMENTS IN THE MODULE
  ======================
DATA_Z
  Relative segment, address: 00000808 - 00008B43 (0x833c bytes), align: 2
  Segment part 12.            Intra module refs:   ?Subroutine176
                                                   Segment part 108
                                                   Segment part 109
                                                   Segment part 112
                                                   Segment part 116
                                                   Segment part 122
                                                   Segment part 135
                                                   Segment part 149
                                                   Segment part 159
                                                   Segment part 166
                                                   Segment part 172
                                                   Segment part 177
                                                   Segment part 186
                                                   Segment part 187
                                                   Segment part 188
                                                   Segment part 192
                                                   Segment part 195
                                                   Segment part 200
                                                   Segment part 204
                                                   Segment part 205
                                                   Segment part 206
                                                   Segment part 209
                                                   Segment part 226
                                                   Segment part 227
                                                   Segment part 228
                                                   Segment part 235
                                                   Segment part 280
                                                   Segment part 283
                                                   Segment part 293
                                                   Segment part 303
                                                   Segment part 306
                                                   Segment part 318
                                                   Segment part 327
                                                   Segment part 332
                                                   Segment part 340
                                                   Segment part 351
                                                   Segment part 354
                                                   Segment part 369
                                                   Segment part 384
                                                   Segment part 414
                                                   Segment part 445
                                                   Segment part 453
                                                   Segment part 458
                                                   Segment part 475
                                                   Segment part 482
                                                   Segment part 511
                                                   Segment part 520
                                                   Segment part 81
                                                   Segment part 87
                                                   Segment part 95
                                                   Segment part 98
                                                   cCmd
                                                   cCmdActivateProgram
                                                   cCmdAllocDopeVector
                                                   cCmdHandleRemoteCommands
                                                   cCmdInit
                                                   cCmdInterpOther
                                                   cCmdInterpPolyBinop
                                                   cCmdInterpUnop2
                                                   cCmdIsClumpIDSane
                                                   cCmdWrapGetStartTick
           LOCAL                   ADDRESS         
           =====                   =======         
           IOMapCmd                00000808 
           VarsCmd                 00008844 
    -------------------------------------------------------------------------
DATA_C
  Relative segment, address: 0011A1A0 - 0011A1A7 (0x8 bytes), align: 2
  Segment part 2.             Intra module refs:   cCmdLoadCalibrationFiles
    -------------------------------------------------------------------------
DATA_C
  Relative segment, address: 0011A1A8 - 0011A1B7 (0x10 bytes), align: 2
  Segment part 3.             Intra module refs:   Segment part 107
                                                   Segment part 94
    -------------------------------------------------------------------------
DATA_C
  Relative segment, address: 0011A1B8 - 0011A1BF (0x8 bytes), align: 2
  Segment part 4.             Intra module refs:   cCmdCopyBitMapBits
    -------------------------------------------------------------------------
DATA_C
  Relative segment, address: 0011A1C0 - 0011A1C7 (0x8 bytes), align: 2
  Segment part 6.             Intra module refs:   cCmdInterpUnop2
    -------------------------------------------------------------------------
DATA_C
  Relative segment, address: 0011A1C8 - 0011A1CF (0x8 bytes), align: 2
  Segment part 9.             Intra module refs:   cCmdInterpUnop2
    -------------------------------------------------------------------------
DATA_C
  Relative segment, address: 0011A1D0 - 0011A1D7 (0x8 bytes), align: 2
  Segment part 10.            Intra module refs:   cCmdInterpUnop2
    -------------------------------------------------------------------------
DATA_C
  Relative segment, address: 0011A1D8 - 0011A1DF (0x8 bytes), align: 2
  Segment part 11.            Intra module refs:   cCmdInterpUnop2
    -------------------------------------------------------------------------
DATA_C
  Relative segment, address: 0011A1E0 - 0011A213 (0x34 bytes), align: 2
  Segment part 17.
           ENTRY                   ADDRESS         REF BY
           =====                   =======         ======
           cCmd                    0011A1E0        Segment part 5 (m_sched)
    -------------------------------------------------------------------------
CODE
  Relative segment, address: 00100434 - 0010047D (0x4a bytes), align: 2
  Segment part 40.            Intra module refs:   Segment part 24
           ENTRY                   ADDRESS         REF BY
           =====                   =======         ======
           cCmdWrapDrawText        00100435 
               stack 1 = 00000000 ( 0000000C )
    -------------------------------------------------------------------------
CODE
  Relative segment, address: 00100480 - 001004B7 (0x38 bytes), align: 2
  Segment part 42.            Intra module refs:   Segment part 24
           ENTRY                   ADDRESS         REF BY
           =====                   =======         ======
           cCmdWrapDrawPoint       00100481 
               stack 1 = 00000000 ( 0000000C )
    -------------------------------------------------------------------------
CODE
  Relative segment, address: 001004B8 - 001004F7 (0x40 bytes), align: 2
  Segment part 44.            Intra module refs:   Segment part 24
           ENTRY                   ADDRESS         REF BY
           =====                   =======         ======
           cCmdWrapDrawLine        001004B9 
               stack 1 = 00000000 ( 00000010 )
    -------------------------------------------------------------------------
CODE
  Relative segment, address: 001004F8 - 001005C1 (0xca bytes), align: 2
  Segment part 46.            Intra module refs:   Segment part 24
           ENTRY                   ADDRESS         REF BY
           =====                   =======         ======
           cCmdWrapDrawCircle      001004F9 
               stack 1 = 00000000 ( 0000002C )
    -------------------------------------------------------------------------
CODE
  Relative segment, address: 001005C4 - 00100603 (0x40 bytes), align: 2
  Segment part 48.            Intra module refs:   Segment part 24
           ENTRY                   ADDRESS         REF BY
           =====                   =======         ======
           cCmdWrapDrawRect        001005C5 
               stack 1 = 00000000 ( 00000010 )
    -------------------------------------------------------------------------
CODE
  Relative segment, address: 00100604 - 00100607 (0x4 bytes), align: 2
  Segment part 49.            Intra module refs:   cCmdWrapDrawCircle
                                                   cCmdWrapDrawLine
                                                   cCmdWrapDrawPoint
                                                   cCmdWrapDrawRect
                                                   cCmdWrapDrawText
    -------------------------------------------------------------------------
CODE
  Relative segment, address: 00100608 - 0010061B (0x14 bytes), align: 2
  Segment part 51.            Intra module refs:   cCmdResolveValue
                                                   cCmdWrapDrawPicture
           ENTRY                   ADDRESS         REF BY
           =====                   =======         ======
           cCmdGetIMGData          00100609 
               stack 1 = 00000000 ( 00000004 )
    -------------------------------------------------------------------------
CODE
  Relative segment, address: 0010061C - 0010062F (0x14 bytes), align: 2
  Segment part 53.            Intra module refs:   cCmdWrapDrawPicture
           ENTRY                   ADDRESS         REF BY
           =====                   =======         ======
           cCmdSetIMGData          0010061D 
               stack 1 = 00000000 ( 00000004 )
    -------------------------------------------------------------------------
CODE
  Relative segment, address: 00100630 - 00100633 (0x4 bytes), align: 2
  Segment part 54.            Intra module refs:   cCmdGetIMGData
                                                   cCmdSetIMGData
    -------------------------------------------------------------------------
CODE
  Relative segment, address: 00100634 - 001006A3 (0x70 bytes), align: 2
  Segment part 56.            Intra module refs:   cCmdWrapDrawPicture
           ENTRY                   ADDRESS         REF BY
           =====                   =======         ======
           cCmdResolveValue        00100635 
               stack 1 = 00000000 ( 00000014 )
    -------------------------------------------------------------------------
CODE
  Relative segment, address: 001006A4 - 00100957 (0x2b4 bytes), align: 2
  Segment part 58.            Intra module refs:   Segment part 24
           ENTRY                   ADDRESS         REF BY
           =====                   =======         ======
           cCmdWrapDrawPicture     001006A5 
               stack 1 = 00000000 ( 00000058 )
    -------------------------------------------------------------------------
CODE
  Relative segment, address: 00100958 - 0010095B (0x4 bytes), align: 2
  Segment part 59.            Intra module refs:   cCmdResolveValue
                                                   cCmdWrapDrawPicture
    -------------------------------------------------------------------------
CODE
  Relative segment, address: 0010095C - 0010095F (0x4 bytes), align: 2
  Segment part 60.            Intra module refs:   cCmdWrapDrawPicture
    -------------------------------------------------------------------------
CODE
  Relative segment, address: 00100960 - 00100963 (0x4 bytes), align: 2
  Segment part 61.            Intra module refs:   cCmdWrapDrawPicture
    -------------------------------------------------------------------------
CODE
  Relative segment, address: 00100964 - 001009FB (0x98 bytes), align: 2
  Segment part 63.            Intra module refs:   cCmdDrawRect
                                                   cCmdWrapDrawLine
                                                   cCmdWrapDrawPicture
           ENTRY                   ADDRESS         REF BY
           =====                   =======         ======
           cCmdDrawLine            00100965 
               stack 1 = 00000000 ( 00000028 )
    -------------------------------------------------------------------------
CODE
  Relative segment, address: 001009FC - 00100A33 (0x38 bytes), align: 2
  Segment part 65.            Intra module refs:   cCmdWrapDrawPicture
                                                   cCmdWrapDrawRect
           ENTRY                   ADDRESS         REF BY
           =====                   =======         ======
           cCmdDrawRect            001009FD 
               stack 1 = 00000000 ( 00000014 )
    -------------------------------------------------------------------------
CODE
  Relative segment, address: 00100A34 - 00100A39 (0x6 bytes), align: 2
  Segment part 66.            Intra module refs:   cCmdCopyBitMapBits
                                                   cCmdCtrl
                                                   cCmdDrawLine
                                                   cCmdDrawRect
                                                   cCmdDrawString
                                                   cCmdInit
                                                   cCmdLoadCalibrationFiles
           LOCAL                   ADDRESS         
           =====                   =======         
           ?Subroutine173          00100A35 
    -------------------------------------------------------------------------
CODE
  Relative segment, address: 00100A3C - 00100B43 (0x108 bytes), align: 2
  Segment part 68.            Intra module refs:   cCmdWrapDrawPicture
           ENTRY                   ADDRESS         REF BY
           =====                   =======         ======
           cCmdCopyBitMapBits      00100A3D 
               stack 1 = 00000000 ( 00000040 )
    -------------------------------------------------------------------------
CODE
  Relative segment, address: 00100B44 - 00100B77 (0x34 bytes), align: 2
  Segment part 70.            Intra module refs:   cCmdDrawLine
                                                   cCmdWrapDrawCircle
                                                   cCmdWrapDrawPicture
                                                   cCmdWrapDrawPoint
           ENTRY                   ADDRESS         REF BY
           =====                   =======         ======
           cCmdSetPixel            00100B45 
               stack 1 = 00000000 ( 00000014 )
    -------------------------------------------------------------------------
CODE
  Relative segment, address: 00100B78 - 00100B8B (0x14 bytes), align: 2
  Segment part 72.            Intra module refs:   Segment part 24
           ENTRY                   ADDRESS         REF BY
           =====                   =======         ======
           cCmdWrapSetScreenMode   00100B79 
               stack 1 = 00000000 ( 00000008 )
    -------------------------------------------------------------------------
CODE
  Relative segment, address: 00100B8C - 00100BCF (0x44 bytes), align: 2
  Segment part 74.            Intra module refs:   cCmdWrapDrawCircle
                                                   cCmdWrapDrawLine
                                                   cCmdWrapDrawPicture
                                                   cCmdWrapDrawPoint
                                                   cCmdWrapDrawRect
                                                   cCmdWrapDrawText
           ENTRY                   ADDRESS         REF BY
           =====                   =======         ======
           cCmdClearScreenIfNeeded
                                   00100B8D 
               stack 1 = 00000000 ( 00000014 )
    -------------------------------------------------------------------------
CODE
  Relative segment, address: 00100BD0 - 00100C2F (0x60 bytes), align: 2
  Segment part 76.            Intra module refs:   cCmdWrapDrawPicture
                                                   cCmdWrapDrawText
           ENTRY                   ADDRESS         REF BY
           =====                   =======         ======
           cCmdDrawString          00100BD1 
               stack 1 = 00000000 ( 00000014 )
    -------------------------------------------------------------------------
CODE
  Relative segment, address: 00100C30 - 00100C33 (0x4 bytes), align: 2
  Segment part 77.            Intra module refs:   cCmdCopyBitMapBits
                                                   cCmdDrawString
                                                   cCmdSetPixel
    -------------------------------------------------------------------------
CODE
  Relative segment, address: 00100C34 - 00100C73 (0x40 bytes), align: 2
  Segment part 79.            Intra module refs:   cCmdCtrl
                                                   cCmdWrapSetScreenMode
           ENTRY                   ADDRESS         REF BY
           =====                   =======         ======
           cCmdRestoreDefaultScreen
                                   00100C35 
               stack 1 = 00000000 ( 00000014 )
    -------------------------------------------------------------------------
CODE
  Relative segment, address: 00100C74 - 00100C79 (0x6 bytes), align: 2
  Segment part 80.            Intra module refs:   cCmdClearScreenIfNeeded
                                                   cCmdEnQClump
                                                   cCmdRestoreDefaultScreen
           LOCAL                   ADDRESS         
           =====                   =======         
           ?Subroutine175          00100C75 
    -------------------------------------------------------------------------
CODE
  Relative segment, address: 00100C7C - 00100C7F (0x4 bytes), align: 2
  Segment part 81.            Intra module refs:   cCmdClearScreenIfNeeded
                                                   cCmdRestoreDefaultScreen
    -------------------------------------------------------------------------
CODE
  Relative segment, address: 00100C80 - 00100C83 (0x4 bytes), align: 2
  Segment part 82.            Intra module refs:   cCmdClearScreenIfNeeded
                                                   cCmdRestoreDefaultScreen
    -------------------------------------------------------------------------
DATA_Z
  Relative segment, address: 00008B44 - 00008BA3 (0x60 bytes), align: 2
  Segment part 31.            Intra module refs:   Segment part 30
                                                   cCmdInit
           ENTRY                   ADDRESS         REF BY
           =====                   =======         ======
           IO_PTRS_IN              00008B44 
    -------------------------------------------------------------------------
DATA_Z
  Relative segment, address: 00008BA4 - 00008C57 (0xb4 bytes), align: 2
  Segment part 32.            Intra module refs:   Segment part 30
                                                   cCmdInit
           ENTRY                   ADDRESS         REF BY
           =====                   =======         ======
           IO_PTRS_OUT             00008BA4 
    -------------------------------------------------------------------------
CODE
  Relative segment, address: 00100C84 - 00100CD3 (0x50 bytes), align: 2
  Segment part 84.            Intra module refs:   cCmdHandleRemoteCommands
           ENTRY                   ADDRESS         REF BY
           =====                   =======         ======
           cCmdBTGetDeviceType     00100C85 
               stack 1 = 00000000 ( 00000008 )
    -------------------------------------------------------------------------
CODE
  Relative segment, address: 00100CD4 - 001015CF (0x8fc bytes), align: 2
  Segment part 86.            Intra module refs:   cCmdInit
           ENTRY                   ADDRESS         REF BY
           =====                   =======         ======
           cCmdHandleRemoteCommands
                                   00100CD5 
               stack 1 = 00000000 ( 0000003C )
    -------------------------------------------------------------------------
CODE
  Relative segment, address: 001015D0 - 001015D3 (0x4 bytes), align: 2
  Segment part 87.            Intra module refs:   cCmdHandleRemoteCommands
    -------------------------------------------------------------------------
CODE
  Relative segment, address: 001015D4 - 001015D7 (0x4 bytes), align: 2
  Segment part 88.            Intra module refs:   cCmdHandleRemoteCommands
    -------------------------------------------------------------------------
CODE
  Relative segment, address: 001015D8 - 001015DB (0x4 bytes), align: 2
  Segment part 89.            Intra module refs:   cCmdHandleRemoteCommands
    -------------------------------------------------------------------------
CODE
  Relative segment, address: 001015DC - 0010175B (0x180 bytes), align: 2
  Segment part 91.            Intra module refs:   cCmd
           ENTRY                   ADDRESS         REF BY
           =====                   =======         ======
           cCmdInit                001015DD 
               stack 1 = 00000000 ( 00000014 )
    -------------------------------------------------------------------------
CODE
  Relative segment, address: 0010175C - 0010175F (0x4 bytes), align: 2
  Segment part 92.            Intra module refs:   cCmdHandleRemoteCommands
                                                   cCmdInit
    -------------------------------------------------------------------------
CODE
  Relative segment, address: 00101760 - 00101763 (0x4 bytes), align: 2
  Segment part 93.            Intra module refs:   cCmdInit
    -------------------------------------------------------------------------
CODE
  Relative segment, address: 00101764 - 00101767 (0x4 bytes), align: 2
  Segment part 94.            Intra module refs:   cCmdInit
    -------------------------------------------------------------------------
CODE
  Relative segment, address: 00101768 - 0010176B (0x4 bytes), align: 2
  Segment part 95.            Intra module refs:   cCmdInit
    -------------------------------------------------------------------------
CODE
  Relative segment, address: 0010176C - 00101937 (0x1cc bytes), align: 2
  Segment part 97.            Intra module refs:   cCmd
           ENTRY                   ADDRESS         REF BY
           =====                   =======         ======
           cCmdCtrl                0010176D 
               stack 1 = 00000000 ( 0000001C )
    -------------------------------------------------------------------------
CODE
  Relative segment, address: 00101938 - 0010193B (0x4 bytes), align: 2
  Segment part 98.            Intra module refs:   cCmdCtrl
                                                   cCmdInit
    -------------------------------------------------------------------------
CODE
  Relative segment, address: 0010193C - 0010193F (0x4 bytes), align: 2
  Segment part 99.            Intra module refs:   cCmdCtrl
    -------------------------------------------------------------------------
CODE
  Relative segment, address: 00101940 - 00101943 (0x4 bytes), align: 2
  Segment part 100.           Intra module refs:   cCmdCtrl
    -------------------------------------------------------------------------
CODE
  Relative segment, address: 00101944 - 00101947 (0x4 bytes), align: 2
  Segment part 101.           Intra module refs:   cCmdCtrl
                                                   cCmdInit
    -------------------------------------------------------------------------
CODE
  Relative segment, address: 00101948 - 00101951 (0xa bytes), align: 2
  Segment part 103.           Intra module refs:   cCmd
           ENTRY                   ADDRESS         REF BY
           =====                   =======         ======
           cCmdExit                00101949 
               stack 1 = 00000000 ( 00000004 )
    -------------------------------------------------------------------------
CODE
  Relative segment, address: 00101954 - 00101AB3 (0x160 bytes), align: 2
  Segment part 105.           Intra module refs:   cCmdActivateProgram
           ENTRY                   ADDRESS         REF BY
           =====                   =======         ======
           cCmdReadFileHeader      00101955 
               stack 1 = 00000000 ( 0000001C )
    -------------------------------------------------------------------------
CODE
  Relative segment, address: 00101AB4 - 00101AC7 (0x14 bytes), align: 2
  Segment part 106.           Intra module refs:   cCmdBinopFlt
                                                   cCmdCalcFlattenedSize
                                                   cCmdDatalogRead
                                                   cCmdInterpScalarUnop2
                                                   cCmdLSWrite
                                                   cCmdMemMgrMoveToTail
                                                   cCmdMove
                                                   cCmdReadFileHeader
                                                   cCmdVerifyMemMgr
           LOCAL                   ADDRESS         
           =====                   =======         
           ?Subroutine176          00101AB5 
    -------------------------------------------------------------------------
CODE
  Relative segment, address: 00101AC8 - 00101ACB (0x4 bytes), align: 2
  Segment part 107.           Intra module refs:   cCmdReadFileHeader
    -------------------------------------------------------------------------
CODE
  Relative segment, address: 00101ACC - 00101ACF (0x4 bytes), align: 2
  Segment part 108.           Intra module refs:   cCmdReadFileHeader
    -------------------------------------------------------------------------
CODE
  Relative segment, address: 00101AD0 - 00101AD3 (0x4 bytes), align: 2
  Segment part 109.           Intra module refs:   cCmdReadFileHeader
    -------------------------------------------------------------------------
CODE
  Relative segment, address: 00101AD4 - 00101B79 (0xa6 bytes), align: 2
  Segment part 111.           Intra module refs:   cCmdActivateProgram
           ENTRY                   ADDRESS         REF BY
           =====                   =======         ======
           cCmdInflateDSDefaults   00101AD5 
               stack 1 = 00000000 ( 00000020 )
    -------------------------------------------------------------------------
CODE
  Relative segment, address: 00101B7C - 00101B7F (0x4 bytes), align: 2
  Segment part 112.           Intra module refs:   cCmdInflateDSDefaults
    -------------------------------------------------------------------------
CODE
  Relative segment, address: 00101B80 - 00101B83 (0x4 bytes), align: 2
  Segment part 113.           Intra module refs:   cCmdInflateDSDefaults
    -------------------------------------------------------------------------
CODE
  Relative segment, address: 00101B84 - 00101BBF (0x3c bytes), align: 2
  Segment part 115.           Intra module refs:   cCmdActivateProgram
                                                   cCmdDeQClump
                                                   cCmdEnQClump
                                                   cCmdRotateQ
           ENTRY                   ADDRESS         REF BY
           =====                   =======         ======
           cCmdRefreshActiveClump
                                   00101B85 
               stack 1 = 00000000 ( 00000004 )
    -------------------------------------------------------------------------
CODE
  Relative segment, address: 00101BC0 - 00101BC3 (0x4 bytes), align: 2
  Segment part 116.           Intra module refs:   cCmdRefreshActiveClump
    -------------------------------------------------------------------------
CODE
  Relative segment, address: 00101BC4 - 00101BC7 (0x4 bytes), align: 2
  Segment part 117.           Intra module refs:   cCmdRefreshActiveClump
    -------------------------------------------------------------------------
CODE
  Relative segment, address: 00101BC8 - 00101F87 (0x3c0 bytes), align: 2
  Segment part 119.           Intra module refs:   cCmdCtrl
           ENTRY                   ADDRESS         REF BY
           =====                   =======         ======
           cCmdActivateProgram     00101BC9 
               stack 1 = 00000000 ( 00000060 )
    -------------------------------------------------------------------------
CODE
  Relative segment, address: 00101F88 - 00101F8B (0x4 bytes), align: 2
  Segment part 120.           Intra module refs:   cCmdActivateProgram
    -------------------------------------------------------------------------
CODE
  Relative segment, address: 00101F8C - 00101F8F (0x4 bytes), align: 2
  Segment part 121.           Intra module refs:   cCmdActivateProgram
    -------------------------------------------------------------------------
CODE
  Relative segment, address: 00101F90 - 00101F93 (0x4 bytes), align: 2
  Segment part 122.           Intra module refs:   cCmdActivateProgram
    -------------------------------------------------------------------------
CODE
  Relative segment, address: 00101F94 - 0010203F (0xac bytes), align: 2
  Segment part 124.           Intra module refs:   cCmdActivateProgram
                                                   cCmdCtrl
                                                   cCmdInit
           ENTRY                   ADDRESS         REF BY
           =====                   =======         ======
           cCmdDeactivateProgram   00101F95 
               stack 1 = 00000000 ( 00000018 )
    -------------------------------------------------------------------------
CODE
  Relative segment, address: 00102040 - 00102043 (0x4 bytes), align: 2
  Segment part 125.           Intra module refs:   cCmdActivateProgram
                                                   cCmdDeactivateProgram
    -------------------------------------------------------------------------
CODE
  Relative segment, address: 00102044 - 00102047 (0x4 bytes), align: 2
  Segment part 126.           Intra module refs:   cCmdDeactivateProgram
    -------------------------------------------------------------------------
CODE
  Relative segment, address: 00102048 - 00102175 (0x12e bytes), align: 2
  Segment part 128.           Intra module refs:   cCmdCtrl
           ENTRY                   ADDRESS         REF BY
           =====                   =======         ======
           cCmdResetDevices        00102049 
               stack 1 = 00000000 ( 00000010 )
    -------------------------------------------------------------------------
CODE
  Relative segment, address: 00102178 - 0010217B (0x4 bytes), align: 2
  Segment part 129.           Intra module refs:   cCmdDeactivateProgram
                                                   cCmdResetDevices
    -------------------------------------------------------------------------
CODE
  Relative segment, address: 0010217C - 001021BD (0x42 bytes), align: 2
  Segment part 131.           Intra module refs:   cCmdAcquireMutex
                                                   cCmdActivateProgram
                                                   cCmdCheckRestQ
                                                   cCmdInterpShortSubCall
                                                   cCmdInterpUnop1
                                                   cCmdInterpUnop2
                                                   cCmdReleaseMutex
                                                   cCmdSchedDependent
                                                   cCmdSchedDependents
                                                   cCmdSleepClump
           ENTRY                   ADDRESS         REF BY
           =====                   =======         ======
           cCmdEnQClump            0010217D 
               stack 1 = 00000000 ( 0000000C )
    -------------------------------------------------------------------------
CODE
  Relative segment, address: 001021C0 - 0010222F (0x70 bytes), align: 2
  Segment part 133.           Intra module refs:   cCmdAcquireMutex
                                                   cCmdCheckRestQ
                                                   cCmdInterpShortSubCall
                                                   cCmdInterpUnop1
                                                   cCmdInterpUnop2
                                                   cCmdReleaseMutex
                                                   cCmdSleepClump
           ENTRY                   ADDRESS         REF BY
           =====                   =======         ======
           cCmdDeQClump            001021C1 
               stack 1 = 00000000 ( 00000018 )
    -------------------------------------------------------------------------
CODE
  Relative segment, address: 00102230 - 00102235 (0x6 bytes), align: 2
  Segment part 134.           Intra module refs:   cCmdDeQClump
                                                   cCmdDeactivateProgram
                                                   cCmdUpdateCalibrationCache
           LOCAL                   ADDRESS         
           =====                   =======         
           ?Subroutine178          00102231 
    -------------------------------------------------------------------------
CODE
  Relative segment, address: 00102238 - 0010223B (0x4 bytes), align: 2
  Segment part 135.           Intra module refs:   cCmdActivateProgram
                                                   cCmdDeQClump
                                                   cCmdDeactivateProgram
                                                   cCmdEnQClump
    -------------------------------------------------------------------------
CODE
  Relative segment, address: 0010223C - 0010226F (0x34 bytes), align: 2
  Segment part 137.           Intra module refs:   cCmdCtrl
           ENTRY                   ADDRESS         REF BY
           =====                   =======         ======
           cCmdRotateQ             0010223D 
               stack 1 = 00000000 ( 00000010 )
    -------------------------------------------------------------------------
CODE
  Relative segment, address: 00102270 - 00102275 (0x6 bytes), align: 2
  Segment part 138.           Intra module refs:   cCmdResetDevices
                                                   cCmdRotateQ
           LOCAL                   ADDRESS         
           =====                   =======         
           ?Subroutine179          00102271 
    -------------------------------------------------------------------------
CODE
  Relative segment, address: 00102278 - 0010227B (0x4 bytes), align: 2
  Segment part 139.           Intra module refs:   cCmdDeQClump
                                                   cCmdDeactivateProgram
                                                   cCmdEnQClump
                                                   cCmdRotateQ
    -------------------------------------------------------------------------
CODE
  Relative segment, address: 0010227C - 001022A5 (0x2a bytes), align: 2
  Segment part 146.           Intra module refs:   cCmdInterpShortAcquire
                                                   cCmdInterpUnop1
           ENTRY                   ADDRESS         REF BY
           =====                   =======         ======
           cCmdAcquireMutex        0010227D 
               stack 1 = 00000000 ( 0000000C )
    -------------------------------------------------------------------------
CODE
  Relative segment, address: 001022A8 - 001022C5 (0x1e bytes), align: 2
  Segment part 148.           Intra module refs:   cCmdInterpShortRelease
                                                   cCmdInterpUnop1
           ENTRY                   ADDRESS         REF BY
           =====                   =======         ======
           cCmdReleaseMutex        001022A9 
               stack 1 = 00000000 ( 00000008 )
    -------------------------------------------------------------------------
CODE
  Relative segment, address: 001022C8 - 001022CB (0x4 bytes), align: 2
  Segment part 149.           Intra module refs:   cCmdAcquireMutex
                                                   cCmdReleaseMutex
    -------------------------------------------------------------------------
CODE
  Relative segment, address: 001022CC - 001022FB (0x30 bytes), align: 2
  Segment part 151.           Intra module refs:   cCmdInterpUnop2
           ENTRY                   ADDRESS         REF BY
           =====                   =======         ======
           cCmdSleepClump          001022CD 
               stack 1 = 00000000 ( 00000014 )
    -------------------------------------------------------------------------
CODE
  Relative segment, address: 001022FC - 0010233F (0x44 bytes), align: 2
  Segment part 153.           Intra module refs:   cCmdCtrl
           ENTRY                   ADDRESS         REF BY
           =====                   =======         ======
           cCmdCheckRestQ          001022FD 
               stack 1 = 00000000 ( 00000018 )
    -------------------------------------------------------------------------
CODE
  Relative segment, address: 00102340 - 00102343 (0x4 bytes), align: 2
  Segment part 154.           Intra module refs:   cCmdCheckRestQ
                                                   cCmdSleepClump
    -------------------------------------------------------------------------
CODE
  Relative segment, address: 00102344 - 00102399 (0x56 bytes), align: 2
  Segment part 156.           Intra module refs:   cCmdInterpUnop2
           ENTRY                   ADDRESS         REF BY
           =====                   =======         ======
           cCmdSchedDependents     00102345 
               stack 1 = 00000000 ( 00000018 )
    -------------------------------------------------------------------------
CODE
  Relative segment, address: 0010239C - 001023BF (0x24 bytes), align: 2
  Segment part 158.           Intra module refs:   cCmdInterpUnop1
           ENTRY                   ADDRESS         REF BY
           =====                   =======         ======
           cCmdSchedDependent      0010239D 
               stack 1 = 00000000 ( 00000004 )
    -------------------------------------------------------------------------
CODE
  Relative segment, address: 001023C0 - 001023C3 (0x4 bytes), align: 2
  Segment part 159.           Intra module refs:   cCmdCheckRestQ
                                                   cCmdRotateQ
                                                   cCmdSchedDependent
                                                   cCmdSchedDependents
                                                   cCmdSleepClump
    -------------------------------------------------------------------------
CODE
  Relative segment, address: 001023C4 - 001023C7 (0x4 bytes), align: 2
  Segment part 160.           Intra module refs:   cCmdCheckRestQ
                                                   cCmdDeQClump
                                                   cCmdEnQClump
                                                   cCmdRotateQ
                                                   cCmdSchedDependent
                                                   cCmdSchedDependents
                                                   cCmdSleepClump
    -------------------------------------------------------------------------
CODE
  Relative segment, address: 001023C8 - 001023CB (0x4 bytes), align: 2
  Segment part 161.           Intra module refs:   cCmdCheckRestQ
                                                   cCmdSchedDependent
                                                   cCmdSchedDependents
                                                   cCmdSleepClump
    -------------------------------------------------------------------------
CODE
  Relative segment, address: 001023CC - 001023E3 (0x18 bytes), align: 2
  Segment part 163.           Intra module refs:   cCmdCtrl
                                                   cCmdInterpFromClump
           ENTRY                   ADDRESS         REF BY
           =====                   =======         ======
           cCmdIsClumpIDSane       001023CD 
               stack 1 = 00000000 ( 00000004 )
    -------------------------------------------------------------------------
CODE
  Relative segment, address: 001023E4 - 00102413 (0x30 bytes), align: 2
  Segment part 165.           Intra module refs:   cCmdActivateProgram
                                                   cCmdInit
           ENTRY                   ADDRESS         REF BY
           =====                   =======         ======
           cCmdInitPool            001023E5 
               stack 1 = 00000000 ( 00000004 )
    -------------------------------------------------------------------------
CODE
  Relative segment, address: 00102414 - 00102417 (0x4 bytes), align: 2
  Segment part 166.           Intra module refs:   cCmdInitPool
    -------------------------------------------------------------------------
CODE
  Relative segment, address: 00102418 - 001024D7 (0xc0 bytes), align: 2
  Segment part 168.           Intra module refs:   cCmdInterpBinop
                                                   cCmdInterpOther
                                                   cCmdInterpPolyBinop
                                                   cCmdInterpPolyUnop2
                                                   cCmdInterpUnop2
                                                   cCmdMove
           ENTRY                   ADDRESS         REF BY
           =====                   =======         ======
           cCmdDSArrayAlloc        00102419 
               stack 1 = 00000000 ( 00000020 )
    -------------------------------------------------------------------------
CODE
  Relative segment, address: 001024D8 - 001024DD (0x6 bytes), align: 2
  Segment part 169.           Intra module refs:   cCmdColorSensorRead
                                                   cCmdDSArrayAlloc
                                                   cCmdDSCompact
                                                   cCmdDVArrayAlloc
                                                   cCmdInflateDSDefaults
                                                   cCmdWrapMessageRead
           LOCAL                   ADDRESS         
           =====                   =======         
           ?Subroutine177          001024D9 
    -------------------------------------------------------------------------
CODE
  Relative segment, address: 001024E0 - 001025BF (0xe0 bytes), align: 2
  Segment part 171.           Intra module refs:   ?Subroutine172
                                                   ResizeCalibCache
                                                   cCmdDSArrayAlloc
                                                   cCmdDatalogWrite
                                                   cCmdMessageWrite
                                                   cCmdWrapColorSensorRead
                                                   cCmdWrapFileRead
                                                   cCmdWrapIOMapRead
                                                   cCmdWrapListFiles
                                                   cCmdWrapMessageRead
           ENTRY                   ADDRESS         REF BY
           =====                   =======         ======
           cCmdDVArrayAlloc        001024E1 
               stack 1 = 00000000 ( 00000020 )
    -------------------------------------------------------------------------
CODE
  Relative segment, address: 001025C0 - 001025C3 (0x4 bytes), align: 2
  Segment part 172.           Intra module refs:   cCmdDVArrayAlloc
    -------------------------------------------------------------------------
CODE
  Relative segment, address: 001025C4 - 0010263F (0x7c bytes), align: 2
  Segment part 174.           Intra module refs:   cCmdDSArrayAlloc
           ENTRY                   ADDRESS         REF BY
           =====                   =======         ======
           cCmdAllocSubArrayDopeVectors
                                   001025C5 
               stack 1 = 00000000 ( 00000024 )
    -------------------------------------------------------------------------
CODE
  Relative segment, address: 00102640 - 001026E5 (0xa6 bytes), align: 2
  Segment part 176.           Intra module refs:   cCmdDSArrayAlloc
           ENTRY                   ADDRESS         REF BY
           =====                   =======         ======
           cCmdFreeSubArrayDopeVectors
                                   00102641 
               stack 1 = 00000000 ( 00000024 )
    -------------------------------------------------------------------------
CODE
  Relative segment, address: 001026E8 - 001026EB (0x4 bytes), align: 2
  Segment part 177.           Intra module refs:   cCmdAllocSubArrayDopeVectors
                                                   cCmdDSArrayAlloc
                                                   cCmdFreeSubArrayDopeVectors
    -------------------------------------------------------------------------
CODE
  Relative segment, address: 001026EC - 00102757 (0x6c bytes), align: 2
  Segment part 179.           Intra module refs:   ResizeCalibCache
                                                   cCmdAllocSubArrayDopeVectors
                                                   cCmdDatalogWrite
                                                   cCmdMessageWrite
                                                   cCmdWrapListFiles
           ENTRY                   ADDRESS         REF BY
           =====                   =======         ======
           cCmdAllocDopeVector     001026ED 
               stack 1 = 00000000 ( 00000014 )
    -------------------------------------------------------------------------
CODE
  Relative segment, address: 00102758 - 001027CB (0x74 bytes), align: 2
  Segment part 181.           Intra module refs:   cCmdDatalogRead
                                                   cCmdDatalogWrite
                                                   cCmdFreeSubArrayDopeVectors
                                                   cCmdMessageRead
                                                   cCmdMessageWrite
           ENTRY                   ADDRESS         REF BY
           =====                   =======         ======
           cCmdFreeDopeVector      00102759 
               stack 1 = 00000000 ( 00000018 )
    -------------------------------------------------------------------------
CODE
  Relative segment, address: 001027CC - 001027D3 (0x8 bytes), align: 2
  Segment part 182.           Intra module refs:   cCmdCalcArrayElemSize
                                                   cCmdCheckRestQ
                                                   cCmdCompareAggregates
                                                   cCmdDatalogWrite
                                                   cCmdFreeDopeVector
                                                   cCmdLSRead
                                                   cCmdMessageWrite
                                                   cCmdSchedDependents
                                                   cCmdWrapColorSensorRead
                                                   cCmdWrapCommBTConnection
           LOCAL                   ADDRESS         
           =====                   =======         
           ?Subroutine180          001027CD 
    -------------------------------------------------------------------------
CODE
  Relative segment, address: 001027D4 - 001027D7 (0x4 bytes), align: 2
  Segment part 183.           Intra module refs:   cCmdAllocDopeVector
                                                   cCmdDVArrayAlloc
                                                   cCmdFreeDopeVector
    -------------------------------------------------------------------------
CODE
  Relative segment, address: 001027D8 - 001028A5 (0xce bytes), align: 2
  Segment part 185.           Intra module refs:   cCmdActivateProgram
                                                   cCmdAllocDopeVector
           ENTRY                   ADDRESS         REF BY
           =====                   =======         ======
           cCmdGrowDopeVectorArray
                                   001027D9 
               stack 1 = 00000000 ( 00000014 )
    -------------------------------------------------------------------------
CODE
  Relative segment, address: 001028A8 - 001028AB (0x4 bytes), align: 2
  Segment part 186.           Intra module refs:   cCmdGrowDopeVectorArray
    -------------------------------------------------------------------------
CODE
  Relative segment, address: 001028AC - 001028AF (0x4 bytes), align: 2
  Segment part 187.           Intra module refs:   cCmdGrowDopeVectorArray
    -------------------------------------------------------------------------
CODE
  Relative segment, address: 001028B0 - 001028B3 (0x4 bytes), align: 2
  Segment part 188.           Intra module refs:   cCmdGrowDopeVectorArray
    -------------------------------------------------------------------------
CODE
  Relative segment, address: 001028B4 - 00102933 (0x80 bytes), align: 2
  Segment part 190.           Intra module refs:   cCmdAllocSubArrayDopeVectors
           ENTRY                   ADDRESS         REF BY
           =====                   =======         ======
           cCmdCalcArrayElemSize   001028B5 
               stack 1 = 00000000 ( 00000018 )
    -------------------------------------------------------------------------
CODE
  Relative segment, address: 00102934 - 00102937 (0x4 bytes), align: 2
  Segment part 191.           Intra module refs:   cCmdCalcArrayElemSize
    -------------------------------------------------------------------------
CODE
  Relative segment, address: 00102938 - 0010293B (0x4 bytes), align: 2
  Segment part 192.           Intra module refs:   cCmdCalcArrayElemSize
    -------------------------------------------------------------------------
CODE
  Relative segment, address: 0010293C - 001029B5 (0x7a bytes), align: 2
  Segment part 194.           Intra module refs:   cCmdDVArrayAlloc
                                                   cCmdGrowDopeVectorArray
           ENTRY                   ADDRESS         REF BY
           =====                   =======         ======
           cCmdMemMgrMoveToTail    0010293D 
               stack 1 = 00000000 ( 0000001C )
    -------------------------------------------------------------------------
CODE
  Relative segment, address: 001029B8 - 001029BB (0x4 bytes), align: 2
  Segment part 195.           Intra module refs:   cCmdFreeDopeVector
                                                   cCmdMemMgrMoveToTail
    -------------------------------------------------------------------------
CODE
  Relative segment, address: 001029BC - 001029EB (0x30 bytes), align: 2
  Segment part 197.           Intra module refs:   cCmdAllocDopeVector
           ENTRY                   ADDRESS         REF BY
           =====                   =======         ======
           cCmdMemMgrInsertAtTail
                                   001029BD 
               stack 1 = 00000000 ( 00000004 )
    -------------------------------------------------------------------------
CODE
  Relative segment, address: 001029EC - 00102A9B (0xb0 bytes), align: 2
  Segment part 199.           Intra module refs:   cCmdActivateProgram
           ENTRY                   ADDRESS         REF BY
           =====                   =======         ======
           cCmdVerifyMemMgr        001029ED 
               stack 1 = 00000000 ( 0000001C )
    -------------------------------------------------------------------------
CODE
  Relative segment, address: 00102A9C - 00102A9F (0x4 bytes), align: 2
  Segment part 200.           Intra module refs:   cCmdVerifyMemMgr
    -------------------------------------------------------------------------
CODE
  Relative segment, address: 00102AA0 - 00102AA3 (0x4 bytes), align: 2
  Segment part 201.           Intra module refs:   cCmdGrowDopeVectorArray
                                                   cCmdMemMgrInsertAtTail
                                                   cCmdMemMgrMoveToTail
                                                   cCmdVerifyMemMgr
    -------------------------------------------------------------------------
CODE
  Relative segment, address: 00102AA4 - 00102B6F (0xcc bytes), align: 2
  Segment part 203.           Intra module refs:   cCmdHandleRemoteCommands
                                                   cCmdInterpFromClump
           ENTRY                   ADDRESS         REF BY
           =====                   =======         ======
           cCmdDSCompact           00102AA5 
               stack 1 = 00000000 ( 00000020 )
    -------------------------------------------------------------------------
CODE
  Relative segment, address: 00102B70 - 00102B73 (0x4 bytes), align: 2
  Segment part 204.           Intra module refs:   cCmdDSCompact
    -------------------------------------------------------------------------
CODE
  Relative segment, address: 00102B74 - 00102B77 (0x4 bytes), align: 2
  Segment part 205.           Intra module refs:   cCmdDSCompact
    -------------------------------------------------------------------------
CODE
  Relative segment, address: 00102B78 - 00102B7B (0x4 bytes), align: 2
  Segment part 206.           Intra module refs:   cCmdDSCompact
    -------------------------------------------------------------------------
CODE
  Relative segment, address: 00102B7C - 00102C4D (0xd2 bytes), align: 2
  Segment part 208.           Intra module refs:   cCmdHandleRemoteCommands
                                                   cCmdWrapMessageWrite
[...]
    -------------------------------------------------------------------------
CODE
  Relative segment, address: 00119218 - 00119267 (0x50 bytes), align: 2
  Segment part 24.            Intra module refs:   __doubleToFloat::??rT
           ENTRY                   ADDRESS         REF BY
           =====                   =======         ======
           __doubleToFloat         00119218        _GetfloatDefault (?xscanffull)
                                                   cCmdGetFloat (c_cmd)
                                                   cCmdUnop2Flt (c_cmd)
    -------------------------------------------------------------------------
CODE
  Relative segment, address: 00119268 - 0011926B (0x4 bytes), align: 2
  Segment part 25.
           ENTRY                   ADDRESS         REF BY
           =====                   =======         ======
           __floatToDouble::??rT   00119269 
    -------------------------------------------------------------------------
CODE
  Relative segment, address: 0011926C - 001192CB (0x60 bytes), align: 2
  Segment part 26.            Intra module refs:   __floatToDouble::??rT
           ENTRY                   ADDRESS         REF BY
           =====                   =======         ======
           __floatToDouble         0011926C        cCmdGetFloat (c_cmd)
                                                   cCmdInterpUnop2 (c_cmd)
                                                   cCmdUnop2Flt (c_cmd)
                                                   cUiDataLogging (c_ui)
                                                   cUiPrintSensorInDisplayBuffer (c_ui)
                                                   cUiUpdateSensor (c_ui)
                                                   cUiUpdateStatus (c_ui)
    -------------------------------------------------------------------------
CODE
  Relative segment, address: 001192CC - 001192CF (0x4 bytes), align: 2
  Segment part 27.
           ENTRY                   ADDRESS         REF BY
           =====                   =======         ======
           __dEqual::??rT          001192CD 
    -------------------------------------------------------------------------
CODE
  Relative segment, address: 001192D0 - 0011930F (0x40 bytes), align: 2
  Segment part 28.            Intra module refs:   __dEqual::??rT
           ENTRY                   ADDRESS         REF BY
           =====                   =======         ======
           __dEqual                001192D0        _Dtento (?xdtento)
    -------------------------------------------------------------------------
CODE
  Relative segment, address: 00119310 - 0011934B (0x3c bytes), align: 2
  Segment part 33.            Intra module refs:   __dGreaterEqual
                                                   __dLess
    -------------------------------------------------------------------------
CODE
  Relative segment, address: 0011934C - 0011934F (0x4 bytes), align: 2
  Segment part 34.
           ENTRY                   ADDRESS         REF BY
           =====                   =======         ======
           __dLess::??rT           0011934D 
    -------------------------------------------------------------------------
CODE
  Relative segment, address: 00119350 - 00119397 (0x48 bytes), align: 2
  Segment part 35.            Intra module refs:   __dGreaterEqual
                                                   __dLess::??rT
           ENTRY                   ADDRESS         REF BY
           =====                   =======         ======
           __dLess                 00119350        _LdtobDefault (?xprintffull)
                                                   cCmdInterpUnop2 (c_cmd)
    -------------------------------------------------------------------------
CODE
  Relative segment, address: 00119398 - 0011939B (0x4 bytes), align: 2
  Segment part 36.
           ENTRY                   ADDRESS         REF BY
           =====                   =======         ======
           __dGreaterEqual::??rT   00119399 
    -------------------------------------------------------------------------
CODE
  Relative segment, address: 0011939C - 001193B3 (0x18 bytes), align: 2
  Segment part 37.            Intra module refs:   __dGreaterEqual::??rT
           ENTRY                   ADDRESS         REF BY
           =====                   =======         ======
           __dGreaterEqual         0011939C        _LdtobDefault (?xprintffull)
                                                   cCmdInterpUnop2 (c_cmd)

    -------------------------------------------------------------------------
  LIBRARY MODULE, NAME : ?floatSoftLib

  SEGMENTS IN THE MODULE
  ======================
CODE
  Relative segment, address: 001193B4 - 001193D7 (0x24 bytes), align: 2
  Segment part 0.             Intra module refs:   __fAdd
                                                   __fDiv
                                                   __fMul
    -------------------------------------------------------------------------
CODE
  Relative segment, address: 001193D8 - 00119577 (0x1a0 bytes), align: 2
  Segment part 1.             Intra module refs:   Segment part 5
                                                   Segment part 6
                                                   __fAdd
                                                   __fDiv
                                                   __fMul
                                                   __longToFloat
                                                   __ulongToFloat
           ENTRY                   ADDRESS         REF BY
           =====                   =======         ======
           ?fDeNormalize           00119474        __doubleToFloat (?doubleSoftLIb)
    -------------------------------------------------------------------------
CODE
  Relative segment, address: 00119578 - 0011959F (0x28 bytes), align: 2
  Segment part 5.             Intra module refs:   ?fDeNormalize
                                                   __fAdd
                                                   __floatToLong
                                                   __floatToUlong
           ENTRY                   ADDRESS         REF BY
           =====                   =======         ======
           ?raiseInexact           00119578        __dAdd (?doubleSoftLIb)
                                                   __doubleToLong (?doubleSoftLIb)
                                                   __doubleToUlong (?doubleSoftLIb)
           ?raiseInvalid           0011958C        __doubleToLong (?doubleSoftLIb)
                                                   __doubleToUlong (?doubleSoftLIb)
    -------------------------------------------------------------------------
CODE
  Relative segment, address: 001195A0 - 001195C7 (0x28 bytes), align: 2
  Segment part 6.             Intra module refs:   __fGreaterEqual
                                                   __fLess
    -------------------------------------------------------------------------
CODE
  Relative segment, address: 001195C8 - 001195CB (0x4 bytes), align: 2
  Segment part 7.
           ENTRY                   ADDRESS         REF BY
           =====                   =======         ======
           __fSub::??rT            001195C9 
    -------------------------------------------------------------------------
CODE
  Relative segment, address: 001195CC - 001195D3 (0x8 bytes), align: 2
  Segment part 8.             Intra module refs:   __fSub::??rT
           ENTRY                   ADDRESS         REF BY
           =====                   =======         ======
           __fSub                  001195CC        cCmdBinopFlt (c_cmd)
    -------------------------------------------------------------------------
CODE
  Relative segment, address: 001195D4 - 001195D7 (0x4 bytes), align: 2
  Segment part 9.
           ENTRY                   ADDRESS         REF BY
           =====                   =======         ======
           __fAdd::??rT            001195D5 
    -------------------------------------------------------------------------
CODE
  Relative segment, address: 001195D8 - 001196E3 (0x10c bytes), align: 2
  Segment part 10.            Intra module refs:   __fSub
           ENTRY                   ADDRESS         REF BY
           =====                   =======         ======
           __fAdd                  001195D8        cCmdBinopFlt (c_cmd)
    -------------------------------------------------------------------------
CODE
  Relative segment, address: 001196E4 - 001196E7 (0x4 bytes), align: 2
  Segment part 11.
           ENTRY                   ADDRESS         REF BY
           =====                   =======         ======
           __fMul::??rT            001196E5 
    -------------------------------------------------------------------------
CODE
  Relative segment, address: 001196E8 - 00119787 (0xa0 bytes), align: 2
  Segment part 12.            Intra module refs:   __fMul::??rT
           ENTRY                   ADDRESS         REF BY
           =====                   =======         ======
           __fMul                  001196E8        cCmdBinopFlt (c_cmd)
    -------------------------------------------------------------------------
CODE
  Relative segment, address: 00119788 - 0011978B (0x4 bytes), align: 2
  Segment part 13.
           ENTRY                   ADDRESS         REF BY
           =====                   =======         ======
           __fDiv::??rT            00119789 
    -------------------------------------------------------------------------
CODE
  Relative segment, address: 0011978C - 00119867 (0xdc bytes), align: 2
  Segment part 14.            Intra module refs:   __fDiv::??rT
           ENTRY                   ADDRESS         REF BY
           =====                   =======         ======
           __fDiv                  0011978C        cCmdBinopFlt (c_cmd)
                                                   cUiDataLogging (c_ui)
                                                   cUiPrintSensorInDisplayBuffer (c_ui)
    -------------------------------------------------------------------------
CODE
  Relative segment, address: 00119868 - 0011986B (0x4 bytes), align: 2
  Segment part 15.
           ENTRY                   ADDRESS         REF BY
           =====                   =======         ======
           __ulongToFloat::??rT    00119869 
    -------------------------------------------------------------------------
CODE
  Relative segment, address: 0011986C - 00119887 (0x1c bytes), align: 2
  Segment part 16.            Intra module refs:   __ulongToFloat::??rT
           ENTRY                   ADDRESS         REF BY
           =====                   =======         ======
           __ulongToFloat          0011986C        cCmdBinopFlt (c_cmd)
                                                   cCmdGetValFlt (c_cmd)
                                                   cCmdInterpOther (c_cmd)
                                                   cCmdUnop2Flt (c_cmd)
                                                   cUiUpdateStatus (c_ui)
    -------------------------------------------------------------------------
CODE
  Relative segment, address: 00119888 - 0011988B (0x4 bytes), align: 2
  Segment part 17.
           ENTRY                   ADDRESS         REF BY
           =====                   =======         ======
           __longToFloat::??rT     00119889 
    -------------------------------------------------------------------------
CODE
  Relative segment, address: 0011988C - 001198A7 (0x1c bytes), align: 2
  Segment part 18.            Intra module refs:   __longToFloat::??rT
           ENTRY                   ADDRESS         REF BY
           =====                   =======         ======
           __longToFloat           0011988C        cCmdBinopFlt (c_cmd)
                                                   cCmdGetValFlt (c_cmd)
                                                   cUiDataLogging (c_ui)
                                                   cUiPrintSensorInDisplayBuffer (c_ui)
                                                   cUiUpdateSensor (c_ui)
    -------------------------------------------------------------------------
CODE
  Relative segment, address: 001198A8 - 001198AB (0x4 bytes), align: 2
  Segment part 19.
           ENTRY                   ADDRESS         REF BY
           =====                   =======         ======
           __floatToUlong::??rT    001198A9 
    -------------------------------------------------------------------------
CODE
  Relative segment, address: 001198AC - 0011993B (0x90 bytes), align: 2
  Segment part 20.            Intra module refs:   __floatToUlong::??rT
           ENTRY                   ADDRESS         REF BY
           =====                   =======         ======
           __floatToUlong          001198AC        cCmdGetFloat (c_cmd)
                                                   cCmdSetValFlt (c_cmd)
    -------------------------------------------------------------------------
CODE
  Relative segment, address: 0011993C - 0011993F (0x4 bytes), align: 2
  Segment part 21.
           ENTRY                   ADDRESS         REF BY
           =====                   =======         ======
           __floatToLong::??rT     0011993D 
    -------------------------------------------------------------------------
CODE
  Relative segment, address: 00119940 - 001199C3 (0x84 bytes), align: 2
  Segment part 22.            Intra module refs:   __floatToLong::??rT
           ENTRY                   ADDRESS         REF BY
           =====                   =======         ======
           __floatToLong           00119940        cCmdBinopFlt (c_cmd)
                                                   cCmdSetValFlt (c_cmd)
                                                   cUiPrintSensorInDisplayBuffer (c_ui)
    -------------------------------------------------------------------------
CODE
  Relative segment, address: 001199C4 - 001199C7 (0x4 bytes), align: 2
  Segment part 23.
           ENTRY                   ADDRESS         REF BY
           =====                   =======         ======
           __fEqual::??rT          001199C5 
    -------------------------------------------------------------------------
CODE
  Relative segment, address: 001199C8 - 001199F7 (0x30 bytes), align: 2
  Segment part 24.            Intra module refs:   __fEqual::??rT
                                                   __fNotEqual
           ENTRY                   ADDRESS         REF BY
           =====                   =======         ======
           __fEqual                001199C8        cCmdBinopFlt (c_cmd)
                                                   cCmdCompareFlt (c_cmd)
    -------------------------------------------------------------------------
CODE
  Relative segment, address: 001199F8 - 001199FB (0x4 bytes), align: 2
  Segment part 25.
           ENTRY                   ADDRESS         REF BY
           =====                   =======         ======
           __fNotEqual::??rT       001199F9 
    -------------------------------------------------------------------------
CODE
  Relative segment, address: 001199FC - 00119A0F (0x14 bytes), align: 2
  Segment part 26.            Intra module refs:   __fNotEqual::??rT
           ENTRY                   ADDRESS         REF BY
           =====                   =======         ======
           __fNotEqual             001199FC        cCmdCompareFlt (c_cmd)
                                                   cCmdUnop2Flt (c_cmd)
    -------------------------------------------------------------------------
CODE
  Relative segment, address: 00119A10 - 00119A13 (0x4 bytes), align: 2
  Segment part 29.
           ENTRY                   ADDRESS         REF BY
           =====                   =======         ======
           __fLess::??rT           00119A11 
    -------------------------------------------------------------------------
CODE
  Relative segment, address: 00119A14 - 00119A5B (0x48 bytes), align: 2
  Segment part 30.            Intra module refs:   __fGreaterEqual
                                                   __fLess::??rT
           ENTRY                   ADDRESS         REF BY
           =====                   =======         ======
           __fLess                 00119A14        cCmdCompareFlt (c_cmd)
    -------------------------------------------------------------------------
CODE
  Relative segment, address: 00119A5C - 00119A5F (0x4 bytes), align: 2
  Segment part 31.
           ENTRY                   ADDRESS         REF BY
           =====                   =======         ======
           __fGreaterEqual::??rT   00119A5D 
    -------------------------------------------------------------------------
CODE
  Relative segment, address: 00119A60 - 00119A73 (0x14 bytes), align: 2
  Segment part 32.            Intra module refs:   __fGreaterEqual::??rT
           ENTRY                   ADDRESS         REF BY
           =====                   =======         ======
           __fGreaterEqual         00119A60        cCmdCompareFlt (c_cmd)
                                                   cCmdGetFloat (c_cmd)

    -------------------------------------------------------------------------
  LIBRARY MODULE, NAME : ?__FloatingPointFlags

  SEGMENTS IN THE MODULE
  ======================
DATA_Z
  Relative segment, address: 0000BB3C - 0000BB3F (0x4 bytes), align: 2
  Segment part 0.
           ENTRY                   ADDRESS         REF BY
           =====                   =======         ======
           __FloatingPointFlags    0000BB3C        ?fDeNormalize (?floatSoftLib)
                                                   Segment part 4 (?doubleSoftLIb)




                ****************************************
                *                                      *
                *      SEGMENTS IN ADDRESS ORDER       *
                *                                      *
                ****************************************


SEGMENT              SPACE    START ADDRESS   END ADDRESS     SIZE  TYPE  ALIGN
=======              =====    =============   ===========     ====  ====  =====
DATA_I                             00000100 - 000007D3         6D4   rel    2
DATA_Z                             000007D4 - 0000BB46        B373   rel    2
CODE_I                             0000BB48 - 0000C66F         B28   rel    2
INTRAMEND_REMAP                         00010000                     rel    2
ICODE                              00100000 - 00100257         258   rel    2
CODE                               00100258 - 00119A73       1981C   rel    2
INITTAB                            00119A74 - 00119A97          24   rel    2
DATA_ID                            00119A98 - 0011A16B         6D4   rel    2
DATA_C                             0011A16C - 0012087F        6714   rel    2
CODE_ID                            00120880 - 001213A7         B28   rel    2
INTRAMSTART                             00200000                     rel    2
INTRAMEND_BEFORE_REMAP
                                        00210000                     rel    2

                ****************************************
                *                                      *
                *        END OF CROSS REFERENCE        *
                *                                      *
                ****************************************

 105 076 bytes of CODE  memory
  50 543 bytes of DATA  memory
  31 028 bytes of CONST memory

Errors: none
Warnings: 3

