Warning[w6]: Type conflict for external/entry "dSoundFreq", in module c_ui against external/entry in module d_sound; prototyped function vs K&R function
  /* In module c_ui: */
  /* K&R Function, args 0, attr 0 */
  int (__atpcs __interwork dSoundFreq)();
  /* In module d_sound: */
  /* Function, args 3, attr 0 */
  void (__atpcs __interwork dSoundFreq)(UWORD,
                                        UWORD,
                                        UBYTE);
    typedef unsigned short UWORD;
    typedef unsigned char UBYTE;
################################################################################
#                                                                              #
#      IAR Universal Linker V4.61A/386                                         #
#                                                                              #
#           Link time     =  08/Oct/2012  15:53:08                             #
#           Target CPU    =  ARM                                               #
#           List file     =  "C:\Documents and Settings\Lane Kolbly\My Documen #
#                            ts\GitHub\blindnxt\AT91SAM7S256\SAM7S256\Object\L #
#                            MS_ARM.map"                                       #
#           Output file 1 =  "C:\Documents and Settings\Lane Kolbly\My Documen #
#                            ts\GitHub\blindnxt\AT91SAM7S256\SAM7S256\Object\L #
#                            MS_ARM.rfw"                                       #
#                            Format: raw-binary                                #
#           Command line  =  "C:\Documents and Settings\Lane Kolbly\My Documen #
#                            ts\GitHub\blindnxt\AT91SAM7S256\SAM7S256\Object\C #
#                            startup.r79"                                      #
#                            "C:\Documents and Settings\Lane Kolbly\My Documen #
#                            ts\GitHub\blindnxt\AT91SAM7S256\SAM7S256\Object\C #
#                            startup_SAM7.r79"                                 #
#                            "C:\Documents and Settings\Lane Kolbly\My Documen #
#                            ts\GitHub\blindnxt\AT91SAM7S256\SAM7S256\Object\c #
#                            _button.r79"                                      #
#                            "C:\Documents and Settings\Lane Kolbly\My Documen #
#                            ts\GitHub\blindnxt\AT91SAM7S256\SAM7S256\Object\c #
#                            _cmd.r79"                                         #
#                            "C:\Documents and Settings\Lane Kolbly\My Documen #
#                            ts\GitHub\blindnxt\AT91SAM7S256\SAM7S256\Object\c #
#                            _comm.r79"                                        #
#                            "C:\Documents and Settings\Lane Kolbly\My Documen #
#                            ts\GitHub\blindnxt\AT91SAM7S256\SAM7S256\Object\c #
#                            _display.r79"                                     #
#                            "C:\Documents and Settings\Lane Kolbly\My Documen #
#                            ts\GitHub\blindnxt\AT91SAM7S256\SAM7S256\Object\c #
#                            _input.r79"                                       #
#                            "C:\Documents and Settings\Lane Kolbly\My Documen #
#                            ts\GitHub\blindnxt\AT91SAM7S256\SAM7S256\Object\c #
#                            _ioctrl.r79"                                      #
#                            "C:\Documents and Settings\Lane Kolbly\My Documen #
#                            ts\GitHub\blindnxt\AT91SAM7S256\SAM7S256\Object\c #
#                            _loader.r79"                                      #
#                            "C:\Documents and Settings\Lane Kolbly\My Documen #
#                            ts\GitHub\blindnxt\AT91SAM7S256\SAM7S256\Object\c #
#                            _lowspeed.r79"                                    #
#                            "C:\Documents and Settings\Lane Kolbly\My Documen #
#                            ts\GitHub\blindnxt\AT91SAM7S256\SAM7S256\Object\c #
#                            _output.r79"                                      #
#                            "C:\Documents and Settings\Lane Kolbly\My Documen #
#                            ts\GitHub\blindnxt\AT91SAM7S256\SAM7S256\Object\c #
#                            _sound.r79"                                       #
#                            "C:\Documents and Settings\Lane Kolbly\My Documen #
#                            ts\GitHub\blindnxt\AT91SAM7S256\SAM7S256\Object\c #
#                            _ui.r79"                                          #
#                            "C:\Documents and Settings\Lane Kolbly\My Documen #
#                            ts\GitHub\blindnxt\AT91SAM7S256\SAM7S256\Object\d #
#                            _bt.r79"                                          #
#                            "C:\Documents and Settings\Lane Kolbly\My Documen #
#                            ts\GitHub\blindnxt\AT91SAM7S256\SAM7S256\Object\d #
#                            _button.r79"                                      #
#                            "C:\Documents and Settings\Lane Kolbly\My Documen #
#                            ts\GitHub\blindnxt\AT91SAM7S256\SAM7S256\Object\d #
#                            _display.r79"                                     #
#                            "C:\Documents and Settings\Lane Kolbly\My Documen #
#                            ts\GitHub\blindnxt\AT91SAM7S256\SAM7S256\Object\d #
#                            _hispeed.r79"                                     #
#                            "C:\Documents and Settings\Lane Kolbly\My Documen #
#                            ts\GitHub\blindnxt\AT91SAM7S256\SAM7S256\Object\d #
#                            _input.r79"                                       #
#                            "C:\Documents and Settings\Lane Kolbly\My Documen #
#                            ts\GitHub\blindnxt\AT91SAM7S256\SAM7S256\Object\d #
#                            _ioctrl.r79"                                      #
#                            "C:\Documents and Settings\Lane Kolbly\My Documen #
#                            ts\GitHub\blindnxt\AT91SAM7S256\SAM7S256\Object\d #
#                            _loader.r79"                                      #
#                            "C:\Documents and Settings\Lane Kolbly\My Documen #
#                            ts\GitHub\blindnxt\AT91SAM7S256\SAM7S256\Object\d #
#                            _lowspeed.r79"                                    #
#                            "C:\Documents and Settings\Lane Kolbly\My Documen #
#                            ts\GitHub\blindnxt\AT91SAM7S256\SAM7S256\Object\d #
#                            _output.r79"                                      #
#                            "C:\Documents and Settings\Lane Kolbly\My Documen #
#                            ts\GitHub\blindnxt\AT91SAM7S256\SAM7S256\Object\d #
#                            _sound.r79"                                       #
#                            "C:\Documents and Settings\Lane Kolbly\My Documen #
#                            ts\GitHub\blindnxt\AT91SAM7S256\SAM7S256\Object\d #
#                            _timer.r79"                                       #
#                            "C:\Documents and Settings\Lane Kolbly\My Documen #
#                            ts\GitHub\blindnxt\AT91SAM7S256\SAM7S256\Object\d #
#                            _usb.r79"                                         #
#                            "C:\Documents and Settings\Lane Kolbly\My Documen #
#                            ts\GitHub\blindnxt\AT91SAM7S256\SAM7S256\Object\m #
#                            _sched.r79"                                       #
#                            -o                                                #
#                            "C:\Documents and Settings\Lane Kolbly\My Documen #
#                            ts\GitHub\blindnxt\AT91SAM7S256\SAM7S256\Object\L #
#                            MS_ARM.rfw"                                       #
#                            -Fraw-binary -l                                   #
#                            "C:\Documents and Settings\Lane Kolbly\My Documen #
#                            ts\GitHub\blindnxt\AT91SAM7S256\SAM7S256\Object\L #
#                            MS_ARM.map"                                       #
#                            -xms -f                                           #
#                            "C:\Documents and Settings\Lane Kolbly\My Documen #
#                            ts\GitHub\blindnxt\AT91SAM7S256\SAM7S256\Tools\at #
#                            91SAM7S256_Remap.xcl"                             #
#                            (-carm -Z(CONST)INTRAMSTART=00200000              #
#                            -Z(CONST)INTRAMEND_BEFORE_REMAP=00210000          #
#                            -Z(CONST)INTRAMEND_REMAP=00010000                 #
#                            -DROMSTART=00100000 -DROMEND=0013FFFF             #
#                            -DRAMSTART=00000100 -DRAMEND=0000FFFF             #
#                            -Z(CODE)INTVEC=00-3F                              #
#                            -Z(CODE)ICODE,DIFUNCT=ROMSTART-ROMEND             #
#                            -Z(CODE)SWITAB=ROMSTART-ROMEND                    #
#                            -Z(CODE)CODE=ROMSTART-ROMEND                      #
#                            -Z(CONST)INITTAB,DATA_ID,DATA_C=ROMSTART-ROMEND   #
#                            -Z(CONST)CHECKSUM=ROMSTART-ROMEND                 #
#                            -Z(DATA)DATA_I,DATA_Z,DATA_N=RAMSTART-RAMEND      #
#                            -Z(DATA)CODE_I=RAMSTART-RAMEND                    #
#                            -Z(CONST)CODE_ID=ROMSTART-ROMEND                  #
#                            -QCODE_I=CODE_ID -D_CSTACK_SIZE=(100*4)           #
#                            -D_IRQ_STACK_SIZE=(3*8*4)                         #
#                            -Z(DATA)CSTACK+_CSTACK_SIZE=RAMSTART-RAMEND       #
#                            -Z(DATA)IRQ_STACK+_IRQ_STACK_SIZE=RAMSTART-RAMEND) #
#                            "C:\Documents and Settings\Lane Kolbly\My Documen #
#                            ts\GitHub\blindnxt\AT91SAM7S256\SAM7S256\Tools\.. #
#                            \Lib\dl4tptinl8n.r79"                             #
#                                                                              #
#                        Copyright 1987-2007 IAR Systems. All rights reserved. #
################################################################################





                ****************************************
                *                                      *
                *           CROSS REFERENCE            *
                *                                      *
                ****************************************

                  There are no program entries.




                ****************************************
                *                                      *
                *            RUNTIME MODEL             *
                *                                      *
                ****************************************

  ARMv4M                     = USED
  ARMv4T                     = USED
  StackAlign4                = USED
  StackAlign8                = USED
  __cpu_mode                 = __pcs__interwork
  __data_model               = absolute
  __dlib_file_descriptor     = 0
  __dlib_full_locale_support = 0
  __endian                   = little
  __rt_version               = 6



                ****************************************
                *                                      *
                *              MODULE MAP              *
                *                                      *
                ****************************************


  DEFINED ABSOLUTE ENTRIES
    *************************************************************************

  DEFINED ABSOLUTE ENTRIES
  PROGRAM MODULE, NAME : ?ABS_ENTRY_MOD

Absolute parts
           ENTRY                   ADDRESS         REF BY
           =====                   =======         ======
           _IRQ_STACK_SIZE         00000060 
           _CSTACK_SIZE            00000400 
           RAMEND                  0000FFFF 
           RAMSTART                00000100 
           ROMEND                  0013FFFF 
           ROMSTART                00100000 
    *************************************************************************

  FILE NAME : C:\Documents and Settings\Lane Kolbly\My Documents\GitHub\blindnxt\AT91SAM7S256\SAM7S256\Object\Cstartup.r79
  PROGRAM MODULE, NAME : ?RESET

  SEGMENTS IN THE MODULE
  ======================
ICODE
  Relative segment, address: 00100000 - 001000A3 (0xa4 bytes), align: 2
  Segment part 0. ROOT.
           ENTRY                   ADDRESS         REF BY
           =====                   =======         ======
           reset                   00100000        Segment part 3 (?RESET_init)
           AT91F_Default_FIQ_handler
                                   00100094        AT91F_LowLevelInit (Cstartup_SAM7)
           AT91F_Default_IRQ_handler
                                   00100098        AT91F_LowLevelInit (Cstartup_SAM7)
           AT91F_Spurious_handler
                                   0010009C        AT91F_LowLevelInit (Cstartup_SAM7)
           LOCAL                   ADDRESS         
           =====                   =======         
           undefvec                00100004 
           swivec                  00100008 
           pabtvec                 0010000C 
           dabtvec                 00100010 
           rsvdvec                 00100014 
           irqvec                  00100018 
           IRQ_Handler_Entry       00100044 
           fiqvec                  0010001C 
           FIQ_Handler_Entry       0010001C 
           _?0                     001000A0 

    -------------------------------------------------------------------------
  PROGRAM MODULE, NAME : ?RESET_init

  SEGMENTS IN THE MODULE
  ======================
INTRAMEND_REMAP
  Relative segment, address: 00010000, align: 2
  Segment part 0. ROOT.
    -------------------------------------------------------------------------
INTRAMSTART
  Relative segment, address: 00200000, align: 2
  Segment part 1. ROOT.
    -------------------------------------------------------------------------
INTRAMEND_BEFORE_REMAP
  Relative segment, address: 00210000, align: 2
  Segment part 2. ROOT.
    -------------------------------------------------------------------------
ICODE
  Relative segment, address: 001000A4 - 0010015B (0xb8 bytes), align: 2
  Segment part 3. ROOT.
           ENTRY                   ADDRESS         REF BY
           =====                   =======         ======
           InitReset               001000A4        Segment part 0 (?RESET)
           __main                  00100130 
           LOCAL                   ADDRESS         
           =====                   =======         
           add_pc                  001000C0 
           add_pc_1                001000C4 
           copy                    001000D4 
           PtInitRemap             00100118 
           InitRemap               0010011C 
           ?jump_to_main           00100128 
           ?call_exit              00100134 
           End                     00100134 
           _?0                     00100138 
           _?1                     0010013C 
           _?2                     00100140 
           _?3                     00100144 
           _?4                     00100148 
           _?5                     0010014C 
           _?6                     00100150 
           _?7                     00100154 
           _?8                     00100158 

    *************************************************************************

  FILE NAME : C:\Documents and Settings\Lane Kolbly\My Documents\GitHub\blindnxt\AT91SAM7S256\SAM7S256\Object\Cstartup_SAM7.r79
  PROGRAM MODULE, NAME : Cstartup_SAM7

  SEGMENTS IN THE MODULE
  ======================
ICODE
  Relative segment, address: 0010015C - 00100203 (0xa8 bytes), align: 2
  Segment part 2.
           ENTRY                   ADDRESS         REF BY
           =====                   =======         ======
           AT91F_LowLevelInit      0010015D        Segment part 3 (?RESET_init)
               stack 1 = 00000000 ( 00000008 )

    *************************************************************************

  FILE NAME : C:\Documents and Settings\Lane Kolbly\My Documents\GitHub\blindnxt\AT91SAM7S256\SAM7S256\Object\c_button.r79
  PROGRAM MODULE, NAME : c_button

  SEGMENTS IN THE MODULE
  ======================
DATA_Z
  Relative segment, address: 000007D4 - 000007F7 (0x24 bytes), align: 2
  Segment part 2.             Intra module refs:   Segment part 10
                                                   cButton
           LOCAL                   ADDRESS         
           =====                   =======         
           IOMapButton             000007D4 
    -------------------------------------------------------------------------
DATA_Z
  Relative segment, address: 000007F8 - 00000804 (0xd bytes), align: 2
  Segment part 3.             Intra module refs:   Segment part 9
                                                   cButton
                                                   cButtonCtrl
           LOCAL                   ADDRESS         
           =====                   =======         
           BtnCnt                  00000804 
           VarsButton              000007F8 
    -------------------------------------------------------------------------
DATA_C
  Relative segment, address: 00119F80 - 00119FB3 (0x34 bytes), align: 2
  Segment part 4.
           ENTRY                   ADDRESS         REF BY
           =====                   =======         ======
           cButton                 00119F80        Segment part 5 (m_sched)
    -------------------------------------------------------------------------
CODE
  Relative segment, address: 00100258 - 00100293 (0x3c bytes), align: 2
  Segment part 6.             Intra module refs:   cButton
           ENTRY                   ADDRESS         REF BY
           =====                   =======         ======
           cButtonInit             00100259 
               stack 1 = 00000000 ( 0000000C )
    -------------------------------------------------------------------------
CODE
  Relative segment, address: 00100294 - 00100397 (0x104 bytes), align: 2
  Segment part 8.             Intra module refs:   cButton
           ENTRY                   ADDRESS         REF BY
           =====                   =======         ======
           cButtonCtrl             00100295 
               stack 1 = 00000000 ( 00000018 )
    -------------------------------------------------------------------------
CODE
  Relative segment, address: 00100398 - 0010039B (0x4 bytes), align: 2
  Segment part 9.             Intra module refs:   cButtonCtrl
                                                   cButtonInit
    -------------------------------------------------------------------------
CODE
  Relative segment, address: 0010039C - 0010039F (0x4 bytes), align: 2
  Segment part 10.            Intra module refs:   cButtonCtrl
                                                   cButtonInit
    -------------------------------------------------------------------------
CODE
  Relative segment, address: 001003A0 - 001003A9 (0xa bytes), align: 2
  Segment part 12.            Intra module refs:   cButton
           ENTRY                   ADDRESS         REF BY
           =====                   =======         ======
           cButtonExit             001003A1 
               stack 1 = 00000000 ( 00000004 )
    -------------------------------------------------------------------------
INITTAB
  Relative segment, address: 00119888 - 00119893 (0xc bytes), align: 2
  Segment part 16. ROOT.
           ENTRY                   ADDRESS         REF BY
           =====                   =======         ======
           ?init?tab?DATA_Z        00119888 

    *************************************************************************

  FILE NAME : C:\Documents and Settings\Lane Kolbly\My Documents\GitHub\blindnxt\AT91SAM7S256\SAM7S256\Object\c_cmd.r79
  PROGRAM MODULE, NAME : c_cmd

  SEGMENTS IN THE MODULE
  ======================
DATA_Z
  Relative segment, address: 00000808 - 00008B43 (0x833c bytes), align: 2
  Segment part 12.            Intra module refs:   ?Subroutine176
                                                   Segment part 108
                                                   Segment part 109
                                                   Segment part 112
                                                   Segment part 116
                                                   Segment part 122
                                                   Segment part 135
                                                   Segment part 149
                                                   Segment part 159
                                                   Segment part 166
                                                   Segment part 172
                                                   Segment part 177
                                                   Segment part 186
                                                   Segment part 187
                                                   Segment part 188
                                                   Segment part 192
                                                   Segment part 195
                                                   Segment part 200
                                                   Segment part 204
                                                   Segment part 205
                                                   Segment part 206
                                                   Segment part 209
                                                   Segment part 226
                                                   Segment part 227
                                                   Segment part 228
                                                   Segment part 235
                                                   Segment part 280
                                                   Segment part 283
                                                   Segment part 293
                                                   Segment part 303
                                                   Segment part 306
                                                   Segment part 318
                                                   Segment part 327
                                                   Segment part 332
                                                   Segment part 340
                                                   Segment part 351
                                                   Segment part 354
                                                   Segment part 369
                                                   Segment part 384
                                                   Segment part 414
                                                   Segment part 445
                                                   Segment part 453
                                                   Segment part 458
                                                   Segment part 475
                                                   Segment part 482
                                                   Segment part 511
                                                   Segment part 520
                                                   Segment part 81
                                                   Segment part 87
                                                   Segment part 95
                                                   Segment part 98
                                                   cCmd
                                                   cCmdActivateProgram
                                                   cCmdAllocDopeVector
                                                   cCmdHandleRemoteCommands
                                                   cCmdInit
                                                   cCmdInterpOther
                                                   cCmdInterpPolyBinop
                                                   cCmdInterpUnop2
                                                   cCmdIsClumpIDSane
                                                   cCmdWrapGetStartTick
           LOCAL                   ADDRESS         
           =====                   =======         
           IOMapCmd                00000808 
           VarsCmd                 00008844 
    -------------------------------------------------------------------------
DATA_C
  Relative segment, address: 00119FB4 - 00119FBB (0x8 bytes), align: 2
  Segment part 2.             Intra module refs:   cCmdLoadCalibrationFiles
    -------------------------------------------------------------------------
DATA_C
  Relative segment, address: 00119FBC - 00119FCB (0x10 bytes), align: 2
  Segment part 3.             Intra module refs:   Segment part 107
                                                   Segment part 94
    -------------------------------------------------------------------------
DATA_C
  Relative segment, address: 00119FCC - 00119FD3 (0x8 bytes), align: 2
  Segment part 4.             Intra module refs:   cCmdCopyBitMapBits
    -------------------------------------------------------------------------
DATA_C
  Relative segment, address: 00119FD4 - 00119FDB (0x8 bytes), align: 2
  Segment part 6.             Intra module refs:   cCmdInterpUnop2
    -------------------------------------------------------------------------
DATA_C
  Relative segment, address: 00119FDC - 00119FE3 (0x8 bytes), align: 2
  Segment part 9.             Intra module refs:   cCmdInterpUnop2
    -------------------------------------------------------------------------
DATA_C
  Relative segment, address: 00119FE4 - 00119FEB (0x8 bytes), align: 2
  Segment part 10.            Intra module refs:   cCmdInterpUnop2
    -------------------------------------------------------------------------
DATA_C
  Relative segment, address: 00119FEC - 00119FF3 (0x8 bytes), align: 2
  Segment part 11.            Intra module refs:   cCmdInterpUnop2
    -------------------------------------------------------------------------
DATA_C
  Relative segment, address: 00119FF4 - 0011A027 (0x34 bytes), align: 2
  Segment part 17.
           ENTRY                   ADDRESS         REF BY
           =====                   =======         ======
           cCmd                    00119FF4        Segment part 5 (m_sched)
    -------------------------------------------------------------------------
CODE
  Relative segment, address: 001003AC - 001003F5 (0x4a bytes), align: 2
  Segment part 40.            Intra module refs:   Segment part 24
           ENTRY                   ADDRESS         REF BY
           =====                   =======         ======
           cCmdWrapDrawText        001003AD 
               stack 1 = 00000000 ( 0000000C )
    -------------------------------------------------------------------------
CODE
  Relative segment, address: 001003F8 - 0010042F (0x38 bytes), align: 2
  Segment part 42.            Intra module refs:   Segment part 24
           ENTRY                   ADDRESS         REF BY
           =====                   =======         ======
           cCmdWrapDrawPoint       001003F9 
               stack 1 = 00000000 ( 0000000C )
    -------------------------------------------------------------------------
CODE
  Relative segment, address: 00100430 - 0010046F (0x40 bytes), align: 2
  Segment part 44.            Intra module refs:   Segment part 24
           ENTRY                   ADDRESS         REF BY
           =====                   =======         ======
           cCmdWrapDrawLine        00100431 
               stack 1 = 00000000 ( 00000010 )
    -------------------------------------------------------------------------
CODE
  Relative segment, address: 00100470 - 00100539 (0xca bytes), align: 2
  Segment part 46.            Intra module refs:   Segment part 24
           ENTRY                   ADDRESS         REF BY
           =====                   =======         ======
           cCmdWrapDrawCircle      00100471 
               stack 1 = 00000000 ( 0000002C )
    -------------------------------------------------------------------------
CODE
  Relative segment, address: 0010053C - 0010057B (0x40 bytes), align: 2
  Segment part 48.            Intra module refs:   Segment part 24
           ENTRY                   ADDRESS         REF BY
           =====                   =======         ======
           cCmdWrapDrawRect        0010053D 
               stack 1 = 00000000 ( 00000010 )
    -------------------------------------------------------------------------
CODE
  Relative segment, address: 0010057C - 0010057F (0x4 bytes), align: 2
  Segment part 49.            Intra module refs:   cCmdWrapDrawCircle
                                                   cCmdWrapDrawLine
                                                   cCmdWrapDrawPoint
                                                   cCmdWrapDrawRect
                                                   cCmdWrapDrawText
    -------------------------------------------------------------------------
CODE
  Relative segment, address: 00100580 - 00100593 (0x14 bytes), align: 2
  Segment part 51.            Intra module refs:   cCmdResolveValue
                                                   cCmdWrapDrawPicture
           ENTRY                   ADDRESS         REF BY
           =====                   =======         ======
           cCmdGetIMGData          00100581 
               stack 1 = 00000000 ( 00000004 )
    -------------------------------------------------------------------------
CODE
  Relative segment, address: 00100594 - 001005A7 (0x14 bytes), align: 2
  Segment part 53.            Intra module refs:   cCmdWrapDrawPicture
           ENTRY                   ADDRESS         REF BY
           =====                   =======         ======
           cCmdSetIMGData          00100595 
               stack 1 = 00000000 ( 00000004 )
    -------------------------------------------------------------------------
CODE
  Relative segment, address: 001005A8 - 001005AB (0x4 bytes), align: 2
  Segment part 54.            Intra module refs:   cCmdGetIMGData
                                                   cCmdSetIMGData
    -------------------------------------------------------------------------
CODE
  Relative segment, address: 001005AC - 0010061B (0x70 bytes), align: 2
  Segment part 56.            Intra module refs:   cCmdWrapDrawPicture
           ENTRY                   ADDRESS         REF BY
           =====                   =======         ======
           cCmdResolveValue        001005AD 
               stack 1 = 00000000 ( 00000014 )
    -------------------------------------------------------------------------
CODE
  Relative segment, address: 0010061C - 001008CF (0x2b4 bytes), align: 2
  Segment part 58.            Intra module refs:   Segment part 24
           ENTRY                   ADDRESS         REF BY
           =====                   =======         ======
           cCmdWrapDrawPicture     0010061D 
               stack 1 = 00000000 ( 00000058 )
    -------------------------------------------------------------------------
CODE
  Relative segment, address: 001008D0 - 001008D3 (0x4 bytes), align: 2
  Segment part 59.            Intra module refs:   cCmdResolveValue
                                                   cCmdWrapDrawPicture
    -------------------------------------------------------------------------
CODE
  Relative segment, address: 001008D4 - 001008D7 (0x4 bytes), align: 2
  Segment part 60.            Intra module refs:   cCmdWrapDrawPicture
    -------------------------------------------------------------------------
CODE
  Relative segment, address: 001008D8 - 001008DB (0x4 bytes), align: 2
  Segment part 61.            Intra module refs:   cCmdWrapDrawPicture
    -------------------------------------------------------------------------
CODE
  Relative segment, address: 001008DC - 00100973 (0x98 bytes), align: 2
  Segment part 63.            Intra module refs:   cCmdDrawRect
                                                   cCmdWrapDrawLine
                                                   cCmdWrapDrawPicture
           ENTRY                   ADDRESS         REF BY
           =====                   =======         ======
           cCmdDrawLine            001008DD 
               stack 1 = 00000000 ( 00000028 )
    -------------------------------------------------------------------------
CODE
  Relative segment, address: 00100974 - 001009AB (0x38 bytes), align: 2
  Segment part 65.            Intra module refs:   cCmdWrapDrawPicture
                                                   cCmdWrapDrawRect
           ENTRY                   ADDRESS         REF BY
           =====                   =======         ======
           cCmdDrawRect            00100975 
               stack 1 = 00000000 ( 00000014 )
    -------------------------------------------------------------------------
CODE
  Relative segment, address: 001009AC - 001009B1 (0x6 bytes), align: 2
  Segment part 66.            Intra module refs:   cCmdCopyBitMapBits
                                                   cCmdCtrl
                                                   cCmdDrawLine
                                                   cCmdDrawRect
                                                   cCmdDrawString
                                                   cCmdInit
                                                   cCmdLoadCalibrationFiles
           LOCAL                   ADDRESS         
           =====                   =======         
           ?Subroutine173          001009AD 
    -------------------------------------------------------------------------
CODE
  Relative segment, address: 001009B4 - 00100ABB (0x108 bytes), align: 2
  Segment part 68.            Intra module refs:   cCmdWrapDrawPicture
           ENTRY                   ADDRESS         REF BY
           =====                   =======         ======
           cCmdCopyBitMapBits      001009B5 
               stack 1 = 00000000 ( 00000040 )
    -------------------------------------------------------------------------
CODE
  Relative segment, address: 00100ABC - 00100AEF (0x34 bytes), align: 2
  Segment part 70.            Intra module refs:   cCmdDrawLine
                                                   cCmdWrapDrawCircle
                                                   cCmdWrapDrawPicture
                                                   cCmdWrapDrawPoint
           ENTRY                   ADDRESS         REF BY
           =====                   =======         ======
           cCmdSetPixel            00100ABD 
               stack 1 = 00000000 ( 00000014 )
    -------------------------------------------------------------------------
CODE
  Relative segment, address: 00100AF0 - 00100B03 (0x14 bytes), align: 2
  Segment part 72.            Intra module refs:   Segment part 24
           ENTRY                   ADDRESS         REF BY
           =====                   =======         ======
           cCmdWrapSetScreenMode   00100AF1 
               stack 1 = 00000000 ( 00000008 )
    -------------------------------------------------------------------------
CODE
  Relative segment, address: 00100B04 - 00100B47 (0x44 bytes), align: 2
  Segment part 74.            Intra module refs:   cCmdWrapDrawCircle
                                                   cCmdWrapDrawLine
                                                   cCmdWrapDrawPicture
                                                   cCmdWrapDrawPoint
                                                   cCmdWrapDrawRect
                                                   cCmdWrapDrawText
           ENTRY                   ADDRESS         REF BY
           =====                   =======         ======
           cCmdClearScreenIfNeeded
                                   00100B05 
               stack 1 = 00000000 ( 00000014 )
    -------------------------------------------------------------------------
CODE
  Relative segment, address: 00100B48 - 00100BA7 (0x60 bytes), align: 2
  Segment part 76.            Intra module refs:   cCmdWrapDrawPicture
                                                   cCmdWrapDrawText
           ENTRY                   ADDRESS         REF BY
           =====                   =======         ======
           cCmdDrawString          00100B49 
               stack 1 = 00000000 ( 00000014 )
    -------------------------------------------------------------------------
CODE
  Relative segment, address: 00100BA8 - 00100BAB (0x4 bytes), align: 2
  Segment part 77.            Intra module refs:   cCmdCopyBitMapBits
                                                   cCmdDrawString
                                                   cCmdSetPixel
    -------------------------------------------------------------------------
CODE
  Relative segment, address: 00100BAC - 00100BEB (0x40 bytes), align: 2
  Segment part 79.            Intra module refs:   cCmdCtrl
                                                   cCmdWrapSetScreenMode
           ENTRY                   ADDRESS         REF BY
           =====                   =======         ======
           cCmdRestoreDefaultScreen
                                   00100BAD 
               stack 1 = 00000000 ( 00000014 )
    -------------------------------------------------------------------------
CODE
  Relative segment, address: 00100BEC - 00100BF1 (0x6 bytes), align: 2
  Segment part 80.            Intra module refs:   cCmdClearScreenIfNeeded
                                                   cCmdEnQClump
                                                   cCmdRestoreDefaultScreen
           LOCAL                   ADDRESS         
           =====                   =======         
           ?Subroutine175          00100BED 
    -------------------------------------------------------------------------
CODE
  Relative segment, address: 00100BF4 - 00100BF7 (0x4 bytes), align: 2
  Segment part 81.            Intra module refs:   cCmdClearScreenIfNeeded
                                                   cCmdRestoreDefaultScreen
    -------------------------------------------------------------------------
CODE
  Relative segment, address: 00100BF8 - 00100BFB (0x4 bytes), align: 2
  Segment part 82.            Intra module refs:   cCmdClearScreenIfNeeded
                                                   cCmdRestoreDefaultScreen
    -------------------------------------------------------------------------
DATA_Z
  Relative segment, address: 00008B44 - 00008BA3 (0x60 bytes), align: 2
  Segment part 31.            Intra module refs:   Segment part 30
                                                   cCmdInit
           ENTRY                   ADDRESS         REF BY
           =====                   =======         ======
           IO_PTRS_IN              00008B44 
    -------------------------------------------------------------------------
DATA_Z
  Relative segment, address: 00008BA4 - 00008C57 (0xb4 bytes), align: 2
  Segment part 32.            Intra module refs:   Segment part 30
                                                   cCmdInit
           ENTRY                   ADDRESS         REF BY
           =====                   =======         ======
           IO_PTRS_OUT             00008BA4 
    -------------------------------------------------------------------------
CODE
  Relative segment, address: 00100BFC - 00100C4B (0x50 bytes), align: 2
  Segment part 84.            Intra module refs:   cCmdHandleRemoteCommands
           ENTRY                   ADDRESS         REF BY
           =====                   =======         ======
           cCmdBTGetDeviceType     00100BFD 
               stack 1 = 00000000 ( 00000008 )
    -------------------------------------------------------------------------
CODE
  Relative segment, address: 00100C4C - 00101547 (0x8fc bytes), align: 2
  Segment part 86.            Intra module refs:   cCmdInit
           ENTRY                   ADDRESS         REF BY
           =====                   =======         ======
           cCmdHandleRemoteCommands
                                   00100C4D 
               stack 1 = 00000000 ( 0000003C )
    -------------------------------------------------------------------------
CODE
  Relative segment, address: 00101548 - 0010154B (0x4 bytes), align: 2
  Segment part 87.            Intra module refs:   cCmdHandleRemoteCommands
    -------------------------------------------------------------------------
CODE
  Relative segment, address: 0010154C - 0010154F (0x4 bytes), align: 2
  Segment part 88.            Intra module refs:   cCmdHandleRemoteCommands
    -------------------------------------------------------------------------
CODE
  Relative segment, address: 00101550 - 00101553 (0x4 bytes), align: 2
  Segment part 89.            Intra module refs:   cCmdHandleRemoteCommands
    -------------------------------------------------------------------------
CODE
  Relative segment, address: 00101554 - 001016D3 (0x180 bytes), align: 2
  Segment part 91.            Intra module refs:   cCmd
           ENTRY                   ADDRESS         REF BY
           =====                   =======         ======
           cCmdInit                00101555 
               stack 1 = 00000000 ( 00000014 )
    -------------------------------------------------------------------------
CODE
  Relative segment, address: 001016D4 - 001016D7 (0x4 bytes), align: 2
  Segment part 92.            Intra module refs:   cCmdHandleRemoteCommands
                                                   cCmdInit
    -------------------------------------------------------------------------
CODE
  Relative segment, address: 001016D8 - 001016DB (0x4 bytes), align: 2
  Segment part 93.            Intra module refs:   cCmdInit
    -------------------------------------------------------------------------
CODE
  Relative segment, address: 001016DC - 001016DF (0x4 bytes), align: 2
  Segment part 94.            Intra module refs:   cCmdInit
    -------------------------------------------------------------------------
CODE
  Relative segment, address: 001016E0 - 001016E3 (0x4 bytes), align: 2
  Segment part 95.            Intra module refs:   cCmdInit
    -------------------------------------------------------------------------
CODE
  Relative segment, address: 001016E4 - 001018AF (0x1cc bytes), align: 2
  Segment part 97.            Intra module refs:   cCmd
           ENTRY                   ADDRESS         REF BY
           =====                   =======         ======
           cCmdCtrl                001016E5 
               stack 1 = 00000000 ( 0000001C )
    -------------------------------------------------------------------------
CODE
  Relative segment, address: 001018B0 - 001018B3 (0x4 bytes), align: 2
  Segment part 98.            Intra module refs:   cCmdCtrl
                                                   cCmdInit
    -------------------------------------------------------------------------
CODE
  Relative segment, address: 001018B4 - 001018B7 (0x4 bytes), align: 2
  Segment part 99.            Intra module refs:   cCmdCtrl
    -------------------------------------------------------------------------
CODE
  Relative segment, address: 001018B8 - 001018BB (0x4 bytes), align: 2
  Segment part 100.           Intra module refs:   cCmdCtrl
    -------------------------------------------------------------------------
CODE
  Relative segment, address: 001018BC - 001018BF (0x4 bytes), align: 2
  Segment part 101.           Intra module refs:   cCmdCtrl
                                                   cCmdInit
    -------------------------------------------------------------------------
CODE
  Relative segment, address: 001018C0 - 001018C9 (0xa bytes), align: 2
  Segment part 103.           Intra module refs:   cCmd
           ENTRY                   ADDRESS         REF BY
           =====                   =======         ======
           cCmdExit                001018C1 
               stack 1 = 00000000 ( 00000004 )
    -------------------------------------------------------------------------
CODE
  Relative segment, address: 001018CC - 00101A2B (0x160 bytes), align: 2
  Segment part 105.           Intra module refs:   cCmdActivateProgram
           ENTRY                   ADDRESS         REF BY
           =====                   =======         ======
           cCmdReadFileHeader      001018CD 
               stack 1 = 00000000 ( 0000001C )
    -------------------------------------------------------------------------
CODE
  Relative segment, address: 00101A2C - 00101A3F (0x14 bytes), align: 2
  Segment part 106.           Intra module refs:   cCmdBinopFlt
                                                   cCmdCalcFlattenedSize
                                                   cCmdDatalogRead
                                                   cCmdInterpScalarUnop2
                                                   cCmdLSWrite
                                                   cCmdMemMgrMoveToTail
                                                   cCmdMove
                                                   cCmdReadFileHeader
                                                   cCmdVerifyMemMgr
           LOCAL                   ADDRESS         
           =====                   =======         
           ?Subroutine176          00101A2D 
    -------------------------------------------------------------------------
CODE
  Relative segment, address: 00101A40 - 00101A43 (0x4 bytes), align: 2
  Segment part 107.           Intra module refs:   cCmdReadFileHeader
    -------------------------------------------------------------------------
CODE
  Relative segment, address: 00101A44 - 00101A47 (0x4 bytes), align: 2
  Segment part 108.           Intra module refs:   cCmdReadFileHeader
    -------------------------------------------------------------------------
CODE
  Relative segment, address: 00101A48 - 00101A4B (0x4 bytes), align: 2
  Segment part 109.           Intra module refs:   cCmdReadFileHeader
    -------------------------------------------------------------------------
CODE
  Relative segment, address: 00101A4C - 00101AF1 (0xa6 bytes), align: 2
  Segment part 111.           Intra module refs:   cCmdActivateProgram
           ENTRY                   ADDRESS         REF BY
           =====                   =======         ======
           cCmdInflateDSDefaults   00101A4D 
               stack 1 = 00000000 ( 00000020 )
    -------------------------------------------------------------------------
CODE
  Relative segment, address: 00101AF4 - 00101AF7 (0x4 bytes), align: 2
  Segment part 112.           Intra module refs:   cCmdInflateDSDefaults
    -------------------------------------------------------------------------
CODE
  Relative segment, address: 00101AF8 - 00101AFB (0x4 bytes), align: 2
  Segment part 113.           Intra module refs:   cCmdInflateDSDefaults
    -------------------------------------------------------------------------
CODE
  Relative segment, address: 00101AFC - 00101B37 (0x3c bytes), align: 2
  Segment part 115.           Intra module refs:   cCmdActivateProgram
                                                   cCmdDeQClump
                                                   cCmdEnQClump
                                                   cCmdRotateQ
           ENTRY                   ADDRESS         REF BY
           =====                   =======         ======
           cCmdRefreshActiveClump
                                   00101AFD 
               stack 1 = 00000000 ( 00000004 )
    -------------------------------------------------------------------------
CODE
  Relative segment, address: 00101B38 - 00101B3B (0x4 bytes), align: 2
  Segment part 116.           Intra module refs:   cCmdRefreshActiveClump
    -------------------------------------------------------------------------
CODE
  Relative segment, address: 00101B3C - 00101B3F (0x4 bytes), align: 2
  Segment part 117.           Intra module refs:   cCmdRefreshActiveClump
    -------------------------------------------------------------------------
CODE
  Relative segment, address: 00101B40 - 00101EFF (0x3c0 bytes), align: 2
  Segment part 119.           Intra module refs:   cCmdCtrl
           ENTRY                   ADDRESS         REF BY
           =====                   =======         ======
           cCmdActivateProgram     00101B41 
               stack 1 = 00000000 ( 00000060 )
    -------------------------------------------------------------------------
CODE
  Relative segment, address: 00101F00 - 00101F03 (0x4 bytes), align: 2
  Segment part 120.           Intra module refs:   cCmdActivateProgram
    -------------------------------------------------------------------------
CODE
  Relative segment, address: 00101F04 - 00101F07 (0x4 bytes), align: 2
  Segment part 121.           Intra module refs:   cCmdActivateProgram
    -------------------------------------------------------------------------
CODE
  Relative segment, address: 00101F08 - 00101F0B (0x4 bytes), align: 2
  Segment part 122.           Intra module refs:   cCmdActivateProgram
    -------------------------------------------------------------------------
CODE
  Relative segment, address: 00101F0C - 00101FB7 (0xac bytes), align: 2
  Segment part 124.           Intra module refs:   cCmdActivateProgram
                                                   cCmdCtrl
                                                   cCmdInit
           ENTRY                   ADDRESS         REF BY
           =====                   =======         ======
           cCmdDeactivateProgram   00101F0D 
               stack 1 = 00000000 ( 00000018 )
    -------------------------------------------------------------------------
CODE
  Relative segment, address: 00101FB8 - 00101FBB (0x4 bytes), align: 2
  Segment part 125.           Intra module refs:   cCmdActivateProgram
                                                   cCmdDeactivateProgram
    -------------------------------------------------------------------------
CODE
  Relative segment, address: 00101FBC - 00101FBF (0x4 bytes), align: 2
  Segment part 126.           Intra module refs:   cCmdDeactivateProgram
    -------------------------------------------------------------------------
CODE
  Relative segment, address: 00101FC0 - 001020ED (0x12e bytes), align: 2
  Segment part 128.           Intra module refs:   cCmdCtrl
           ENTRY                   ADDRESS         REF BY
           =====                   =======         ======
           cCmdResetDevices        00101FC1 
               stack 1 = 00000000 ( 00000010 )
    -------------------------------------------------------------------------
CODE
  Relative segment, address: 001020F0 - 001020F3 (0x4 bytes), align: 2
  Segment part 129.           Intra module refs:   cCmdDeactivateProgram
                                                   cCmdResetDevices
    -------------------------------------------------------------------------
CODE
  Relative segment, address: 001020F4 - 00102135 (0x42 bytes), align: 2
  Segment part 131.           Intra module refs:   cCmdAcquireMutex
                                                   cCmdActivateProgram
                                                   cCmdCheckRestQ
                                                   cCmdInterpShortSubCall
                                                   cCmdInterpUnop1
                                                   cCmdInterpUnop2
                                                   cCmdReleaseMutex
                                                   cCmdSchedDependent
                                                   cCmdSchedDependents
                                                   cCmdSleepClump
           ENTRY                   ADDRESS         REF BY
           =====                   =======         ======
           cCmdEnQClump            001020F5 
               stack 1 = 00000000 ( 0000000C )
    -------------------------------------------------------------------------
CODE
  Relative segment, address: 00102138 - 001021A7 (0x70 bytes), align: 2
  Segment part 133.           Intra module refs:   cCmdAcquireMutex
                                                   cCmdCheckRestQ
                                                   cCmdInterpShortSubCall
                                                   cCmdInterpUnop1
                                                   cCmdInterpUnop2
                                                   cCmdReleaseMutex
                                                   cCmdSleepClump
           ENTRY                   ADDRESS         REF BY
           =====                   =======         ======
           cCmdDeQClump            00102139 
               stack 1 = 00000000 ( 00000018 )
    -------------------------------------------------------------------------
CODE
  Relative segment, address: 001021A8 - 001021AD (0x6 bytes), align: 2
  Segment part 134.           Intra module refs:   cCmdDeQClump
                                                   cCmdDeactivateProgram
                                                   cCmdUpdateCalibrationCache
           LOCAL                   ADDRESS         
           =====                   =======         
           ?Subroutine178          001021A9 
    -------------------------------------------------------------------------
CODE
  Relative segment, address: 001021B0 - 001021B3 (0x4 bytes), align: 2
  Segment part 135.           Intra module refs:   cCmdActivateProgram
                                                   cCmdDeQClump
                                                   cCmdDeactivateProgram
                                                   cCmdEnQClump
    -------------------------------------------------------------------------
CODE
  Relative segment, address: 001021B4 - 001021E7 (0x34 bytes), align: 2
  Segment part 137.           Intra module refs:   cCmdCtrl
           ENTRY                   ADDRESS         REF BY
           =====                   =======         ======
           cCmdRotateQ             001021B5 
               stack 1 = 00000000 ( 00000010 )
    -------------------------------------------------------------------------
CODE
  Relative segment, address: 001021E8 - 001021ED (0x6 bytes), align: 2
  Segment part 138.           Intra module refs:   cCmdResetDevices
                                                   cCmdRotateQ
           LOCAL                   ADDRESS         
           =====                   =======         
           ?Subroutine179          001021E9 
    -------------------------------------------------------------------------
CODE
  Relative segment, address: 001021F0 - 001021F3 (0x4 bytes), align: 2
  Segment part 139.           Intra module refs:   cCmdDeQClump
                                                   cCmdDeactivateProgram
                                                   cCmdEnQClump
                                                   cCmdRotateQ
    -------------------------------------------------------------------------
CODE
  Relative segment, address: 001021F4 - 0010221D (0x2a bytes), align: 2
  Segment part 146.           Intra module refs:   cCmdInterpShortAcquire
                                                   cCmdInterpUnop1
           ENTRY                   ADDRESS         REF BY
           =====                   =======         ======
           cCmdAcquireMutex        001021F5 
               stack 1 = 00000000 ( 0000000C )
    -------------------------------------------------------------------------
CODE
  Relative segment, address: 00102220 - 0010223D (0x1e bytes), align: 2
  Segment part 148.           Intra module refs:   cCmdInterpShortRelease
                                                   cCmdInterpUnop1
           ENTRY                   ADDRESS         REF BY
           =====                   =======         ======
           cCmdReleaseMutex        00102221 
               stack 1 = 00000000 ( 00000008 )
    -------------------------------------------------------------------------
CODE
  Relative segment, address: 00102240 - 00102243 (0x4 bytes), align: 2
  Segment part 149.           Intra module refs:   cCmdAcquireMutex
                                                   cCmdReleaseMutex
    -------------------------------------------------------------------------
CODE
  Relative segment, address: 00102244 - 00102273 (0x30 bytes), align: 2
  Segment part 151.           Intra module refs:   cCmdInterpUnop2
           ENTRY                   ADDRESS         REF BY
           =====                   =======         ======
           cCmdSleepClump          00102245 
               stack 1 = 00000000 ( 00000014 )
    -------------------------------------------------------------------------
CODE
  Relative segment, address: 00102274 - 001022B7 (0x44 bytes), align: 2
  Segment part 153.           Intra module refs:   cCmdCtrl
           ENTRY                   ADDRESS         REF BY
           =====                   =======         ======
           cCmdCheckRestQ          00102275 
               stack 1 = 00000000 ( 00000018 )
    -------------------------------------------------------------------------
CODE
  Relative segment, address: 001022B8 - 001022BB (0x4 bytes), align: 2
  Segment part 154.           Intra module refs:   cCmdCheckRestQ
                                                   cCmdSleepClump
    -------------------------------------------------------------------------
CODE
  Relative segment, address: 001022BC - 00102311 (0x56 bytes), align: 2
  Segment part 156.           Intra module refs:   cCmdInterpUnop2
           ENTRY                   ADDRESS         REF BY
           =====                   =======         ======
           cCmdSchedDependents     001022BD 
               stack 1 = 00000000 ( 00000018 )
    -------------------------------------------------------------------------
CODE
  Relative segment, address: 00102314 - 00102337 (0x24 bytes), align: 2
  Segment part 158.           Intra module refs:   cCmdInterpUnop1
           ENTRY                   ADDRESS         REF BY
           =====                   =======         ======
           cCmdSchedDependent      00102315 
               stack 1 = 00000000 ( 00000004 )
    -------------------------------------------------------------------------
CODE
  Relative segment, address: 00102338 - 0010233B (0x4 bytes), align: 2
  Segment part 159.           Intra module refs:   cCmdCheckRestQ
                                                   cCmdRotateQ
                                                   cCmdSchedDependent
                                                   cCmdSchedDependents
                                                   cCmdSleepClump
    -------------------------------------------------------------------------
CODE
  Relative segment, address: 0010233C - 0010233F (0x4 bytes), align: 2
  Segment part 160.           Intra module refs:   cCmdCheckRestQ
                                                   cCmdDeQClump
                                                   cCmdEnQClump
                                                   cCmdRotateQ
                                                   cCmdSchedDependent
                                                   cCmdSchedDependents
                                                   cCmdSleepClump
    -------------------------------------------------------------------------
CODE
  Relative segment, address: 00102340 - 00102343 (0x4 bytes), align: 2
  Segment part 161.           Intra module refs:   cCmdCheckRestQ
                                                   cCmdSchedDependent
                                                   cCmdSchedDependents
                                                   cCmdSleepClump
    -------------------------------------------------------------------------
CODE
  Relative segment, address: 00102344 - 0010235B (0x18 bytes), align: 2
  Segment part 163.           Intra module refs:   cCmdCtrl
                                                   cCmdInterpFromClump
           ENTRY                   ADDRESS         REF BY
           =====                   =======         ======
           cCmdIsClumpIDSane       00102345 
               stack 1 = 00000000 ( 00000004 )
    -------------------------------------------------------------------------
CODE
  Relative segment, address: 0010235C - 0010238B (0x30 bytes), align: 2
  Segment part 165.           Intra module refs:   cCmdActivateProgram
                                                   cCmdInit
           ENTRY                   ADDRESS         REF BY
           =====                   =======         ======
           cCmdInitPool            0010235D 
               stack 1 = 00000000 ( 00000004 )
    -------------------------------------------------------------------------
CODE
  Relative segment, address: 0010238C - 0010238F (0x4 bytes), align: 2
  Segment part 166.           Intra module refs:   cCmdInitPool
    -------------------------------------------------------------------------
CODE
  Relative segment, address: 00102390 - 0010244F (0xc0 bytes), align: 2
  Segment part 168.           Intra module refs:   cCmdInterpBinop
                                                   cCmdInterpOther
                                                   cCmdInterpPolyBinop
                                                   cCmdInterpPolyUnop2
                                                   cCmdInterpUnop2
                                                   cCmdMove
           ENTRY                   ADDRESS         REF BY
           =====                   =======         ======
           cCmdDSArrayAlloc        00102391 
               stack 1 = 00000000 ( 00000020 )
    -------------------------------------------------------------------------
CODE
  Relative segment, address: 00102450 - 00102455 (0x6 bytes), align: 2
  Segment part 169.           Intra module refs:   cCmdColorSensorRead
                                                   cCmdDSArrayAlloc
                                                   cCmdDSCompact
                                                   cCmdDVArrayAlloc
                                                   cCmdInflateDSDefaults
                                                   cCmdWrapMessageRead
           LOCAL                   ADDRESS         
           =====                   =======         
           ?Subroutine177          00102451 
    -------------------------------------------------------------------------
CODE
  Relative segment, address: 00102458 - 00102537 (0xe0 bytes), align: 2
  Segment part 171.           Intra module refs:   ?Subroutine172
                                                   ResizeCalibCache
                                                   cCmdDSArrayAlloc
                                                   cCmdDatalogWrite
                                                   cCmdMessageWrite
                                                   cCmdWrapColorSensorRead
                                                   cCmdWrapFileRead
                                                   cCmdWrapIOMapRead
                                                   cCmdWrapListFiles
                                                   cCmdWrapMessageRead
           ENTRY                   ADDRESS         REF BY
           =====                   =======         ======
           cCmdDVArrayAlloc        00102459 
               stack 1 = 00000000 ( 00000020 )
    -------------------------------------------------------------------------
CODE
  Relative segment, address: 00102538 - 0010253B (0x4 bytes), align: 2
  Segment part 172.           Intra module refs:   cCmdDVArrayAlloc
    -------------------------------------------------------------------------
CODE
  Relative segment, address: 0010253C - 001025B7 (0x7c bytes), align: 2
  Segment part 174.           Intra module refs:   cCmdDSArrayAlloc
           ENTRY                   ADDRESS         REF BY
           =====                   =======         ======
           cCmdAllocSubArrayDopeVectors
                                   0010253D 
               stack 1 = 00000000 ( 00000024 )
    -------------------------------------------------------------------------
CODE
  Relative segment, address: 001025B8 - 0010265D (0xa6 bytes), align: 2
  Segment part 176.           Intra module refs:   cCmdDSArrayAlloc
           ENTRY                   ADDRESS         REF BY
           =====                   =======         ======
           cCmdFreeSubArrayDopeVectors
                                   001025B9 
               stack 1 = 00000000 ( 00000024 )
    -------------------------------------------------------------------------
CODE
  Relative segment, address: 00102660 - 00102663 (0x4 bytes), align: 2
  Segment part 177.           Intra module refs:   cCmdAllocSubArrayDopeVectors
                                                   cCmdDSArrayAlloc
                                                   cCmdFreeSubArrayDopeVectors
    -------------------------------------------------------------------------
CODE
  Relative segment, address: 00102664 - 001026CF (0x6c bytes), align: 2
  Segment part 179.           Intra module refs:   ResizeCalibCache
                                                   cCmdAllocSubArrayDopeVectors
                                                   cCmdDatalogWrite
                                                   cCmdMessageWrite
                                                   cCmdWrapListFiles
           ENTRY                   ADDRESS         REF BY
           =====                   =======         ======
           cCmdAllocDopeVector     00102665 
               stack 1 = 00000000 ( 00000014 )
    -------------------------------------------------------------------------
CODE
  Relative segment, address: 001026D0 - 00102743 (0x74 bytes), align: 2
  Segment part 181.           Intra module refs:   cCmdDatalogRead
                                                   cCmdDatalogWrite
                                                   cCmdFreeSubArrayDopeVectors
                                                   cCmdMessageRead
                                                   cCmdMessageWrite
           ENTRY                   ADDRESS         REF BY
           =====                   =======         ======
           cCmdFreeDopeVector      001026D1 
               stack 1 = 00000000 ( 00000018 )
    -------------------------------------------------------------------------
CODE
  Relative segment, address: 00102744 - 0010274B (0x8 bytes), align: 2
  Segment part 182.           Intra module refs:   cCmdCalcArrayElemSize
                                                   cCmdCheckRestQ
                                                   cCmdCompareAggregates
                                                   cCmdDatalogWrite
                                                   cCmdFreeDopeVector
                                                   cCmdLSRead
                                                   cCmdMessageWrite
                                                   cCmdSchedDependents
                                                   cCmdWrapColorSensorRead
                                                   cCmdWrapCommBTConnection
           LOCAL                   ADDRESS         
           =====                   =======         
           ?Subroutine180          00102745 
    -------------------------------------------------------------------------
CODE
  Relative segment, address: 0010274C - 0010274F (0x4 bytes), align: 2
  Segment part 183.           Intra module refs:   cCmdAllocDopeVector
                                                   cCmdDVArrayAlloc
                                                   cCmdFreeDopeVector
    -------------------------------------------------------------------------
CODE
  Relative segment, address: 00102750 - 0010281D (0xce bytes), align: 2
  Segment part 185.           Intra module refs:   cCmdActivateProgram
                                                   cCmdAllocDopeVector
           ENTRY                   ADDRESS         REF BY
           =====                   =======         ======
           cCmdGrowDopeVectorArray
                                   00102751 
               stack 1 = 00000000 ( 00000014 )
    -------------------------------------------------------------------------
CODE
  Relative segment, address: 00102820 - 00102823 (0x4 bytes), align: 2
  Segment part 186.           Intra module refs:   cCmdGrowDopeVectorArray
    -------------------------------------------------------------------------
CODE
  Relative segment, address: 00102824 - 00102827 (0x4 bytes), align: 2
  Segment part 187.           Intra module refs:   cCmdGrowDopeVectorArray
    -------------------------------------------------------------------------
CODE
  Relative segment, address: 00102828 - 0010282B (0x4 bytes), align: 2
  Segment part 188.           Intra module refs:   cCmdGrowDopeVectorArray
    -------------------------------------------------------------------------
CODE
  Relative segment, address: 0010282C - 001028AB (0x80 bytes), align: 2
  Segment part 190.           Intra module refs:   cCmdAllocSubArrayDopeVectors
           ENTRY                   ADDRESS         REF BY
           =====                   =======         ======
           cCmdCalcArrayElemSize   0010282D 
               stack 1 = 00000000 ( 00000018 )
    -------------------------------------------------------------------------
CODE
  Relative segment, address: 001028AC - 001028AF (0x4 bytes), align: 2
  Segment part 191.           Intra module refs:   cCmdCalcArrayElemSize
    -------------------------------------------------------------------------
CODE
  Relative segment, address: 001028B0 - 001028B3 (0x4 bytes), align: 2
  Segment part 192.           Intra module refs:   cCmdCalcArrayElemSize
    -------------------------------------------------------------------------
CODE
  Relative segment, address: 001028B4 - 0010292D (0x7a bytes), align: 2
  Segment part 194.           Intra module refs:   cCmdDVArrayAlloc
                                                   cCmdGrowDopeVectorArray
           ENTRY                   ADDRESS         REF BY
           =====                   =======         ======
           cCmdMemMgrMoveToTail    001028B5 
               stack 1 = 00000000 ( 0000001C )
    -------------------------------------------------------------------------
CODE
  Relative segment, address: 00102930 - 00102933 (0x4 bytes), align: 2
  Segment part 195.           Intra module refs:   cCmdFreeDopeVector
                                                   cCmdMemMgrMoveToTail
    -------------------------------------------------------------------------
CODE
  Relative segment, address: 00102934 - 00102963 (0x30 bytes), align: 2
  Segment part 197.           Intra module refs:   cCmdAllocDopeVector
           ENTRY                   ADDRESS         REF BY
           =====                   =======         ======
           cCmdMemMgrInsertAtTail
                                   00102935 
               stack 1 = 00000000 ( 00000004 )
    -------------------------------------------------------------------------
CODE
  Relative segment, address: 00102964 - 00102A13 (0xb0 bytes), align: 2
  Segment part 199.           Intra module refs:   cCmdActivateProgram
           ENTRY                   ADDRESS         REF BY
           =====                   =======         ======
           cCmdVerifyMemMgr        00102965 
               stack 1 = 00000000 ( 0000001C )
    -------------------------------------------------------------------------
CODE
  Relative segment, address: 00102A14 - 00102A17 (0x4 bytes), align: 2
  Segment part 200.           Intra module refs:   cCmdVerifyMemMgr
    -------------------------------------------------------------------------
CODE
  Relative segment, address: 00102A18 - 00102A1B (0x4 bytes), align: 2
  Segment part 201.           Intra module refs:   cCmdGrowDopeVectorArray
                                                   cCmdMemMgrInsertAtTail
                                                   cCmdMemMgrMoveToTail
                                                   cCmdVerifyMemMgr
    -------------------------------------------------------------------------
CODE
  Relative segment, address: 00102A1C - 00102AE7 (0xcc bytes), align: 2
  Segment part 203.           Intra module refs:   cCmdHandleRemoteCommands
                                                   cCmdInterpFromClump
           ENTRY                   ADDRESS         REF BY
           =====                   =======         ======
           cCmdDSCompact           00102A1D 
               stack 1 = 00000000 ( 00000020 )
    -------------------------------------------------------------------------
CODE
  Relative segment, address: 00102AE8 - 00102AEB (0x4 bytes), align: 2
  Segment part 204.           Intra module refs:   cCmdDSCompact
    -------------------------------------------------------------------------
CODE
  Relative segment, address: 00102AEC - 00102AEF (0x4 bytes), align: 2
  Segment part 205.           Intra module refs:   cCmdDSCompact
    -------------------------------------------------------------------------
CODE
  Relative segment, address: 00102AF0 - 00102AF3 (0x4 bytes), align: 2
  Segment part 206.           Intra module refs:   cCmdDSCompact
    -------------------------------------------------------------------------
CODE
  Relative segment, address: 00102AF4 - 00102BC5 (0xd2 bytes), align: 2
  Segment part 208.           Intra module refs:   cCmdHandleRemoteCommands
                                                   cCmdWrapMessageWrite
           ENTRY                   ADDRESS         REF BY
           =====                   =======         ======
           cCmdMessageWrite        00102AF5 
               stack 1 = 00000000 ( 00000018 )
    -------------------------------------------------------------------------
CODE
  Relative segment, address: 00102BC8 - 00102BCB (0x4 bytes), align: 2
  Segment part 209.           Intra module refs:   cCmdMemMgrInsertAtTail
                                                   cCmdMessageWrite
    -------------------------------------------------------------------------
CODE
  Relative segment, address: 00102BCC - 00102BCF (0x4 bytes), align: 2
  Segment part 210.           Intra module refs:   cCmdMemMgrInsertAtTail
                                                   cCmdMessageWrite
    -------------------------------------------------------------------------
CODE
  Relative segment, address: 00102BD0 - 00102C2F (0x60 bytes), align: 2
  Segment part 212.           Intra module refs:   cCmdHandleRemoteCommands
                                                   cCmdWrapMessageRead
           ENTRY                   ADDRESS         REF BY
           =====                   =======         ======
           cCmdMessageGetSize      00102BD1 
               stack 1 = 00000000 ( 0000000C )
    -------------------------------------------------------------------------
CODE
  Relative segment, address: 00102C30 - 00102CE3 (0xb4 bytes), align: 2
  Segment part 214.           Intra module refs:   cCmdHandleRemoteCommands
                                                   cCmdWrapMessageRead
           ENTRY                   ADDRESS         REF BY
           =====                   =======         ======
           cCmdMessageRead         00102C31 
               stack 1 = 00000000 ( 00000024 )
    -------------------------------------------------------------------------
CODE
  Relative segment, address: 00102CE4 - 00102CE7 (0x4 bytes), align: 2
  Segment part 215.           Intra module refs:   cCmdMessageGetSize
                                                   cCmdMessageRead
                                                   cCmdMessageWrite
    -------------------------------------------------------------------------
CODE
  Relative segment, address: 00102CE8 - 00102CEB (0x4 bytes), align: 2
  Segment part 216.           Intra module refs:   cCmdMessageGetSize
                                                   cCmdMessageRead
                                                   cCmdMessageWrite
    -------------------------------------------------------------------------
CODE
  Relative segment, address: 00102CEC - 00102CEF (0x4 bytes), align: 2
  Segment part 217.           Intra module refs:   cCmdDSCompact
                                                   cCmdMessageRead
                                                   cCmdMessageWrite
    -------------------------------------------------------------------------
CODE
  Relative segment, address: 00102CF0 - 00102DAF (0xc0 bytes), align: 2
  Segment part 219.           Intra module refs:   cCmdWrapDatalogWrite
           ENTRY                   ADDRESS         REF BY
           =====                   =======         ======
           cCmdDatalogWrite        00102CF1 
               stack 1 = 00000000 ( 00000018 )
    -------------------------------------------------------------------------
CODE
  Relative segment, address: 00102DB0 - 00102DFF (0x50 bytes), align: 2
  Segment part 221.           Intra module refs:   cCmdHandleRemoteCommands
           ENTRY                   ADDRESS         REF BY
           =====                   =======         ======
           cCmdDatalogGetSize      00102DB1 
               stack 1 = 00000000 ( 0000000C )
[...]
    -------------------------------------------------------------------------
CODE
  Relative segment, address: 0011902C - 0011907B (0x50 bytes), align: 2
  Segment part 24.            Intra module refs:   __doubleToFloat::??rT
           ENTRY                   ADDRESS         REF BY
           =====                   =======         ======
           __doubleToFloat         0011902C        _GetfloatDefault (?xscanffull)
                                                   cCmdGetFloat (c_cmd)
                                                   cCmdUnop2Flt (c_cmd)
    -------------------------------------------------------------------------
CODE
  Relative segment, address: 0011907C - 0011907F (0x4 bytes), align: 2
  Segment part 25.
           ENTRY                   ADDRESS         REF BY
           =====                   =======         ======
           __floatToDouble::??rT   0011907D 
    -------------------------------------------------------------------------
CODE
  Relative segment, address: 00119080 - 001190DF (0x60 bytes), align: 2
  Segment part 26.            Intra module refs:   __floatToDouble::??rT
           ENTRY                   ADDRESS         REF BY
           =====                   =======         ======
           __floatToDouble         00119080        cCmdGetFloat (c_cmd)
                                                   cCmdInterpUnop2 (c_cmd)
                                                   cCmdUnop2Flt (c_cmd)
                                                   cUiDataLogging (c_ui)
                                                   cUiPrintSensorInDisplayBuffer (c_ui)
                                                   cUiUpdateSensor (c_ui)
                                                   cUiUpdateStatus (c_ui)
    -------------------------------------------------------------------------
CODE
  Relative segment, address: 001190E0 - 001190E3 (0x4 bytes), align: 2
  Segment part 27.
           ENTRY                   ADDRESS         REF BY
           =====                   =======         ======
           __dEqual::??rT          001190E1 
    -------------------------------------------------------------------------
CODE
  Relative segment, address: 001190E4 - 00119123 (0x40 bytes), align: 2
  Segment part 28.            Intra module refs:   __dEqual::??rT
           ENTRY                   ADDRESS         REF BY
           =====                   =======         ======
           __dEqual                001190E4        _Dtento (?xdtento)
    -------------------------------------------------------------------------
CODE
  Relative segment, address: 00119124 - 0011915F (0x3c bytes), align: 2
  Segment part 33.            Intra module refs:   __dGreaterEqual
                                                   __dLess
    -------------------------------------------------------------------------
CODE
  Relative segment, address: 00119160 - 00119163 (0x4 bytes), align: 2
  Segment part 34.
           ENTRY                   ADDRESS         REF BY
           =====                   =======         ======
           __dLess::??rT           00119161 
    -------------------------------------------------------------------------
CODE
  Relative segment, address: 00119164 - 001191AB (0x48 bytes), align: 2
  Segment part 35.            Intra module refs:   __dGreaterEqual
                                                   __dLess::??rT
           ENTRY                   ADDRESS         REF BY
           =====                   =======         ======
           __dLess                 00119164        _LdtobDefault (?xprintffull)
                                                   cCmdInterpUnop2 (c_cmd)
    -------------------------------------------------------------------------
CODE
  Relative segment, address: 001191AC - 001191AF (0x4 bytes), align: 2
  Segment part 36.
           ENTRY                   ADDRESS         REF BY
           =====                   =======         ======
           __dGreaterEqual::??rT   001191AD 
    -------------------------------------------------------------------------
CODE
  Relative segment, address: 001191B0 - 001191C7 (0x18 bytes), align: 2
  Segment part 37.            Intra module refs:   __dGreaterEqual::??rT
           ENTRY                   ADDRESS         REF BY
           =====                   =======         ======
           __dGreaterEqual         001191B0        _LdtobDefault (?xprintffull)
                                                   cCmdInterpUnop2 (c_cmd)

    -------------------------------------------------------------------------
  LIBRARY MODULE, NAME : ?floatSoftLib

  SEGMENTS IN THE MODULE
  ======================
CODE
  Relative segment, address: 001191C8 - 001191EB (0x24 bytes), align: 2
  Segment part 0.             Intra module refs:   __fAdd
                                                   __fDiv
                                                   __fMul
    -------------------------------------------------------------------------
CODE
  Relative segment, address: 001191EC - 0011938B (0x1a0 bytes), align: 2
  Segment part 1.             Intra module refs:   Segment part 5
                                                   Segment part 6
                                                   __fAdd
                                                   __fDiv
                                                   __fMul
                                                   __longToFloat
                                                   __ulongToFloat
           ENTRY                   ADDRESS         REF BY
           =====                   =======         ======
           ?fDeNormalize           00119288        __doubleToFloat (?doubleSoftLIb)
    -------------------------------------------------------------------------
CODE
  Relative segment, address: 0011938C - 001193B3 (0x28 bytes), align: 2
  Segment part 5.             Intra module refs:   ?fDeNormalize
                                                   __fAdd
                                                   __floatToLong
                                                   __floatToUlong
           ENTRY                   ADDRESS         REF BY
           =====                   =======         ======
           ?raiseInexact           0011938C        __dAdd (?doubleSoftLIb)
                                                   __doubleToLong (?doubleSoftLIb)
                                                   __doubleToUlong (?doubleSoftLIb)
           ?raiseInvalid           001193A0        __doubleToLong (?doubleSoftLIb)
                                                   __doubleToUlong (?doubleSoftLIb)
    -------------------------------------------------------------------------
CODE
  Relative segment, address: 001193B4 - 001193DB (0x28 bytes), align: 2
  Segment part 6.             Intra module refs:   __fGreaterEqual
                                                   __fLess
    -------------------------------------------------------------------------
CODE
  Relative segment, address: 001193DC - 001193DF (0x4 bytes), align: 2
  Segment part 7.
           ENTRY                   ADDRESS         REF BY
           =====                   =======         ======
           __fSub::??rT            001193DD 
    -------------------------------------------------------------------------
CODE
  Relative segment, address: 001193E0 - 001193E7 (0x8 bytes), align: 2
  Segment part 8.             Intra module refs:   __fSub::??rT
           ENTRY                   ADDRESS         REF BY
           =====                   =======         ======
           __fSub                  001193E0        cCmdBinopFlt (c_cmd)
    -------------------------------------------------------------------------
CODE
  Relative segment, address: 001193E8 - 001193EB (0x4 bytes), align: 2
  Segment part 9.
           ENTRY                   ADDRESS         REF BY
           =====                   =======         ======
           __fAdd::??rT            001193E9 
    -------------------------------------------------------------------------
CODE
  Relative segment, address: 001193EC - 001194F7 (0x10c bytes), align: 2
  Segment part 10.            Intra module refs:   __fSub
           ENTRY                   ADDRESS         REF BY
           =====                   =======         ======
           __fAdd                  001193EC        cCmdBinopFlt (c_cmd)
    -------------------------------------------------------------------------
CODE
  Relative segment, address: 001194F8 - 001194FB (0x4 bytes), align: 2
  Segment part 11.
           ENTRY                   ADDRESS         REF BY
           =====                   =======         ======
           __fMul::??rT            001194F9 
    -------------------------------------------------------------------------
CODE
  Relative segment, address: 001194FC - 0011959B (0xa0 bytes), align: 2
  Segment part 12.            Intra module refs:   __fMul::??rT
           ENTRY                   ADDRESS         REF BY
           =====                   =======         ======
           __fMul                  001194FC        cCmdBinopFlt (c_cmd)
    -------------------------------------------------------------------------
CODE
  Relative segment, address: 0011959C - 0011959F (0x4 bytes), align: 2
  Segment part 13.
           ENTRY                   ADDRESS         REF BY
           =====                   =======         ======
           __fDiv::??rT            0011959D 
    -------------------------------------------------------------------------
CODE
  Relative segment, address: 001195A0 - 0011967B (0xdc bytes), align: 2
  Segment part 14.            Intra module refs:   __fDiv::??rT
           ENTRY                   ADDRESS         REF BY
           =====                   =======         ======
           __fDiv                  001195A0        cCmdBinopFlt (c_cmd)
                                                   cUiDataLogging (c_ui)
                                                   cUiPrintSensorInDisplayBuffer (c_ui)
    -------------------------------------------------------------------------
CODE
  Relative segment, address: 0011967C - 0011967F (0x4 bytes), align: 2
  Segment part 15.
           ENTRY                   ADDRESS         REF BY
           =====                   =======         ======
           __ulongToFloat::??rT    0011967D 
    -------------------------------------------------------------------------
CODE
  Relative segment, address: 00119680 - 0011969B (0x1c bytes), align: 2
  Segment part 16.            Intra module refs:   __ulongToFloat::??rT
           ENTRY                   ADDRESS         REF BY
           =====                   =======         ======
           __ulongToFloat          00119680        cCmdBinopFlt (c_cmd)
                                                   cCmdGetValFlt (c_cmd)
                                                   cCmdInterpOther (c_cmd)
                                                   cCmdUnop2Flt (c_cmd)
                                                   cUiUpdateStatus (c_ui)
    -------------------------------------------------------------------------
CODE
  Relative segment, address: 0011969C - 0011969F (0x4 bytes), align: 2
  Segment part 17.
           ENTRY                   ADDRESS         REF BY
           =====                   =======         ======
           __longToFloat::??rT     0011969D 
    -------------------------------------------------------------------------
CODE
  Relative segment, address: 001196A0 - 001196BB (0x1c bytes), align: 2
  Segment part 18.            Intra module refs:   __longToFloat::??rT
           ENTRY                   ADDRESS         REF BY
           =====                   =======         ======
           __longToFloat           001196A0        cCmdBinopFlt (c_cmd)
                                                   cCmdGetValFlt (c_cmd)
                                                   cUiDataLogging (c_ui)
                                                   cUiPrintSensorInDisplayBuffer (c_ui)
                                                   cUiUpdateSensor (c_ui)
    -------------------------------------------------------------------------
CODE
  Relative segment, address: 001196BC - 001196BF (0x4 bytes), align: 2
  Segment part 19.
           ENTRY                   ADDRESS         REF BY
           =====                   =======         ======
           __floatToUlong::??rT    001196BD 
    -------------------------------------------------------------------------
CODE
  Relative segment, address: 001196C0 - 0011974F (0x90 bytes), align: 2
  Segment part 20.            Intra module refs:   __floatToUlong::??rT
           ENTRY                   ADDRESS         REF BY
           =====                   =======         ======
           __floatToUlong          001196C0        cCmdGetFloat (c_cmd)
                                                   cCmdSetValFlt (c_cmd)
    -------------------------------------------------------------------------
CODE
  Relative segment, address: 00119750 - 00119753 (0x4 bytes), align: 2
  Segment part 21.
           ENTRY                   ADDRESS         REF BY
           =====                   =======         ======
           __floatToLong::??rT     00119751 
    -------------------------------------------------------------------------
CODE
  Relative segment, address: 00119754 - 001197D7 (0x84 bytes), align: 2
  Segment part 22.            Intra module refs:   __floatToLong::??rT
           ENTRY                   ADDRESS         REF BY
           =====                   =======         ======
           __floatToLong           00119754        cCmdBinopFlt (c_cmd)
                                                   cCmdSetValFlt (c_cmd)
                                                   cUiPrintSensorInDisplayBuffer (c_ui)
    -------------------------------------------------------------------------
CODE
  Relative segment, address: 001197D8 - 001197DB (0x4 bytes), align: 2
  Segment part 23.
           ENTRY                   ADDRESS         REF BY
           =====                   =======         ======
           __fEqual::??rT          001197D9 
    -------------------------------------------------------------------------
CODE
  Relative segment, address: 001197DC - 0011980B (0x30 bytes), align: 2
  Segment part 24.            Intra module refs:   __fEqual::??rT
                                                   __fNotEqual
           ENTRY                   ADDRESS         REF BY
           =====                   =======         ======
           __fEqual                001197DC        cCmdBinopFlt (c_cmd)
                                                   cCmdCompareFlt (c_cmd)
    -------------------------------------------------------------------------
CODE
  Relative segment, address: 0011980C - 0011980F (0x4 bytes), align: 2
  Segment part 25.
           ENTRY                   ADDRESS         REF BY
           =====                   =======         ======
           __fNotEqual::??rT       0011980D 
    -------------------------------------------------------------------------
CODE
  Relative segment, address: 00119810 - 00119823 (0x14 bytes), align: 2
  Segment part 26.            Intra module refs:   __fNotEqual::??rT
           ENTRY                   ADDRESS         REF BY
           =====                   =======         ======
           __fNotEqual             00119810        cCmdCompareFlt (c_cmd)
                                                   cCmdUnop2Flt (c_cmd)
    -------------------------------------------------------------------------
CODE
  Relative segment, address: 00119824 - 00119827 (0x4 bytes), align: 2
  Segment part 29.
           ENTRY                   ADDRESS         REF BY
           =====                   =======         ======
           __fLess::??rT           00119825 
    -------------------------------------------------------------------------
CODE
  Relative segment, address: 00119828 - 0011986F (0x48 bytes), align: 2
  Segment part 30.            Intra module refs:   __fGreaterEqual
                                                   __fLess::??rT
           ENTRY                   ADDRESS         REF BY
           =====                   =======         ======
           __fLess                 00119828        cCmdCompareFlt (c_cmd)
    -------------------------------------------------------------------------
CODE
  Relative segment, address: 00119870 - 00119873 (0x4 bytes), align: 2
  Segment part 31.
           ENTRY                   ADDRESS         REF BY
           =====                   =======         ======
           __fGreaterEqual::??rT   00119871 
    -------------------------------------------------------------------------
CODE
  Relative segment, address: 00119874 - 00119887 (0x14 bytes), align: 2
  Segment part 32.            Intra module refs:   __fGreaterEqual::??rT
           ENTRY                   ADDRESS         REF BY
           =====                   =======         ======
           __fGreaterEqual         00119874        cCmdCompareFlt (c_cmd)
                                                   cCmdGetFloat (c_cmd)

    -------------------------------------------------------------------------
  LIBRARY MODULE, NAME : ?__FloatingPointFlags

  SEGMENTS IN THE MODULE
  ======================
DATA_Z
  Relative segment, address: 0000BABC - 0000BABF (0x4 bytes), align: 2
  Segment part 0.
           ENTRY                   ADDRESS         REF BY
           =====                   =======         ======
           __FloatingPointFlags    0000BABC        ?fDeNormalize (?floatSoftLib)
                                                   Segment part 4 (?doubleSoftLIb)




                ****************************************
                *                                      *
                *      SEGMENTS IN ADDRESS ORDER       *
                *                                      *
                ****************************************


SEGMENT              SPACE    START ADDRESS   END ADDRESS     SIZE  TYPE  ALIGN
=======              =====    =============   ===========     ====  ====  =====
DATA_I                             00000100 - 000007D3         6D4   rel    2
DATA_Z                             000007D4 - 0000BAC6        B2F3   rel    2
CODE_I                             0000BAC8 - 0000C5EF         B28   rel    2
INTRAMEND_REMAP                         00010000                     rel    2
ICODE                              00100000 - 00100257         258   rel    2
CODE                               00100258 - 00119887       19630   rel    2
INITTAB                            00119888 - 001198AB          24   rel    2
DATA_ID                            001198AC - 00119F7F         6D4   rel    2
DATA_C                             00119F80 - 00120693        6714   rel    2
CODE_ID                            00120694 - 001211BB         B28   rel    2
INTRAMSTART                             00200000                     rel    2
INTRAMEND_BEFORE_REMAP
                                        00210000                     rel    2

                ****************************************
                *                                      *
                *        END OF CROSS REFERENCE        *
                *                                      *
                ****************************************

 104 584 bytes of CODE  memory
  50 415 bytes of DATA  memory
  31 028 bytes of CONST memory

Errors: none
Warnings: 1

