################################################################################
#                                                                              #
#      IAR Universal Linker V4.59J/386                                         #
#                                                                              #
#           Link time     =  10/Jun/2009  10:18:11                             #
#           Target CPU    =  ARM                                               #
#           List file     =  C:\Projects\LMS2006\Sys01\Main_V02\Firmware\SAM7S #
#                            256\Object\LMS_V02.map                            #
#           Output file 1 =  C:\Projects\LMS2006\Sys01\Main_V02\Firmware\SAM7S #
#                            256\Object\LMS_V02.d79                            #
#                            Format: debug                                     #
#                            UBROF version 10.0.1                              #
#                            Using library modules for C-SPY (-rt)             #
#           Output file 2 =  C:\Projects\LMS2006\Sys01\Main_V02\Firmware\SAM7S #
#                            256\Object\LMS_V02.sim                            #
#                            Format: simple-code                               #
#           Command line  =  C:\Projects\LMS2006\Sys01\Main_V02\Firmware\SAM7S #
#                            256\Object\Cstartup.r79                           #
#                            C:\Projects\LMS2006\Sys01\Main_V02\Firmware\SAM7S #
#                            256\Object\Cstartup_SAM7.r79                      #
#                            C:\Projects\LMS2006\Sys01\Main_V02\Firmware\SAM7S #
#                            256\Object\c_button.r79                           #
#                            C:\Projects\LMS2006\Sys01\Main_V02\Firmware\SAM7S #
#                            256\Object\c_cmd.r79                              #
#                            C:\Projects\LMS2006\Sys01\Main_V02\Firmware\SAM7S #
#                            256\Object\c_comm.r79                             #
#                            C:\Projects\LMS2006\Sys01\Main_V02\Firmware\SAM7S #
#                            256\Object\c_display.r79                          #
#                            C:\Projects\LMS2006\Sys01\Main_V02\Firmware\SAM7S #
#                            256\Object\c_input.r79                            #
#                            C:\Projects\LMS2006\Sys01\Main_V02\Firmware\SAM7S #
#                            256\Object\c_ioctrl.r79                           #
#                            C:\Projects\LMS2006\Sys01\Main_V02\Firmware\SAM7S #
#                            256\Object\c_loader.r79                           #
#                            C:\Projects\LMS2006\Sys01\Main_V02\Firmware\SAM7S #
#                            256\Object\c_lowspeed.r79                         #
#                            C:\Projects\LMS2006\Sys01\Main_V02\Firmware\SAM7S #
#                            256\Object\c_output.r79                           #
#                            C:\Projects\LMS2006\Sys01\Main_V02\Firmware\SAM7S #
#                            256\Object\c_sound.r79                            #
#                            C:\Projects\LMS2006\Sys01\Main_V02\Firmware\SAM7S #
#                            256\Object\c_ui.r79                               #
#                            C:\Projects\LMS2006\Sys01\Main_V02\Firmware\SAM7S #
#                            256\Object\d_bt.r79                               #
#                            C:\Projects\LMS2006\Sys01\Main_V02\Firmware\SAM7S #
#                            256\Object\d_button.r79                           #
#                            C:\Projects\LMS2006\Sys01\Main_V02\Firmware\SAM7S #
#                            256\Object\d_display.r79                          #
#                            C:\Projects\LMS2006\Sys01\Main_V02\Firmware\SAM7S #
#                            256\Object\d_hispeed.r79                          #
#                            C:\Projects\LMS2006\Sys01\Main_V02\Firmware\SAM7S #
#                            256\Object\d_input.r79                            #
#                            C:\Projects\LMS2006\Sys01\Main_V02\Firmware\SAM7S #
#                            256\Object\d_ioctrl.r79                           #
#                            C:\Projects\LMS2006\Sys01\Main_V02\Firmware\SAM7S #
#                            256\Object\d_loader.r79                           #
#                            C:\Projects\LMS2006\Sys01\Main_V02\Firmware\SAM7S #
#                            256\Object\d_lowspeed.r79                         #
#                            C:\Projects\LMS2006\Sys01\Main_V02\Firmware\SAM7S #
#                            256\Object\d_output.r79                           #
#                            C:\Projects\LMS2006\Sys01\Main_V02\Firmware\SAM7S #
#                            256\Object\d_sound.r79                            #
#                            C:\Projects\LMS2006\Sys01\Main_V02\Firmware\SAM7S #
#                            256\Object\d_timer.r79                            #
#                            C:\Projects\LMS2006\Sys01\Main_V02\Firmware\SAM7S #
#                            256\Object\d_usb.r79                              #
#                            C:\Projects\LMS2006\Sys01\Main_V02\Firmware\SAM7S #
#                            256\Object\m_sched.r79                            #
#                            -o                                                #
#                            C:\Projects\LMS2006\Sys01\Main_V02\Firmware\SAM7S #
#                            256\Object\LMS_V02.d79                            #
#                            -l                                                #
#                            C:\Projects\LMS2006\Sys01\Main_V02\Firmware\SAM7S #
#                            256\Object\LMS_V02.map                            #
#                            -xms                                              #
#                            "-IC:\Program Files\IAR Systems\Embedded Workbenc #
#                            h 4.0\arm\LIB\"                                   #
#                            -f                                                #
#                            C:\Projects\LMS2006\Sys01\Main_V02\Firmware\SAM7S #
#                            256\Tools\at91SAM7S256_Remap.xcl                  #
#                            (-carm -Z(CONST)INTRAMSTART=00200000              #
#                            -Z(CONST)INTRAMEND_BEFORE_REMAP=00210000          #
#                            -Z(CONST)INTRAMEND_REMAP=00010000                 #
#                            -DROMSTART=00100000 -DROMEND=0013FFFF             #
#                            -DRAMSTART=00000100 -DRAMEND=0000FFFF             #
#                            -Z(CODE)INTVEC=00-3F                              #
#                            -Z(CODE)ICODE,DIFUNCT=ROMSTART-ROMEND             #
#                            -Z(CODE)SWITAB=ROMSTART-ROMEND                    #
#                            -Z(CODE)CODE=ROMSTART-ROMEND                      #
#                            -Z(CONST)INITTAB,DATA_ID,DATA_C=ROMSTART-ROMEND   #
#                            -Z(CONST)CHECKSUM=ROMSTART-ROMEND                 #
#                            -Z(DATA)DATA_I,DATA_Z,DATA_N=RAMSTART-RAMEND      #
#                            -Z(DATA)CODE_I=RAMSTART-RAMEND                    #
#                            -Z(CONST)CODE_ID=ROMSTART-ROMEND                  #
#                            -QCODE_I=CODE_ID -D_CSTACK_SIZE=(100*4)           #
#                            -D_IRQ_STACK_SIZE=(3*8*4)                         #
#                            -Z(DATA)CSTACK+_CSTACK_SIZE=RAMSTART-RAMEND       #
#                            -Z(DATA)IRQ_STACK+_IRQ_STACK_SIZE=RAMSTART-RAMEND) #
#                            -rt                                               #
#                            C:\Projects\LMS2006\Sys01\Main_V02\Firmware\SAM7S #
#                            256\Tools\..\Lib\dl4tptinl8n.r79                  #
#                            -Osimple-code=C:\Projects\LMS2006\Sys01\Main_V02\ #
#                            Firmware\SAM7S256\Object\LMS_V02.sim              #
#                                                                              #
#                        Copyright 1987-2005 IAR Systems. All rights reserved. #
################################################################################





                ****************************************
                *                                      *
                *           CROSS REFERENCE            *
                *                                      *
                ****************************************

                  There are no program entries.




                ****************************************
                *                                      *
                *            RUNTIME MODEL             *
                *                                      *
                ****************************************

  ARMv4M                     = USED
  ARMv4T                     = USED
  StackAlign4                = USED
  StackAlign8                = USED
  __cpu_mode                 = __pcs__interwork
  __data_model               = absolute
  __dlib_file_descriptor     = 0
  __dlib_full_locale_support = 0
  __endian                   = little
  __rt_version               = 6



                ****************************************
                *                                      *
                *              MODULE MAP              *
                *                                      *
                ****************************************


  DEFINED ABSOLUTE ENTRIES
  PROGRAM MODULE, NAME : ?ABS_ENTRY_MOD

Absolute parts
           ENTRY                   ADDRESS         REF BY
           =====                   =======         ======
           _IRQ_STACK_SIZE         00000060 
           _CSTACK_SIZE            00000400 
           RAMEND                  0000FFFF 
           RAMSTART                00000100 
           ROMEND                  0013FFFF 
           ROMSTART                00100000 
    *************************************************************************

  FILE NAME : C:\Projects\LMS2006\Sys01\Main_V02\Firmware\SAM7S256\Object\Cstartup.r79
  PROGRAM MODULE, NAME : ?RESET

  SEGMENTS IN THE MODULE
  ======================
ICODE
  Relative segment, address: 00100000 - 001000A3 (0xa4 bytes), align: 2
  Segment part 0. ROOT.
           ENTRY                   ADDRESS         REF BY
           =====                   =======         ======
           reset                   00100000        Segment part 3 (?RESET_init)
           AT91F_Default_FIQ_handler
                                   00100094        AT91F_LowLevelInit (Cstartup_SAM7)
           AT91F_Default_IRQ_handler
                                   00100098        AT91F_LowLevelInit (Cstartup_SAM7)
           AT91F_Spurious_handler
                                   0010009C        AT91F_LowLevelInit (Cstartup_SAM7)
           LOCAL                   ADDRESS         
           =====                   =======         
           undefvec                00100004 
           swivec                  00100008 
           pabtvec                 0010000C 
           dabtvec                 00100010 
           rsvdvec                 00100014 
           irqvec                  00100018 
           IRQ_Handler_Entry       00100044 
           fiqvec                  0010001C 
           FIQ_Handler_Entry       0010001C 
           _?0                     001000A0 

    -------------------------------------------------------------------------
  PROGRAM MODULE, NAME : ?RESET_init

  SEGMENTS IN THE MODULE
  ======================
INTRAMEND_REMAP
  Relative segment, address: 00010000, align: 2
  Segment part 0. ROOT.
    -------------------------------------------------------------------------
INTRAMSTART
  Relative segment, address: 00200000, align: 2
  Segment part 1. ROOT.
    -------------------------------------------------------------------------
INTRAMEND_BEFORE_REMAP
  Relative segment, address: 00210000, align: 2
  Segment part 2. ROOT.
    -------------------------------------------------------------------------
ICODE
  Relative segment, address: 001000A4 - 0010015B (0xb8 bytes), align: 2
  Segment part 3. ROOT.
           ENTRY                   ADDRESS         REF BY
           =====                   =======         ======
           InitReset               001000A4        Segment part 0 (?RESET)
           __main                  00100130 
           LOCAL                   ADDRESS         
           =====                   =======         
           add_pc                  001000C0 
           add_pc_1                001000C4 
           copy                    001000D4 
           PtInitRemap             00100118 
           InitRemap               0010011C 
           ?jump_to_main           00100128 
           ?call_exit              00100134 
           End                     00100134 
           _?0                     00100138 
           _?1                     0010013C 
           _?2                     00100140 
           _?3                     00100144 
           _?4                     00100148 
           _?5                     0010014C 
           _?6                     00100150 
           _?7                     00100154 
           _?8                     00100158 

    *************************************************************************

  FILE NAME : C:\Projects\LMS2006\Sys01\Main_V02\Firmware\SAM7S256\Object\Cstartup_SAM7.r79
  PROGRAM MODULE, NAME : Cstartup_SAM7

  SEGMENTS IN THE MODULE
  ======================
ICODE
  Relative segment, address: 0010015C - 001001FF (0xa4 bytes), align: 2
  Segment part 2.
           ENTRY                   ADDRESS         REF BY
           =====                   =======         ======
           AT91F_LowLevelInit      0010015D        Segment part 3 (?RESET_init)
               non_banked function
               stack 1 = 00000000 ( 00000008 )

    *************************************************************************

  FILE NAME : C:\Projects\LMS2006\Sys01\Main_V02\Firmware\SAM7S256\Object\c_button.r79
  PROGRAM MODULE, NAME : c_button

  SEGMENTS IN THE MODULE
  ======================
DATA_Z
  Relative segment, address: 000007D0 - 000007F3 (0x24 bytes), align: 2
  Segment part 2.             Intra module refs:   Segment part 9
                                                   cButton
           LOCAL                   ADDRESS         
           =====                   =======         
           IOMapButton             000007D0 
    -------------------------------------------------------------------------
DATA_Z
  Relative segment, address: 000007F4 - 00000800 (0xd bytes), align: 2
  Segment part 3.             Intra module refs:   Segment part 10
                                                   cButton
           LOCAL                   ADDRESS         
           =====                   =======         
           BtnCnt                  00000800 
           VarsButton              000007F4 
    -------------------------------------------------------------------------
DATA_C
  Relative segment, address: 0011BA90 - 0011BAC3 (0x34 bytes), align: 2
  Segment part 4.
           ENTRY                   ADDRESS         REF BY
           =====                   =======         ======
           cButton                 0011BA90        Segment part 5 (m_sched)
    -------------------------------------------------------------------------
CODE
  Relative segment, address: 00100254 - 00100293 (0x40 bytes), align: 2
  Segment part 6.             Intra module refs:   cButton
           ENTRY                   ADDRESS         REF BY
           =====                   =======         ======
           cButtonInit             00100255 
               non_banked function
               stack 1 = 00000000 ( 0000000C )
    -------------------------------------------------------------------------
CODE
  Relative segment, address: 00100294 - 00100393 (0x100 bytes), align: 2
  Segment part 8.             Intra module refs:   cButton
           ENTRY                   ADDRESS         REF BY
           =====                   =======         ======
           cButtonCtrl             00100295 
               non_banked function
               stack 1 = 00000000 ( 00000018 )
    -------------------------------------------------------------------------
CODE
  Relative segment, address: 00100394 - 00100397 (0x4 bytes), align: 2
  Segment part 9.             Intra module refs:   cButtonCtrl
                                                   cButtonInit
    -------------------------------------------------------------------------
CODE
  Relative segment, address: 00100398 - 0010039B (0x4 bytes), align: 2
  Segment part 10.            Intra module refs:   cButtonCtrl
                                                   cButtonInit
    -------------------------------------------------------------------------
CODE
  Relative segment, address: 0010039C - 001003A5 (0xa bytes), align: 2
  Segment part 12.            Intra module refs:   cButton
           ENTRY                   ADDRESS         REF BY
           =====                   =======         ======
           cButtonExit             0010039D 
               non_banked function
               stack 1 = 00000000 ( 00000004 )
    -------------------------------------------------------------------------
INITTAB
  Relative segment, address: 0011B39C - 0011B3A7 (0xc bytes), align: 2
  Segment part 16. ROOT.
           ENTRY                   ADDRESS         REF BY
           =====                   =======         ======
           ?init?tab?DATA_Z        0011B39C 

    *************************************************************************

  FILE NAME : C:\Projects\LMS2006\Sys01\Main_V02\Firmware\SAM7S256\Object\c_cmd.r79
  PROGRAM MODULE, NAME : c_cmd

  SEGMENTS IN THE MODULE
  ======================
DATA_Z
  Relative segment, address: 00000804 - 00008B3F (0x833c bytes), align: 2
  Segment part 11.            Intra module refs:   Segment part 111
                                                   Segment part 119
                                                   Segment part 138
                                                   Segment part 167
                                                   Segment part 170
                                                   Segment part 182
                                                   Segment part 192
                                                   Segment part 202
                                                   Segment part 212
                                                   Segment part 219
                                                   Segment part 233
                                                   Segment part 290
                                                   Segment part 301
                                                   Segment part 318
                                                   Segment part 330
                                                   Segment part 340
                                                   Segment part 345
                                                   Segment part 350
                                                   Segment part 361
                                                   Segment part 367
                                                   Segment part 372
                                                   Segment part 398
                                                   Segment part 428
                                                   Segment part 465
                                                   Segment part 483
                                                   Segment part 488
                                                   Segment part 497
                                                   Segment part 533
                                                   Segment part 78
                                                   Segment part 85
                                                   Segment part 96
                                                   Segment part 99
                                                   cCmd
                                                   cCmdActivateProgram
                                                   cCmdHandleRemoteCommands
                                                   cCmdInterpOther
                                                   cCmdInterpUnop2
           LOCAL                   ADDRESS         
           =====                   =======         
           IOMapCmd                00000804 
           VarsCmd                 00008840 
    -------------------------------------------------------------------------
DATA_C
  Relative segment, address: 0011E150 - 0011E152 (0x3 bytes), align: 0
  Segment part 3.             Intra module refs:   Segment part 344
                                                   Segment part 57
    -------------------------------------------------------------------------
DATA_C
  Relative segment, address: 0011BAC4 - 0011BACB (0x8 bytes), align: 2
  Segment part 4.             Intra module refs:   cCmdLoadCalibrationFiles
    -------------------------------------------------------------------------
DATA_C
  Relative segment, address: 0011BACC - 0011BAD3 (0x8 bytes), align: 2
  Segment part 6.             Intra module refs:   cCmdInterpUnop2
    -------------------------------------------------------------------------
DATA_C
  Relative segment, address: 0011BAD4 - 0011BADB (0x8 bytes), align: 2
  Segment part 7.             Intra module refs:   cCmdInterpUnop2
    -------------------------------------------------------------------------
DATA_C
  Relative segment, address: 0011BADC - 0011BAE3 (0x8 bytes), align: 2
  Segment part 8.             Intra module refs:   cCmdInterpUnop2
    -------------------------------------------------------------------------
DATA_C
  Relative segment, address: 0011BAE4 - 0011BAF3 (0x10 bytes), align: 2
  Segment part 9.             Intra module refs:   Segment part 108
                                                   Segment part 94
    -------------------------------------------------------------------------
DATA_C
  Relative segment, address: 0011BAF4 - 0011BAFB (0x8 bytes), align: 2
  Segment part 10.            Intra module refs:   cCmdCopyBitMapBits
    -------------------------------------------------------------------------
DATA_C
  Relative segment, address: 0011BAFC - 0011BB2F (0x34 bytes), align: 2
  Segment part 17.
           ENTRY                   ADDRESS         REF BY
           =====                   =======         ======
           cCmd                    0011BAFC        Segment part 5 (m_sched)
    -------------------------------------------------------------------------
CODE
  Relative segment, address: 001003A8 - 001003D7 (0x30 bytes), align: 2
  Segment part 38.            Intra module refs:   Segment part 22
           ENTRY                   ADDRESS         REF BY
           =====                   =======         ======
           cCmdWrapDrawText        001003A9 
               non_banked function
               stack 1 = 00000000 ( 0000000C )
    -------------------------------------------------------------------------
CODE
  Relative segment, address: 001003D8 - 001003F3 (0x1c bytes), align: 2
  Segment part 40.            Intra module refs:   Segment part 22
           ENTRY                   ADDRESS         REF BY
           =====                   =======         ======
           cCmdWrapDrawPoint       001003D9 
               non_banked function
               stack 1 = 00000000 ( 0000000C )
    -------------------------------------------------------------------------
CODE
  Relative segment, address: 001003F4 - 00100417 (0x24 bytes), align: 2
  Segment part 41.            Intra module refs:   cCmdAcquireMutex
                                                   cCmdComputeCalibratedValue
                                                   cCmdInterpShortSubCall
                                                   cCmdResolveDataArg
                                                   cCmdResolveIODataArg
                                                   cCmdWrapCommHSCheckStatus
                                                   cCmdWrapCommLSCheckStatus
                                                   cCmdWrapDatalogWrite
                                                   cCmdWrapDrawPoint
                                                   cCmdWrapDrawText
                                                   cCmdWrapFileDelete
                                                   cCmdWrapFileWrite
                                                   cCmdWrapMessageWrite
                                                   cCmdWrapRandomNumber
                                                   cCmdWrapReadButton
                                                   cCmdWrapWriteSemData
           LOCAL                   ADDRESS         
           =====                   =======         
           ?Subroutine170          001003F5 
    -------------------------------------------------------------------------
CODE
  Relative segment, address: 00100418 - 0010045B (0x44 bytes), align: 2
  Segment part 43.            Intra module refs:   Segment part 22
           ENTRY                   ADDRESS         REF BY
           =====                   =======         ======
           cCmdWrapDrawLine        00100419 
               non_banked function
               stack 1 = 00000000 ( 00000010 )
    -------------------------------------------------------------------------
CODE
  Relative segment, address: 0010045C - 00100529 (0xce bytes), align: 2
  Segment part 45.            Intra module refs:   Segment part 22
           ENTRY                   ADDRESS         REF BY
           =====                   =======         ======
           cCmdWrapDrawCircle      0010045D 
               non_banked function
               stack 1 = 00000000 ( 0000002C )
    -------------------------------------------------------------------------
CODE
  Relative segment, address: 0010052C - 0010056F (0x44 bytes), align: 2
  Segment part 47.            Intra module refs:   Segment part 22
           ENTRY                   ADDRESS         REF BY
           =====                   =======         ======
           cCmdWrapDrawRect        0010052D 
               non_banked function
               stack 1 = 00000000 ( 00000010 )
    -------------------------------------------------------------------------
CODE
  Relative segment, address: 00100570 - 00100583 (0x14 bytes), align: 2
  Segment part 49.            Intra module refs:   cCmdResolveValue
                                                   cCmdWrapDrawPicture
           ENTRY                   ADDRESS         REF BY
           =====                   =======         ======
           cCmdGetIMGData          00100571 
               non_banked function
               stack 1 = 00000000 ( 00000004 )
    -------------------------------------------------------------------------
CODE
  Relative segment, address: 00100584 - 00100597 (0x14 bytes), align: 2
  Segment part 51.            Intra module refs:   cCmdWrapDrawPicture
           ENTRY                   ADDRESS         REF BY
           =====                   =======         ======
           cCmdSetIMGData          00100585 
               non_banked function
               stack 1 = 00000000 ( 00000004 )
    -------------------------------------------------------------------------
CODE
  Relative segment, address: 00100598 - 00100603 (0x6c bytes), align: 2
  Segment part 53.            Intra module refs:   cCmdWrapDrawPicture
           ENTRY                   ADDRESS         REF BY
           =====                   =======         ======
           cCmdResolveValue        00100599 
               non_banked function
               stack 1 = 00000000 ( 00000014 )
    -------------------------------------------------------------------------
CODE
  Relative segment, address: 00100604 - 00100607 (0x4 bytes), align: 2
  Segment part 54.            Intra module refs:   ?Subroutine170
                                                   cCmdGetIMGData
                                                   cCmdResolveValue
                                                   cCmdSetIMGData
                                                   cCmdWrapDrawCircle
                                                   cCmdWrapDrawLine
                                                   cCmdWrapDrawRect
    -------------------------------------------------------------------------
CODE
  Relative segment, address: 00100608 - 001008C5 (0x2be bytes), align: 2
  Segment part 56.            Intra module refs:   Segment part 22
           ENTRY                   ADDRESS         REF BY
           =====                   =======         ======
           cCmdWrapDrawPicture     00100609 
               non_banked function
               stack 1 = 00000000 ( 00000058 )
    -------------------------------------------------------------------------
CODE
  Relative segment, address: 001008C8 - 001008CB (0x4 bytes), align: 2
  Segment part 57.            Intra module refs:   cCmdWrapDrawPicture
    -------------------------------------------------------------------------
CODE
  Relative segment, address: 001008CC - 001008CF (0x4 bytes), align: 2
  Segment part 58.            Intra module refs:   cCmdWrapDrawPicture
    -------------------------------------------------------------------------
CODE
  Relative segment, address: 001008D0 - 00100967 (0x98 bytes), align: 2
  Segment part 60.            Intra module refs:   cCmdDrawRect
                                                   cCmdWrapDrawLine
                                                   cCmdWrapDrawPicture
           ENTRY                   ADDRESS         REF BY
           =====                   =======         ======
           cCmdDrawLine            001008D1 
               non_banked function
               stack 1 = 00000000 ( 00000028 )
    -------------------------------------------------------------------------
CODE
  Relative segment, address: 00100968 - 0010099F (0x38 bytes), align: 2
  Segment part 62.            Intra module refs:   cCmdWrapDrawPicture
                                                   cCmdWrapDrawRect
           ENTRY                   ADDRESS         REF BY
           =====                   =======         ======
           cCmdDrawRect            00100969 
               non_banked function
               stack 1 = 00000000 ( 00000014 )
    -------------------------------------------------------------------------
CODE
  Relative segment, address: 001009A0 - 001009A5 (0x6 bytes), align: 2
  Segment part 63.            Intra module refs:   cCmdCopyBitMapBits
                                                   cCmdDrawLine
                                                   cCmdDrawRect
                                                   cCmdDrawString
                                                   cCmdInit
                                                   cCmdLoadCalibrationFiles
           LOCAL                   ADDRESS         
           =====                   =======         
           ?Subroutine173          001009A1 
    -------------------------------------------------------------------------
CODE
  Relative segment, address: 001009A8 - 00100AB7 (0x110 bytes), align: 2
  Segment part 65.            Intra module refs:   cCmdWrapDrawPicture
           ENTRY                   ADDRESS         REF BY
           =====                   =======         ======
           cCmdCopyBitMapBits      001009A9 
               non_banked function
               stack 1 = 00000000 ( 00000038 )
    -------------------------------------------------------------------------
CODE
  Relative segment, address: 00100AB8 - 00100AEB (0x34 bytes), align: 2
  Segment part 67.            Intra module refs:   cCmdDrawLine
                                                   cCmdWrapDrawCircle
                                                   cCmdWrapDrawPicture
                                                   cCmdWrapDrawPoint
           ENTRY                   ADDRESS         REF BY
           =====                   =======         ======
           cCmdSetPixel            00100AB9 
               non_banked function
               stack 1 = 00000000 ( 00000014 )
    -------------------------------------------------------------------------
CODE
  Relative segment, address: 00100AEC - 00100AFF (0x14 bytes), align: 2
  Segment part 69.            Intra module refs:   Segment part 22
           ENTRY                   ADDRESS         REF BY
           =====                   =======         ======
           cCmdWrapSetScreenMode   00100AED 
               non_banked function
               stack 1 = 00000000 ( 00000008 )
    -------------------------------------------------------------------------
CODE
  Relative segment, address: 00100B00 - 00100B4B (0x4c bytes), align: 2
  Segment part 71.            Intra module refs:   cCmdWrapDrawCircle
                                                   cCmdWrapDrawLine
                                                   cCmdWrapDrawPicture
                                                   cCmdWrapDrawPoint
                                                   cCmdWrapDrawRect
                                                   cCmdWrapDrawText
           ENTRY                   ADDRESS         REF BY
           =====                   =======         ======
           cCmdClearScreenIfNeeded
                                   00100B01 
               non_banked function
               stack 1 = 00000000 ( 00000014 )
    -------------------------------------------------------------------------
CODE
  Relative segment, address: 00100B4C - 00100BAB (0x60 bytes), align: 2
  Segment part 73.            Intra module refs:   cCmdWrapDrawPicture
                                                   cCmdWrapDrawText
           ENTRY                   ADDRESS         REF BY
           =====                   =======         ======
           cCmdDrawString          00100B4D 
               non_banked function
               stack 1 = 00000000 ( 00000014 )
    -------------------------------------------------------------------------
CODE
  Relative segment, address: 00100BAC - 00100BF3 (0x48 bytes), align: 2
  Segment part 75.            Intra module refs:   cCmdCtrl
                                                   cCmdWrapSetScreenMode
           ENTRY                   ADDRESS         REF BY
           =====                   =======         ======
           cCmdRestoreDefaultScreen
                                   00100BAD 
               non_banked function
               stack 1 = 00000000 ( 00000014 )
    -------------------------------------------------------------------------
CODE
  Relative segment, address: 00100BF4 - 00100BF9 (0x6 bytes), align: 2
  Segment part 76.            Intra module refs:   cCmdClearScreenIfNeeded
                                                   cCmdEnQClump
                                                   cCmdResetDevices
                                                   cCmdRestoreDefaultScreen
           LOCAL                   ADDRESS         
           =====                   =======         
           ?Subroutine175          00100BF5 
    -------------------------------------------------------------------------
CODE
  Relative segment, address: 00100BFC - 00100BFF (0x4 bytes), align: 2
  Segment part 77.            Intra module refs:   cCmdClearScreenIfNeeded
                                                   cCmdRestoreDefaultScreen
    -------------------------------------------------------------------------
CODE
  Relative segment, address: 00100C00 - 00100C03 (0x4 bytes), align: 2
  Segment part 78.            Intra module refs:   cCmdClearScreenIfNeeded
                                                   cCmdRestoreDefaultScreen
    -------------------------------------------------------------------------
CODE
  Relative segment, address: 00100C04 - 00100C07 (0x4 bytes), align: 2
  Segment part 79.            Intra module refs:   cCmdClearScreenIfNeeded
                                                   cCmdCopyBitMapBits
                                                   cCmdDrawString
                                                   cCmdRestoreDefaultScreen
                                                   cCmdSetPixel
    -------------------------------------------------------------------------
CODE
  Relative segment, address: 00100C08 - 00100C4F (0x48 bytes), align: 2
  Segment part 81.            Intra module refs:   cCmdHandleRemoteCommands
           ENTRY                   ADDRESS         REF BY
           =====                   =======         ======
           cCmdBTGetDeviceType     00100C09 
               non_banked function
               stack 1 = 00000000 ( 00000008 )
    -------------------------------------------------------------------------
CODE
  Relative segment, address: 00100C50 - 0010162F (0x9e0 bytes), align: 2
  Segment part 83.            Intra module refs:   cCmdInit
           ENTRY                   ADDRESS         REF BY
           =====                   =======         ======
           cCmdHandleRemoteCommands
                                   00100C51 
               non_banked function
               stack 1 = 00000000 ( 00000038 )
    -------------------------------------------------------------------------
CODE
  Relative segment, address: 00101630 - 00101633 (0x4 bytes), align: 2
  Segment part 84.            Intra module refs:   cCmdHandleRemoteCommands
    -------------------------------------------------------------------------
CODE
  Relative segment, address: 00101634 - 00101637 (0x4 bytes), align: 2
  Segment part 85.            Intra module refs:   cCmdHandleRemoteCommands
    -------------------------------------------------------------------------
CODE
  Relative segment, address: 00101638 - 0010163B (0x4 bytes), align: 2
  Segment part 86.            Intra module refs:   cCmdHandleRemoteCommands
    -------------------------------------------------------------------------
CODE
  Relative segment, address: 0010163C - 0010163F (0x4 bytes), align: 2
  Segment part 87.            Intra module refs:   cCmdHandleRemoteCommands
    -------------------------------------------------------------------------
CODE
  Relative segment, address: 00101640 - 00101643 (0x4 bytes), align: 2
  Segment part 88.            Intra module refs:   cCmdHandleRemoteCommands
    -------------------------------------------------------------------------
CODE
  Relative segment, address: 00101644 - 0010180F (0x1cc bytes), align: 2
  Segment part 90.            Intra module refs:   cCmd
           ENTRY                   ADDRESS         REF BY
           =====                   =======         ======
           cCmdInit                00101645 
               non_banked function
               stack 1 = 00000000 ( 00000014 )
    -------------------------------------------------------------------------
CODE
  Relative segment, address: 00101810 - 00101813 (0x4 bytes), align: 2
  Segment part 91.            Intra module refs:   cCmdInit
    -------------------------------------------------------------------------
CODE
  Relative segment, address: 00101814 - 00101817 (0x4 bytes), align: 2
  Segment part 92.            Intra module refs:   cCmdInit
    -------------------------------------------------------------------------
CODE
  Relative segment, address: 00101818 - 0010181B (0x4 bytes), align: 2
  Segment part 93.            Intra module refs:   cCmdInit
    -------------------------------------------------------------------------
CODE
  Relative segment, address: 0010181C - 0010181F (0x4 bytes), align: 2
  Segment part 94.            Intra module refs:   cCmdInit
    -------------------------------------------------------------------------
CODE
  Relative segment, address: 00101820 - 00101823 (0x4 bytes), align: 2
  Segment part 95.            Intra module refs:   cCmdInit
    -------------------------------------------------------------------------
CODE
  Relative segment, address: 00101824 - 00101827 (0x4 bytes), align: 2
  Segment part 96.            Intra module refs:   cCmdInit
    -------------------------------------------------------------------------
CODE
  Relative segment, address: 00101828 - 001019FB (0x1d4 bytes), align: 2
  Segment part 98.            Intra module refs:   cCmd
           ENTRY                   ADDRESS         REF BY
           =====                   =======         ======
           cCmdCtrl                00101829 
               non_banked function
               stack 1 = 00000000 ( 00000024 )
    -------------------------------------------------------------------------
CODE
  Relative segment, address: 001019FC - 001019FF (0x4 bytes), align: 2
  Segment part 99.            Intra module refs:   cCmdCtrl
    -------------------------------------------------------------------------
CODE
  Relative segment, address: 00101A00 - 00101A03 (0x4 bytes), align: 2
  Segment part 100.           Intra module refs:   cCmdCtrl
                                                   cCmdInit
    -------------------------------------------------------------------------
CODE
  Relative segment, address: 00101A04 - 00101A07 (0x4 bytes), align: 2
  Segment part 101.           Intra module refs:   cCmdCtrl
    -------------------------------------------------------------------------
CODE
  Relative segment, address: 00101A08 - 00101A0B (0x4 bytes), align: 2
  Segment part 102.           Intra module refs:   cCmdCtrl
                                                   cCmdInit
    -------------------------------------------------------------------------
CODE
  Relative segment, address: 00101A0C - 00101A15 (0xa bytes), align: 2
  Segment part 104.           Intra module refs:   cCmd
           ENTRY                   ADDRESS         REF BY
           =====                   =======         ======
           cCmdExit                00101A0D 
               non_banked function
               stack 1 = 00000000 ( 00000004 )
    -------------------------------------------------------------------------
CODE
  Relative segment, address: 00101A18 - 00101B77 (0x160 bytes), align: 2
  Segment part 106.           Intra module refs:   cCmdActivateProgram
           ENTRY                   ADDRESS         REF BY
           =====                   =======         ======
           cCmdReadFileHeader      00101A19 
               non_banked function
               stack 1 = 00000000 ( 00000020 )
    -------------------------------------------------------------------------
CODE
  Relative segment, address: 00101B78 - 00101B8F (0x18 bytes), align: 2
  Segment part 107.           Intra module refs:   cCmdCalcFlattenedSize
                                                   cCmdDSArrayAlloc
                                                   cCmdDVArrayAlloc
                                                   cCmdDatalogRead
                                                   cCmdInflateDSDefaults
                                                   cCmdInterpFromClump
                                                   cCmdReadFileHeader
           LOCAL                   ADDRESS         
           =====                   =======         
           ?Subroutine177          00101B79 
    -------------------------------------------------------------------------
CODE
  Relative segment, address: 00101B90 - 00101B93 (0x4 bytes), align: 2
  Segment part 108.           Intra module refs:   cCmdReadFileHeader
    -------------------------------------------------------------------------
CODE
  Relative segment, address: 00101B94 - 00101B97 (0x4 bytes), align: 2
  Segment part 109.           Intra module refs:   cCmdReadFileHeader
    -------------------------------------------------------------------------
CODE
  Relative segment, address: 00101B98 - 00101B9B (0x4 bytes), align: 2
  Segment part 110.           Intra module refs:   cCmdReadFileHeader
    -------------------------------------------------------------------------
CODE
  Relative segment, address: 00101B9C - 00101B9F (0x4 bytes), align: 2
  Segment part 111.           Intra module refs:   cCmdReadFileHeader
    -------------------------------------------------------------------------
CODE
  Relative segment, address: 00101BA0 - 00101C59 (0xba bytes), align: 2
  Segment part 113.           Intra module refs:   cCmdActivateProgram
           ENTRY                   ADDRESS         REF BY
           =====                   =======         ======
           cCmdInflateDSDefaults   00101BA1 
               non_banked function
               stack 1 = 00000000 ( 00000020 )
    -------------------------------------------------------------------------
CODE
  Relative segment, address: 00101C5C - 00101C5F (0x4 bytes), align: 2
  Segment part 114.           Intra module refs:   cCmdInflateDSDefaults
    -------------------------------------------------------------------------
CODE
  Relative segment, address: 00101C60 - 00101C63 (0x4 bytes), align: 2
  Segment part 115.           Intra module refs:   cCmdInflateDSDefaults
    -------------------------------------------------------------------------
CODE
  Relative segment, address: 00101C64 - 00101CA3 (0x40 bytes), align: 2
  Segment part 117.           Intra module refs:   cCmdActivateProgram
                                                   cCmdDeQClump
                                                   cCmdEnQClump
                                                   cCmdRotateQ
           ENTRY                   ADDRESS         REF BY
           =====                   =======         ======
           cCmdRefreshActiveClump
                                   00101C65 
               non_banked function
               stack 1 = 00000000 ( 00000004 )
    -------------------------------------------------------------------------
CODE
  Relative segment, address: 00101CA4 - 00101CA7 (0x4 bytes), align: 2
  Segment part 118.           Intra module refs:   cCmdRefreshActiveClump
    -------------------------------------------------------------------------
CODE
  Relative segment, address: 00101CA8 - 00101CAB (0x4 bytes), align: 2
  Segment part 119.           Intra module refs:   cCmdInflateDSDefaults
                                                   cCmdRefreshActiveClump
    -------------------------------------------------------------------------
CODE
  Relative segment, address: 00101CAC - 00101CAF (0x4 bytes), align: 2
  Segment part 120.           Intra module refs:   cCmdRefreshActiveClump
    -------------------------------------------------------------------------
CODE
  Relative segment, address: 00101CB0 - 0010207B (0x3cc bytes), align: 2
  Segment part 122.           Intra module refs:   cCmdCtrl
           ENTRY                   ADDRESS         REF BY
           =====                   =======         ======
           cCmdActivateProgram     00101CB1 
               non_banked function
               stack 1 = 00000000 ( 00000054 )
    -------------------------------------------------------------------------
CODE
  Relative segment, address: 0010207C - 0010207F (0x4 bytes), align: 2
  Segment part 123.           Intra module refs:   cCmdActivateProgram
    -------------------------------------------------------------------------
CODE
  Relative segment, address: 00102080 - 00102083 (0x4 bytes), align: 2
  Segment part 124.           Intra module refs:   cCmdActivateProgram
    -------------------------------------------------------------------------
CODE
  Relative segment, address: 00102084 - 00102087 (0x4 bytes), align: 2
  Segment part 125.           Intra module refs:   cCmdActivateProgram
    -------------------------------------------------------------------------
CODE
  Relative segment, address: 00102088 - 0010212F (0xa8 bytes), align: 2
  Segment part 127.           Intra module refs:   cCmdActivateProgram
                                                   cCmdCtrl
                                                   cCmdInit
           ENTRY                   ADDRESS         REF BY
           =====                   =======         ======
           cCmdDeactivateProgram   00102089 
               non_banked function
               stack 1 = 00000000 ( 00000018 )
    -------------------------------------------------------------------------
CODE
  Relative segment, address: 00102130 - 00102133 (0x4 bytes), align: 2
  Segment part 128.           Intra module refs:   cCmdDeactivateProgram
    -------------------------------------------------------------------------
CODE
  Relative segment, address: 00102134 - 00102137 (0x4 bytes), align: 2
  Segment part 129.           Intra module refs:   cCmdActivateProgram
                                                   cCmdDeactivateProgram
    -------------------------------------------------------------------------
CODE
  Relative segment, address: 00102138 - 0010213B (0x4 bytes), align: 2
  Segment part 130.           Intra module refs:   cCmdDeactivateProgram
    -------------------------------------------------------------------------
CODE
  Relative segment, address: 0010213C - 0010213F (0x4 bytes), align: 2
  Segment part 131.           Intra module refs:   cCmdDeactivateProgram
    -------------------------------------------------------------------------
CODE
  Relative segment, address: 00102140 - 00102143 (0x4 bytes), align: 2
  Segment part 132.           Intra module refs:   cCmdDeactivateProgram
    -------------------------------------------------------------------------
CODE
  Relative segment, address: 00102144 - 0010226F (0x12c bytes), align: 2
  Segment part 134.           Intra module refs:   cCmdCtrl
           ENTRY                   ADDRESS         REF BY
           =====                   =======         ======
           cCmdResetDevices        00102145 
               non_banked function
               stack 1 = 00000000 ( 0000000C )
    -------------------------------------------------------------------------
CODE
  Relative segment, address: 00102270 - 00102273 (0x4 bytes), align: 2
  Segment part 135.           Intra module refs:   cCmdActivateProgram
                                                   cCmdDeactivateProgram
                                                   cCmdResetDevices
    -------------------------------------------------------------------------
CODE
  Relative segment, address: 00102274 - 001022B5 (0x42 bytes), align: 2
  Segment part 137.           Intra module refs:   cCmdAcquireMutex
                                                   cCmdActivateProgram
                                                   cCmdCheckRestQ
                                                   cCmdInterpShortSubCall
                                                   cCmdInterpUnop1
                                                   cCmdInterpUnop2
                                                   cCmdReleaseMutex
                                                   cCmdSchedDependent
                                                   cCmdSchedDependents
                                                   cCmdSleepClump
           ENTRY                   ADDRESS         REF BY
           =====                   =======         ======
           cCmdEnQClump            00102275 
               non_banked function
               stack 1 = 00000000 ( 0000000C )
    -------------------------------------------------------------------------
CODE
  Relative segment, address: 001022B8 - 001022BB (0x4 bytes), align: 2
  Segment part 138.           Intra module refs:   cCmdActivateProgram
                                                   cCmdDeactivateProgram
                                                   cCmdEnQClump
    -------------------------------------------------------------------------
CODE
  Relative segment, address: 001022BC - 00102337 (0x7c bytes), align: 2
  Segment part 140.           Intra module refs:   cCmdAcquireMutex
                                                   cCmdCheckRestQ
                                                   cCmdInterpShortSubCall
                                                   cCmdInterpUnop1
                                                   cCmdInterpUnop2
                                                   cCmdReleaseMutex
                                                   cCmdSleepClump
           ENTRY                   ADDRESS         REF BY
           =====                   =======         ======
           cCmdDeQClump            001022BD 
               non_banked function
               stack 1 = 00000000 ( 0000001C )
    -------------------------------------------------------------------------
CODE
  Relative segment, address: 00102338 - 0010233D (0x6 bytes), align: 2
  Segment part 141.           Intra module refs:   cCmdCtrl
                                                   cCmdDeQClump
           LOCAL                   ADDRESS         
           =====                   =======         
           ?Subroutine176          00102339 
    -------------------------------------------------------------------------
CODE
  Relative segment, address: 00102340 - 00102375 (0x36 bytes), align: 2
  Segment part 143.           Intra module refs:   cCmdCtrl
           ENTRY                   ADDRESS         REF BY
           =====                   =======         ======
           cCmdRotateQ             00102341 
               non_banked function
               stack 1 = 00000000 ( 00000010 )
    -------------------------------------------------------------------------
CODE
  Relative segment, address: 00102378 - 0010237B (0x4 bytes), align: 2
  Segment part 144.           Intra module refs:   cCmdDeQClump
                                                   cCmdDeactivateProgram
                                                   cCmdEnQClump
                                                   cCmdRotateQ
    -------------------------------------------------------------------------
CODE
  Relative segment, address: 0010237C - 001023AB (0x30 bytes), align: 2
  Segment part 150.           Intra module refs:   cCmdInterpShortAcquire
                                                   cCmdInterpUnop1
           ENTRY                   ADDRESS         REF BY
           =====                   =======         ======
           cCmdAcquireMutex        0010237D 
               non_banked function
               stack 1 = 00000000 ( 0000000C )
    -------------------------------------------------------------------------
CODE
  Relative segment, address: 001023AC - 001023CD (0x22 bytes), align: 2
  Segment part 152.           Intra module refs:   cCmdInterpShortRelease
                                                   cCmdInterpUnop1
           ENTRY                   ADDRESS         REF BY
           =====                   =======         ======
           cCmdReleaseMutex        001023AD 
               non_banked function
               stack 1 = 00000000 ( 00000008 )
    -------------------------------------------------------------------------
CODE
  Relative segment, address: 001023D0 - 001023FD (0x2e bytes), align: 2
  Segment part 154.           Intra module refs:   cCmdInterpUnop2
           ENTRY                   ADDRESS         REF BY
           =====                   =======         ======
           cCmdSleepClump          001023D1 
               non_banked function
               stack 1 = 00000000 ( 00000014 )
    -------------------------------------------------------------------------
CODE
  Relative segment, address: 00102400 - 00102443 (0x44 bytes), align: 2
  Segment part 156.           Intra module refs:   cCmdCtrl
           ENTRY                   ADDRESS         REF BY
           =====                   =======         ======
           cCmdCheckRestQ          00102401 
               non_banked function
               stack 1 = 00000000 ( 00000018 )
    -------------------------------------------------------------------------
CODE
  Relative segment, address: 00102444 - 00102447 (0x4 bytes), align: 2
  Segment part 157.           Intra module refs:   cCmdCheckRestQ
                                                   cCmdSleepClump
    -------------------------------------------------------------------------
CODE
  Relative segment, address: 00102448 - 0010249B (0x54 bytes), align: 2
  Segment part 159.           Intra module refs:   cCmdInterpUnop2
           ENTRY                   ADDRESS         REF BY
           =====                   =======         ======
           cCmdSchedDependents     00102449 
               non_banked function
               stack 1 = 00000000 ( 00000018 )
    -------------------------------------------------------------------------
CODE
  Relative segment, address: 0010249C - 0010249F (0x4 bytes), align: 2
  Segment part 160.           Intra module refs:   cCmdCheckRestQ
                                                   cCmdDeQClump
                                                   cCmdEnQClump
                                                   cCmdRotateQ
                                                   cCmdSchedDependents
                                                   cCmdSleepClump
    -------------------------------------------------------------------------
CODE
  Relative segment, address: 001024A0 - 001024C3 (0x24 bytes), align: 2
  Segment part 162.           Intra module refs:   cCmdInterpUnop1
           ENTRY                   ADDRESS         REF BY
           =====                   =======         ======
           cCmdSchedDependent      001024A1 
               non_banked function
               stack 1 = 00000000 ( 00000004 )
    -------------------------------------------------------------------------
CODE
  Relative segment, address: 001024C4 - 001024C7 (0x4 bytes), align: 2
  Segment part 163.           Intra module refs:   cCmdSchedDependent
    -------------------------------------------------------------------------
CODE
  Relative segment, address: 001024C8 - 001024CB (0x4 bytes), align: 2
  Segment part 164.           Intra module refs:   cCmdAcquireMutex
                                                   cCmdCheckRestQ
                                                   cCmdReleaseMutex
                                                   cCmdSchedDependent
                                                   cCmdSchedDependents
                                                   cCmdSleepClump
    -------------------------------------------------------------------------
CODE
  Relative segment, address: 001024CC - 001024DF (0x14 bytes), align: 2
  Segment part 166.           Intra module refs:   cCmdCtrl
                                                   cCmdInterpFromClump
           ENTRY                   ADDRESS         REF BY
           =====                   =======         ======
           cCmdIsClumpIDSane       001024CD 
               non_banked function
    -------------------------------------------------------------------------
CODE
  Relative segment, address: 001024E0 - 001024E3 (0x4 bytes), align: 2
  Segment part 167.           Intra module refs:   cCmdAcquireMutex
                                                   cCmdCheckRestQ
                                                   cCmdDeQClump
                                                   cCmdIsClumpIDSane
                                                   cCmdReleaseMutex
                                                   cCmdRotateQ
                                                   cCmdSchedDependent
                                                   cCmdSchedDependents
                                                   cCmdSleepClump
    -------------------------------------------------------------------------
CODE
  Relative segment, address: 001024E4 - 0010250F (0x2c bytes), align: 2
  Segment part 169.           Intra module refs:   cCmdActivateProgram
                                                   cCmdInit
           ENTRY                   ADDRESS         REF BY
           =====                   =======         ======
           cCmdInitPool            001024E5 
               non_banked function
               stack 1 = 00000000 ( 00000004 )
    -------------------------------------------------------------------------
CODE
  Relative segment, address: 00102510 - 00102513 (0x4 bytes), align: 2
  Segment part 170.           Intra module refs:   cCmdInitPool
    -------------------------------------------------------------------------
CODE
  Relative segment, address: 00102514 - 001025D1 (0xbe bytes), align: 2
  Segment part 172.           Intra module refs:   cCmdInterpBinop
                                                   cCmdInterpOther
                                                   cCmdInterpPolyBinop
                                                   cCmdInterpPolyUnop2
                                                   cCmdInterpUnop2
                                                   cCmdMove
           ENTRY                   ADDRESS         REF BY
           =====                   =======         ======
           cCmdDSArrayAlloc        00102515 
               non_banked function
               stack 1 = 00000000 ( 00000020 )
    -------------------------------------------------------------------------
CODE
  Relative segment, address: 001025D4 - 001026C5 (0xf2 bytes), align: 2
  Segment part 174.           Intra module refs:   ?Subroutine172
                                                   ResizeCalibCache
                                                   cCmdDSArrayAlloc
                                                   cCmdDatalogWrite
                                                   cCmdMessageWrite
                                                   cCmdWrapColorSensorRead
                                                   cCmdWrapFileRead
                                                   cCmdWrapIOMapRead
                                                   cCmdWrapListFiles
                                                   cCmdWrapMessageRead
           ENTRY                   ADDRESS         REF BY
           =====                   =======         ======
           cCmdDVArrayAlloc        001025D5 
               non_banked function
               stack 1 = 00000000 ( 00000020 )
    -------------------------------------------------------------------------
CODE
  Relative segment, address: 001026C8 - 001026CB (0x4 bytes), align: 2
  Segment part 175.           Intra module refs:   cCmdDVArrayAlloc
    -------------------------------------------------------------------------
CODE
  Relative segment, address: 001026CC - 001026CF (0x4 bytes), align: 2
  Segment part 176.           Intra module refs:   cCmdDVArrayAlloc
    -------------------------------------------------------------------------
CODE
  Relative segment, address: 001026D0 - 0010275B (0x8c bytes), align: 2
  Segment part 178.           Intra module refs:   cCmdDSArrayAlloc
           ENTRY                   ADDRESS         REF BY
           =====                   =======         ======
           cCmdAllocSubArrayDopeVectors
                                   001026D1 
               non_banked function
               stack 1 = 00000000 ( 00000028 )
    -------------------------------------------------------------------------
CODE
  Relative segment, address: 0010275C - 00102809 (0xae bytes), align: 2
  Segment part 180.           Intra module refs:   cCmdDSArrayAlloc
           ENTRY                   ADDRESS         REF BY
           =====                   =======         ======
           cCmdFreeSubArrayDopeVectors
                                   0010275D 
               non_banked function
               stack 1 = 00000000 ( 00000024 )
    -------------------------------------------------------------------------
CODE
  Relative segment, address: 0010280C - 0010280F (0x4 bytes), align: 2
  Segment part 181.           Intra module refs:   cCmdAllocSubArrayDopeVectors
                                                   cCmdDSArrayAlloc
                                                   cCmdFreeSubArrayDopeVectors
    -------------------------------------------------------------------------
CODE
  Relative segment, address: 00102810 - 00102813 (0x4 bytes), align: 2
  Segment part 182.           Intra module refs:   cCmdAllocSubArrayDopeVectors
                                                   cCmdDSArrayAlloc
                                                   cCmdDVArrayAlloc
                                                   cCmdFreeSubArrayDopeVectors
    -------------------------------------------------------------------------
CODE
  Relative segment, address: 00102814 - 00102883 (0x70 bytes), align: 2
  Segment part 184.           Intra module refs:   ResizeCalibCache
                                                   cCmdAllocSubArrayDopeVectors
                                                   cCmdDatalogWrite
                                                   cCmdMessageWrite
                                                   cCmdWrapListFiles
           ENTRY                   ADDRESS         REF BY
           =====                   =======         ======
           cCmdAllocDopeVector     00102815 
               non_banked function
               stack 1 = 00000000 ( 00000014 )
    -------------------------------------------------------------------------
CODE
  Relative segment, address: 00102884 - 001028EB (0x68 bytes), align: 2
  Segment part 186.           Intra module refs:   cCmdDatalogRead
                                                   cCmdDatalogWrite
                                                   cCmdFreeSubArrayDopeVectors
                                                   cCmdMessageRead
                                                   cCmdMessageWrite
           ENTRY                   ADDRESS         REF BY
           =====                   =======         ======
           cCmdFreeDopeVector      00102885 
               non_banked function
               stack 1 = 00000000 ( 00000014 )
    -------------------------------------------------------------------------
CODE
  Relative segment, address: 001028EC - 001028EF (0x4 bytes), align: 2
  Segment part 187.           Intra module refs:   cCmdAllocDopeVector
                                                   cCmdDVArrayAlloc
                                                   cCmdFreeDopeVector
    -------------------------------------------------------------------------
CODE
  Relative segment, address: 001028F0 - 001029CF (0xe0 bytes), align: 2
  Segment part 189.           Intra module refs:   cCmdActivateProgram
                                                   cCmdAllocDopeVector
           ENTRY                   ADDRESS         REF BY
           =====                   =======         ======
           cCmdGrowDopeVectorArray
                                   001028F1 
               non_banked function
               stack 1 = 00000000 ( 00000018 )
    -------------------------------------------------------------------------
CODE
  Relative segment, address: 001029D0 - 001029D3 (0x4 bytes), align: 2
  Segment part 190.           Intra module refs:   cCmdGrowDopeVectorArray
    -------------------------------------------------------------------------
CODE
  Relative segment, address: 001029D4 - 001029D7 (0x4 bytes), align: 2
  Segment part 191.           Intra module refs:   cCmdGrowDopeVectorArray
    -------------------------------------------------------------------------
CODE
  Relative segment, address: 001029D8 - 001029DB (0x4 bytes), align: 2
  Segment part 192.           Intra module refs:   cCmdGrowDopeVectorArray
    -------------------------------------------------------------------------
CODE
  Relative segment, address: 001029DC - 00102A63 (0x88 bytes), align: 2
  Segment part 194.           Intra module refs:   cCmdAllocSubArrayDopeVectors
           ENTRY                   ADDRESS         REF BY
           =====                   =======         ======
           cCmdCalcArrayElemSize   001029DD 
               non_banked function
               stack 1 = 00000000 ( 00000018 )
    -------------------------------------------------------------------------
CODE
  Relative segment, address: 00102A64 - 00102A67 (0x4 bytes), align: 2
  Segment part 195.           Intra module refs:   cCmdCalcArrayElemSize
    -------------------------------------------------------------------------
CODE
  Relative segment, address: 00102A68 - 00102A6B (0x4 bytes), align: 2
  Segment part 196.           Intra module refs:   cCmdCalcArrayElemSize
    -------------------------------------------------------------------------
CODE
  Relative segment, address: 00102A6C - 00102AE7 (0x7c bytes), align: 2
  Segment part 198.           Intra module refs:   cCmdDVArrayAlloc
                                                   cCmdGrowDopeVectorArray
           ENTRY                   ADDRESS         REF BY
           =====                   =======         ======
           cCmdMemMgrMoveToTail    00102A6D 
               non_banked function
               stack 1 = 00000000 ( 0000001C )
    -------------------------------------------------------------------------
CODE
  Relative segment, address: 00102AE8 - 00102AEB (0x4 bytes), align: 2
  Segment part 199.           Intra module refs:   cCmdFreeDopeVector
                                                   cCmdMemMgrMoveToTail
    -------------------------------------------------------------------------
CODE
  Relative segment, address: 00102AEC - 00102B1B (0x30 bytes), align: 2
  Segment part 201.           Intra module refs:   cCmdAllocDopeVector
           ENTRY                   ADDRESS         REF BY
           =====                   =======         ======
           cCmdMemMgrInsertAtTail
                                   00102AED 
               non_banked function
               stack 1 = 00000000 ( 00000004 )
    -------------------------------------------------------------------------
CODE
  Relative segment, address: 00102B1C - 00102B1F (0x4 bytes), align: 2
  Segment part 202.           Intra module refs:   cCmdAllocDopeVector
                                                   cCmdCalcArrayElemSize
                                                   cCmdFreeDopeVector
                                                   cCmdMemMgrInsertAtTail
                                                   cCmdMemMgrMoveToTail
    -------------------------------------------------------------------------
CODE
  Relative segment, address: 00102B20 - 00102BC3 (0xa4 bytes), align: 2
  Segment part 204.           Intra module refs:   cCmdActivateProgram
           ENTRY                   ADDRESS         REF BY
           =====                   =======         ======
           cCmdVerifyMemMgr        00102B21 
               non_banked function
               stack 1 = 00000000 ( 0000001C )
    -------------------------------------------------------------------------
CODE
  Relative segment, address: 00102BC4 - 00102BC9 (0x6 bytes), align: 2
  Segment part 205.           Intra module refs:   cCmdBinopFlt
                                                   cCmdColorSensorRead
                                                   cCmdDatalogWrite
                                                   cCmdLSWrite
                                                   cCmdMemMgrMoveToTail
                                                   cCmdMessageWrite
                                                   cCmdMove
                                                   cCmdVerifyMemMgr
                                                   cCmdWrapMessageRead
           LOCAL                   ADDRESS         
           =====                   =======         
           ?Subroutine183          00102BC5 
    -------------------------------------------------------------------------
CODE
  Relative segment, address: 00102BCC - 00102BCF (0x4 bytes), align: 2
  Segment part 206.           Intra module refs:   cCmdVerifyMemMgr
    -------------------------------------------------------------------------
CODE
  Relative segment, address: 00102BD0 - 00102BD3 (0x4 bytes), align: 2
  Segment part 207.           Intra module refs:   cCmdGrowDopeVectorArray
                                                   cCmdMemMgrInsertAtTail
                                                   cCmdMemMgrMoveToTail
                                                   cCmdVerifyMemMgr
    -------------------------------------------------------------------------
CODE
  Relative segment, address: 00102BD4 - 00102CB7 (0xe4 bytes), align: 2
  Segment part 209.           Intra module refs:   cCmdHandleRemoteCommands
                                                   cCmdInterpFromClump
           ENTRY                   ADDRESS         REF BY
           =====                   =======         ======
           cCmdDSCompact           00102BD5 
               non_banked function
               stack 1 = 00000000 ( 00000018 )
    -------------------------------------------------------------------------
CODE
  Relative segment, address: 00102CB8 - 00102CBF (0x8 bytes), align: 2
  Segment part 210.           Intra module refs:   cCmdCheckRestQ
                                                   cCmdCompareAggregates
                                                   cCmdCompareDSType
                                                   cCmdDSCompact
                                                   cCmdGrowDopeVectorArray
                                                   cCmdInterpUnop1
                                                   cCmdSchedDependents
                                                   cCmdWrapColorSensorRead
                                                   cCmdWrapCommBTConnection
           LOCAL                   ADDRESS         
           =====                   =======         
           ?Subroutine179          00102CB9 
    -------------------------------------------------------------------------
CODE
  Relative segment, address: 00102CC0 - 00102CC3 (0x4 bytes), align: 2
  Segment part 211.           Intra module refs:   cCmdDSCompact
    -------------------------------------------------------------------------
CODE
  Relative segment, address: 00102CC4 - 00102CC7 (0x4 bytes), align: 2
  Segment part 212.           Intra module refs:   cCmdDSCompact
    -------------------------------------------------------------------------
CODE
  Relative segment, address: 00102CC8 - 00102CCB (0x4 bytes), align: 2
  Segment part 213.           Intra module refs:   cCmdDSCompact
    -------------------------------------------------------------------------
CODE
  Relative segment, address: 00102CCC - 00102D99 (0xce bytes), align: 2
  Segment part 215.           Intra module refs:   cCmdHandleRemoteCommands
                                                   cCmdWrapMessageWrite
           ENTRY                   ADDRESS         REF BY
           =====                   =======         ======
           cCmdMessageWrite        00102CCD 
               non_banked function
               stack 1 = 00000000 ( 0000001C )
    -------------------------------------------------------------------------
CODE
  Relative segment, address: 00102D9C - 00102D9F (0x4 bytes), align: 2
  Segment part 216.           Intra module refs:   cCmdMemMgrInsertAtTail
                                                   cCmdMessageWrite
    -------------------------------------------------------------------------
CODE
  Relative segment, address: 00102DA0 - 00102E03 (0x64 bytes), align: 2
  Segment part 218.           Intra module refs:   cCmdHandleRemoteCommands
                                                   cCmdWrapMessageRead
           ENTRY                   ADDRESS         REF BY
           =====                   =======         ======
           cCmdMessageGetSize      00102DA1 
               non_banked function
               stack 1 = 00000000 ( 00000008 )
    -------------------------------------------------------------------------
CODE
  Relative segment, address: 00102E04 - 00102E07 (0x4 bytes), align: 2
  Segment part 219.           Intra module refs:   cCmdMessageGetSize
                                                   cCmdMessageWrite
                                                   cCmdVerifyMemMgr
    -------------------------------------------------------------------------
CODE
  Relative segment, address: 00102E08 - 00102EBD (0xb6 bytes), align: 2
  Segment part 221.           Intra module refs:   cCmdHandleRemoteCommands
                                                   cCmdWrapMessageRead
           ENTRY                   ADDRESS         REF BY
           =====                   =======         ======
           cCmdMessageRead         00102E09 
               non_banked function
               stack 1 = 00000000 ( 00000024 )
    -------------------------------------------------------------------------
CODE
  Relative segment, address: 00102EC0 - 00102EC3 (0x4 bytes), align: 2
  Segment part 222.           Intra module refs:   cCmdMessageGetSize
                                                   cCmdMessageRead
                                                   cCmdMessageWrite
    -------------------------------------------------------------------------
CODE
  Relative segment, address: 00102EC4 - 00102EC7 (0x4 bytes), align: 2
  Segment part 223.           Intra module refs:   cCmdMessageGetSize
                                                   cCmdMessageRead
                                                   cCmdMessageWrite
[...]
CODE
  Relative segment, address: 0011AB3C - 0011AB3F (0x4 bytes), align: 2
  Segment part 23.
           ENTRY                   ADDRESS         REF BY
           =====                   =======         ======
           __doubleToFloat::??rT   0011AB3D 
    -------------------------------------------------------------------------
CODE
  Relative segment, address: 0011AB40 - 0011AB8F (0x50 bytes), align: 2
  Segment part 24.            Intra module refs:   __doubleToFloat::??rT
           ENTRY                   ADDRESS         REF BY
           =====                   =======         ======
           __doubleToFloat         0011AB40        _GetfloatDefault (?xscanffull)
                                                   cCmdGetFloat (c_cmd)
                                                   cCmdUnop2Flt (c_cmd)
    -------------------------------------------------------------------------
CODE
  Relative segment, address: 0011AB90 - 0011AB93 (0x4 bytes), align: 2
  Segment part 25.
           ENTRY                   ADDRESS         REF BY
           =====                   =======         ======
           __floatToDouble::??rT   0011AB91 
    -------------------------------------------------------------------------
CODE
  Relative segment, address: 0011AB94 - 0011ABF3 (0x60 bytes), align: 2
  Segment part 26.            Intra module refs:   __floatToDouble::??rT
           ENTRY                   ADDRESS         REF BY
           =====                   =======         ======
           __floatToDouble         0011AB94        cCmdGetFloat (c_cmd)
                                                   cCmdInterpUnop2 (c_cmd)
                                                   cCmdUnop2Flt (c_cmd)
                                                   cUiPrintSensorInDisplayBuffer (c_ui)
                                                   cUiUpdateSensor (c_ui)
                                                   cUiUpdateStatus (c_ui)
    -------------------------------------------------------------------------
CODE
  Relative segment, address: 0011ABF4 - 0011ABF7 (0x4 bytes), align: 2
  Segment part 27.
           ENTRY                   ADDRESS         REF BY
           =====                   =======         ======
           __dEqual::??rT          0011ABF5 
    -------------------------------------------------------------------------
CODE
  Relative segment, address: 0011ABF8 - 0011AC37 (0x40 bytes), align: 2
  Segment part 28.            Intra module refs:   __dEqual::??rT
           ENTRY                   ADDRESS         REF BY
           =====                   =======         ======
           __dEqual                0011ABF8        _Dtento (?xdtento)
    -------------------------------------------------------------------------
CODE
  Relative segment, address: 0011AC38 - 0011AC73 (0x3c bytes), align: 2
  Segment part 33.            Intra module refs:   __dGreaterEqual
                                                   __dLess
    -------------------------------------------------------------------------
CODE
  Relative segment, address: 0011AC74 - 0011AC77 (0x4 bytes), align: 2
  Segment part 34.
           ENTRY                   ADDRESS         REF BY
           =====                   =======         ======
           __dLess::??rT           0011AC75 
    -------------------------------------------------------------------------
CODE
  Relative segment, address: 0011AC78 - 0011ACBF (0x48 bytes), align: 2
  Segment part 35.            Intra module refs:   __dGreaterEqual
                                                   __dLess::??rT
           ENTRY                   ADDRESS         REF BY
           =====                   =======         ======
           __dLess                 0011AC78        _LdtobDefault (?xprintffull)
    -------------------------------------------------------------------------
CODE
  Relative segment, address: 0011ACC0 - 0011ACC3 (0x4 bytes), align: 2
  Segment part 36.
           ENTRY                   ADDRESS         REF BY
           =====                   =======         ======
           __dGreaterEqual::??rT   0011ACC1 
    -------------------------------------------------------------------------
CODE
  Relative segment, address: 0011ACC4 - 0011ACDB (0x18 bytes), align: 2
  Segment part 37.            Intra module refs:   __dGreaterEqual::??rT
           ENTRY                   ADDRESS         REF BY
           =====                   =======         ======
           __dGreaterEqual         0011ACC4        _LdtobDefault (?xprintffull)

    -------------------------------------------------------------------------
  LIBRARY MODULE, NAME : ?floatSoftLib

  SEGMENTS IN THE MODULE
  ======================
CODE
  Relative segment, address: 0011ACDC - 0011ACFF (0x24 bytes), align: 2
  Segment part 0.             Intra module refs:   __fAdd
                                                   __fDiv
                                                   __fMul
    -------------------------------------------------------------------------
CODE
  Relative segment, address: 0011AD00 - 0011AE9F (0x1a0 bytes), align: 2
  Segment part 1.             Intra module refs:   Segment part 5
                                                   Segment part 6
                                                   __fAdd
                                                   __fDiv
                                                   __fMul
                                                   __longToFloat
                                                   __ulongToFloat
           ENTRY                   ADDRESS         REF BY
           =====                   =======         ======
           ?fDeNormalize           0011AD9C        __doubleToFloat (?doubleSoftLIb)
    -------------------------------------------------------------------------
CODE
  Relative segment, address: 0011AEA0 - 0011AEC7 (0x28 bytes), align: 2
  Segment part 5.             Intra module refs:   ?fDeNormalize
                                                   __fAdd
                                                   __floatToLong
                                                   __floatToUlong
           ENTRY                   ADDRESS         REF BY
           =====                   =======         ======
           ?raiseInexact           0011AEA0        __dAdd (?doubleSoftLIb)
                                                   __doubleToLong (?doubleSoftLIb)
                                                   __doubleToUlong (?doubleSoftLIb)
           ?raiseInvalid           0011AEB4        __doubleToLong (?doubleSoftLIb)
                                                   __doubleToUlong (?doubleSoftLIb)
    -------------------------------------------------------------------------
CODE
  Relative segment, address: 0011AEC8 - 0011AEEF (0x28 bytes), align: 2
  Segment part 6.             Intra module refs:   __fGreaterEqual
                                                   __fLess
    -------------------------------------------------------------------------
CODE
  Relative segment, address: 0011AEF0 - 0011AEF3 (0x4 bytes), align: 2
  Segment part 7.
           ENTRY                   ADDRESS         REF BY
           =====                   =======         ======
           __fSub::??rT            0011AEF1 
    -------------------------------------------------------------------------
CODE
  Relative segment, address: 0011AEF4 - 0011AEFB (0x8 bytes), align: 2
  Segment part 8.             Intra module refs:   __fSub::??rT
           ENTRY                   ADDRESS         REF BY
           =====                   =======         ======
           __fSub                  0011AEF4        cCmdBinopFlt (c_cmd)
    -------------------------------------------------------------------------
CODE
  Relative segment, address: 0011AEFC - 0011AEFF (0x4 bytes), align: 2
  Segment part 9.
           ENTRY                   ADDRESS         REF BY
           =====                   =======         ======
           __fAdd::??rT            0011AEFD 
    -------------------------------------------------------------------------
CODE
  Relative segment, address: 0011AF00 - 0011B00B (0x10c bytes), align: 2
  Segment part 10.            Intra module refs:   __fSub
           ENTRY                   ADDRESS         REF BY
           =====                   =======         ======
           __fAdd                  0011AF00        cCmdBinopFlt (c_cmd)
    -------------------------------------------------------------------------
CODE
  Relative segment, address: 0011B00C - 0011B00F (0x4 bytes), align: 2
  Segment part 11.
           ENTRY                   ADDRESS         REF BY
           =====                   =======         ======
           __fMul::??rT            0011B00D 
    -------------------------------------------------------------------------
CODE
  Relative segment, address: 0011B010 - 0011B0AF (0xa0 bytes), align: 2
  Segment part 12.            Intra module refs:   __fMul::??rT
           ENTRY                   ADDRESS         REF BY
           =====                   =======         ======
           __fMul                  0011B010        cCmdBinopFlt (c_cmd)
    -------------------------------------------------------------------------
CODE
  Relative segment, address: 0011B0B0 - 0011B0B3 (0x4 bytes), align: 2
  Segment part 13.
           ENTRY                   ADDRESS         REF BY
           =====                   =======         ======
           __fDiv::??rT            0011B0B1 
    -------------------------------------------------------------------------
CODE
  Relative segment, address: 0011B0B4 - 0011B18F (0xdc bytes), align: 2
  Segment part 14.            Intra module refs:   __fDiv::??rT
           ENTRY                   ADDRESS         REF BY
           =====                   =======         ======
           __fDiv                  0011B0B4        cCmdBinopFlt (c_cmd)
                                                   cUiPrintSensorInDisplayBuffer (c_ui)
    -------------------------------------------------------------------------
CODE
  Relative segment, address: 0011B190 - 0011B193 (0x4 bytes), align: 2
  Segment part 15.
           ENTRY                   ADDRESS         REF BY
           =====                   =======         ======
           __ulongToFloat::??rT    0011B191 
    -------------------------------------------------------------------------
CODE
  Relative segment, address: 0011B194 - 0011B1AF (0x1c bytes), align: 2
  Segment part 16.            Intra module refs:   __ulongToFloat::??rT
           ENTRY                   ADDRESS         REF BY
           =====                   =======         ======
           __ulongToFloat          0011B194        cCmdBinopFlt (c_cmd)
                                                   cCmdGetValFlt (c_cmd)
                                                   cCmdInterpOther (c_cmd)
                                                   cCmdUnop2Flt (c_cmd)
                                                   cUiUpdateStatus (c_ui)
    -------------------------------------------------------------------------
CODE
  Relative segment, address: 0011B1B0 - 0011B1B3 (0x4 bytes), align: 2
  Segment part 17.
           ENTRY                   ADDRESS         REF BY
           =====                   =======         ======
           __longToFloat::??rT     0011B1B1 
    -------------------------------------------------------------------------
CODE
  Relative segment, address: 0011B1B4 - 0011B1CF (0x1c bytes), align: 2
  Segment part 18.            Intra module refs:   __longToFloat::??rT
           ENTRY                   ADDRESS         REF BY
           =====                   =======         ======
           __longToFloat           0011B1B4        cCmdBinopFlt (c_cmd)
                                                   cCmdGetValFlt (c_cmd)
                                                   cUiPrintSensorInDisplayBuffer (c_ui)
                                                   cUiUpdateSensor (c_ui)
    -------------------------------------------------------------------------
CODE
  Relative segment, address: 0011B1D0 - 0011B1D3 (0x4 bytes), align: 2
  Segment part 19.
           ENTRY                   ADDRESS         REF BY
           =====                   =======         ======
           __floatToUlong::??rT    0011B1D1 
    -------------------------------------------------------------------------
CODE
  Relative segment, address: 0011B1D4 - 0011B263 (0x90 bytes), align: 2
  Segment part 20.            Intra module refs:   __floatToUlong::??rT
           ENTRY                   ADDRESS         REF BY
           =====                   =======         ======
           __floatToUlong          0011B1D4        cCmdGetFloat (c_cmd)
                                                   cCmdSetValFlt (c_cmd)
    -------------------------------------------------------------------------
CODE
  Relative segment, address: 0011B264 - 0011B267 (0x4 bytes), align: 2
  Segment part 21.
           ENTRY                   ADDRESS         REF BY
           =====                   =======         ======
           __floatToLong::??rT     0011B265 
    -------------------------------------------------------------------------
CODE
  Relative segment, address: 0011B268 - 0011B2EB (0x84 bytes), align: 2
  Segment part 22.            Intra module refs:   __floatToLong::??rT
           ENTRY                   ADDRESS         REF BY
           =====                   =======         ======
           __floatToLong           0011B268        cCmdBinopFlt (c_cmd)
                                                   cCmdSetValFlt (c_cmd)
                                                   cUiPrintSensorInDisplayBuffer (c_ui)
    -------------------------------------------------------------------------
CODE
  Relative segment, address: 0011B2EC - 0011B2EF (0x4 bytes), align: 2
  Segment part 23.
           ENTRY                   ADDRESS         REF BY
           =====                   =======         ======
           __fEqual::??rT          0011B2ED 
    -------------------------------------------------------------------------
CODE
  Relative segment, address: 0011B2F0 - 0011B31F (0x30 bytes), align: 2
  Segment part 24.            Intra module refs:   __fEqual::??rT
                                                   __fNotEqual
           ENTRY                   ADDRESS         REF BY
           =====                   =======         ======
           __fEqual                0011B2F0        cCmdBinopFlt (c_cmd)
                                                   cCmdCompareFlt (c_cmd)
    -------------------------------------------------------------------------
CODE
  Relative segment, address: 0011B320 - 0011B323 (0x4 bytes), align: 2
  Segment part 25.
           ENTRY                   ADDRESS         REF BY
           =====                   =======         ======
           __fNotEqual::??rT       0011B321 
    -------------------------------------------------------------------------
CODE
  Relative segment, address: 0011B324 - 0011B337 (0x14 bytes), align: 2
  Segment part 26.            Intra module refs:   __fNotEqual::??rT
           ENTRY                   ADDRESS         REF BY
           =====                   =======         ======
           __fNotEqual             0011B324        cCmdCompareFlt (c_cmd)
                                                   cCmdUnop2Flt (c_cmd)
    -------------------------------------------------------------------------
CODE
  Relative segment, address: 0011B338 - 0011B33B (0x4 bytes), align: 2
  Segment part 29.
           ENTRY                   ADDRESS         REF BY
           =====                   =======         ======
           __fLess::??rT           0011B339 
    -------------------------------------------------------------------------
CODE
  Relative segment, address: 0011B33C - 0011B383 (0x48 bytes), align: 2
  Segment part 30.            Intra module refs:   __fGreaterEqual
                                                   __fLess::??rT
           ENTRY                   ADDRESS         REF BY
           =====                   =======         ======
           __fLess                 0011B33C        cCmdCompareFlt (c_cmd)
                                                   fabsf (?fabsf)
    -------------------------------------------------------------------------
CODE
  Relative segment, address: 0011B384 - 0011B387 (0x4 bytes), align: 2
  Segment part 31.
           ENTRY                   ADDRESS         REF BY
           =====                   =======         ======
           __fGreaterEqual::??rT   0011B385 
    -------------------------------------------------------------------------
CODE
  Relative segment, address: 0011B388 - 0011B39B (0x14 bytes), align: 2
  Segment part 32.            Intra module refs:   __fGreaterEqual::??rT
           ENTRY                   ADDRESS         REF BY
           =====                   =======         ======
           __fGreaterEqual         0011B388        cCmdCompareFlt (c_cmd)
                                                   cCmdGetFloat (c_cmd)

    -------------------------------------------------------------------------
  LIBRARY MODULE, NAME : ?__FloatingPointFlags

  SEGMENTS IN THE MODULE
  ======================
DATA_Z
  Relative segment, address: 0000BA80 - 0000BA83 (0x4 bytes), align: 2
  Segment part 0.
           ENTRY                   ADDRESS         REF BY
           =====                   =======         ======
           __FloatingPointFlags    0000BA80        ?fDeNormalize (?floatSoftLib)
                                                   Segment part 4 (?doubleSoftLIb)




                ****************************************
                *                                      *
                *      SEGMENTS IN ADDRESS ORDER       *
                *                                      *
                ****************************************


SEGMENT              SPACE    START ADDRESS   END ADDRESS     SIZE  TYPE  ALIGN
=======              =====    =============   ===========     ====  ====  =====
DATA_I                             00000100 - 000007CF         6D0   rel    2
DATA_Z                             000007D0 - 0000BA8A        B2BB   rel    2
CODE_I                             0000BA8C - 0000C667         BDC   rel    2
INTRAMEND_REMAP                         00010000                     rel    2
ICODE                              00100000 - 00100253         254   rel    2
CODE                               00100254 - 0011B39B       1B148   rel    2
INITTAB                            0011B39C - 0011B3BF          24   rel    2
DATA_ID                            0011B3C0 - 0011BA8F         6D0   rel    2
DATA_C                             0011BA90 - 00122804        6D75   rel    2
CODE_ID                            00122808 - 001233E3         BDC   rel    2
INTRAMSTART                             00200000                     rel    2
INTRAMEND_BEFORE_REMAP
                                        00210000                     rel    2

                ****************************************
                *                                      *
                *        END OF CROSS REFERENCE        *
                *                                      *
                ****************************************

 111 516 bytes of CODE  memory
  50 535 bytes of DATA  memory
  32 837 bytes of CONST memory

Errors: none
Warnings: none

